Component: ARM Compiler 5.06 update 6 (build 750) Tool: armlink [4d35ed]

==============================================================================

Section Cross References

    startup_stm32f103xe.o(STACK) refers (Special) to heapauxi.o(.text) for __use_two_region_memory
    startup_stm32f103xe.o(HEAP) refers (Special) to heapauxi.o(.text) for __use_two_region_memory
    startup_stm32f103xe.o(RESET) refers (Special) to heapauxi.o(.text) for __use_two_region_memory
    startup_stm32f103xe.o(RESET) refers to startup_stm32f103xe.o(STACK) for __initial_sp
    startup_stm32f103xe.o(RESET) refers to startup_stm32f103xe.o(.text) for Reset_Handler
    startup_stm32f103xe.o(RESET) refers to stm32f1xx_it.o(i.NMI_Handler) for NMI_Handler
    startup_stm32f103xe.o(RESET) refers to stm32f1xx_it.o(i.HardFault_Handler) for HardFault_Handler
    startup_stm32f103xe.o(RESET) refers to stm32f1xx_it.o(i.MemManage_Handler) for MemManage_Handler
    startup_stm32f103xe.o(RESET) refers to stm32f1xx_it.o(i.BusFault_Handler) for BusFault_Handler
    startup_stm32f103xe.o(RESET) refers to stm32f1xx_it.o(i.UsageFault_Handler) for UsageFault_Handler
    startup_stm32f103xe.o(RESET) refers to stm32f1xx_it.o(i.SVC_Handler) for SVC_Handler
    startup_stm32f103xe.o(RESET) refers to stm32f1xx_it.o(i.DebugMon_Handler) for DebugMon_Handler
    startup_stm32f103xe.o(RESET) refers to stm32f1xx_it.o(i.PendSV_Handler) for PendSV_Handler
    startup_stm32f103xe.o(RESET) refers to stm32f1xx_it.o(i.SysTick_Handler) for SysTick_Handler
    startup_stm32f103xe.o(RESET) refers to stm32f1xx_it.o(i.DMA1_Channel4_IRQHandler) for DMA1_Channel4_IRQHandler
    startup_stm32f103xe.o(RESET) refers to stm32f1xx_it.o(i.DMA1_Channel5_IRQHandler) for DMA1_Channel5_IRQHandler
    startup_stm32f103xe.o(RESET) refers to stm32f1xx_it.o(i.I2C1_EV_IRQHandler) for I2C1_EV_IRQHandler
    startup_stm32f103xe.o(RESET) refers to stm32f1xx_it.o(i.I2C2_EV_IRQHandler) for I2C2_EV_IRQHandler
    startup_stm32f103xe.o(RESET) refers to stm32f1xx_it.o(i.USART1_IRQHandler) for USART1_IRQHandler
    startup_stm32f103xe.o(.text) refers (Special) to heapauxi.o(.text) for __use_two_region_memory
    startup_stm32f103xe.o(.text) refers to system_stm32f1xx.o(i.SystemInit) for SystemInit
    startup_stm32f103xe.o(.text) refers to __main.o(!!!main) for __main
    startup_stm32f103xe.o(.text) refers to startup_stm32f103xe.o(HEAP) for Heap_Mem
    startup_stm32f103xe.o(.text) refers to startup_stm32f103xe.o(STACK) for Stack_Mem
    main.o(i.SystemClock_Config) refers to rt_memclr_w.o(.text) for __aeabi_memclr4
    main.o(i.SystemClock_Config) refers to stm32f1xx_hal_rcc.o(i.HAL_RCC_OscConfig) for HAL_RCC_OscConfig
    main.o(i.SystemClock_Config) refers to stm32f1xx_hal_rcc.o(i.HAL_RCC_ClockConfig) for HAL_RCC_ClockConfig
    main.o(i.SystemClock_Config) refers to stm32f1xx_hal_rcc_ex.o(i.HAL_RCCEx_PeriphCLKConfig) for HAL_RCCEx_PeriphCLKConfig
    main.o(i.main) refers to stm32f1xx_hal.o(i.HAL_Init) for HAL_Init
    main.o(i.main) refers to main.o(i.SystemClock_Config) for SystemClock_Config
    main.o(i.main) refers to gpio.o(i.MX_GPIO_Init) for MX_GPIO_Init
    main.o(i.main) refers to tim.o(i.MX_TIM2_Init) for MX_TIM2_Init
    main.o(i.main) refers to i2c.o(i.MX_I2C1_Init) for MX_I2C1_Init
    main.o(i.main) refers to adc.o(i.MX_ADC1_Init) for MX_ADC1_Init
    main.o(i.main) refers to dma.o(i.MX_DMA_Init) for MX_DMA_Init
    main.o(i.main) refers to usart.o(i.MX_USART1_UART_Init) for MX_USART1_UART_Init
    main.o(i.main) refers to i2c.o(i.MX_I2C2_Init) for MX_I2C2_Init
    main.o(i.main) refers to dewsensor.o(i.DewSensor_Init) for DewSensor_Init
    main.o(i.main) refers to aht10.o(i.AHT10_Init) for AHT10_Init
    main.o(i.main) refers to pid.o(i.PidInit) for PidInit
    main.o(i.main) refers to waterpump.o(i.WaterPump_Init) for WaterPump_Init
    main.o(i.main) refers to filter.o(i.AverageFilterInit) for AverageFilterInit
    main.o(i.main) refers to dewsensor.o(i.DewSensor_GetData) for DewSensor_GetData
    main.o(i.main) refers to aht10.o(i.AHT10_Read_predata) for AHT10_Read_predata
    main.o(i.main) refers to pid.o(i.PidCalculate) for PidCalculate
    main.o(i.main) refers to ffixu.o(x$fpl$ffixu) for __aeabi_f2uiz
    main.o(i.main) refers to waterpump.o(i.WaterPump_Speed) for WaterPump_Speed
    main.o(i.main) refers to filter.o(i.AverageFilter) for AverageFilter
    main.o(i.main) refers to fflt_clz.o(x$fpl$ffltu) for __aeabi_ui2f
    main.o(i.main) refers to serialdebug.o(i.Serial_Debug) for Serial_Debug
    main.o(i.main) refers to stm32f1xx_hal.o(i.HAL_Delay) for HAL_Delay
    main.o(i.main) refers to main.o(.bss) for .bss
    main.o(i.main) refers to main.o(.data) for .data
    main.o(i.main) refers to usart.o(.bss) for huart1
    adc.o(i.HAL_ADC_MspDeInit) refers to stm32f1xx_hal_gpio.o(i.HAL_GPIO_DeInit) for HAL_GPIO_DeInit
    adc.o(i.HAL_ADC_MspInit) refers to stm32f1xx_hal_gpio.o(i.HAL_GPIO_Init) for HAL_GPIO_Init
[...]
    I2C_MemoryTransmit_TXE_BTF               0x0800350d   Thumb Code   160  stm32f1xx_hal_i2c.o(i.I2C_MemoryTransmit_TXE_BTF)
    i.I2C_Slave_ADDR                         0x080035ac   Section        0  stm32f1xx_hal_i2c.o(i.I2C_Slave_ADDR)
    I2C_Slave_ADDR                           0x080035ad   Thumb Code    70  stm32f1xx_hal_i2c.o(i.I2C_Slave_ADDR)
    i.I2C_Slave_STOPF                        0x080035f4   Section        0  stm32f1xx_hal_i2c.o(i.I2C_Slave_STOPF)
    I2C_Slave_STOPF                          0x080035f5   Thumb Code   338  stm32f1xx_hal_i2c.o(i.I2C_Slave_STOPF)
    i.I2C_WaitOnBTFFlagUntilTimeout          0x08003750   Section        0  stm32f1xx_hal_i2c.o(i.I2C_WaitOnBTFFlagUntilTimeout)
    I2C_WaitOnBTFFlagUntilTimeout            0x08003751   Thumb Code    76  stm32f1xx_hal_i2c.o(i.I2C_WaitOnBTFFlagUntilTimeout)
    i.I2C_WaitOnFlagUntilTimeout             0x0800379c   Section        0  stm32f1xx_hal_i2c.o(i.I2C_WaitOnFlagUntilTimeout)
    I2C_WaitOnFlagUntilTimeout               0x0800379d   Thumb Code   104  stm32f1xx_hal_i2c.o(i.I2C_WaitOnFlagUntilTimeout)
    i.I2C_WaitOnMasterAddressFlagUntilTimeout 0x08003804   Section        0  stm32f1xx_hal_i2c.o(i.I2C_WaitOnMasterAddressFlagUntilTimeout)
    I2C_WaitOnMasterAddressFlagUntilTimeout  0x08003805   Thumb Code   150  stm32f1xx_hal_i2c.o(i.I2C_WaitOnMasterAddressFlagUntilTimeout)
    i.I2C_WaitOnRXNEFlagUntilTimeout         0x0800389a   Section        0  stm32f1xx_hal_i2c.o(i.I2C_WaitOnRXNEFlagUntilTimeout)
    I2C_WaitOnRXNEFlagUntilTimeout           0x0800389b   Thumb Code   102  stm32f1xx_hal_i2c.o(i.I2C_WaitOnRXNEFlagUntilTimeout)
    i.I2C_WaitOnTXEFlagUntilTimeout          0x08003900   Section        0  stm32f1xx_hal_i2c.o(i.I2C_WaitOnTXEFlagUntilTimeout)
    I2C_WaitOnTXEFlagUntilTimeout            0x08003901   Thumb Code    76  stm32f1xx_hal_i2c.o(i.I2C_WaitOnTXEFlagUntilTimeout)
    i.MX_ADC1_Init                           0x0800394c   Section        0  adc.o(i.MX_ADC1_Init)
    i.MX_DMA_Init                            0x0800399c   Section        0  dma.o(i.MX_DMA_Init)
    i.MX_GPIO_Init                           0x080039d8   Section        0  gpio.o(i.MX_GPIO_Init)
    i.MX_I2C1_Init                           0x08003a04   Section        0  i2c.o(i.MX_I2C1_Init)
    i.MX_I2C2_Init                           0x08003a44   Section        0  i2c.o(i.MX_I2C2_Init)
    i.MX_TIM2_Init                           0x08003a84   Section        0  tim.o(i.MX_TIM2_Init)
    i.MX_USART1_UART_Init                    0x08003b2c   Section        0  usart.o(i.MX_USART1_UART_Init)
    i.MemManage_Handler                      0x08003b64   Section        0  stm32f1xx_it.o(i.MemManage_Handler)
    i.NMI_Handler                            0x08003b66   Section        0  stm32f1xx_it.o(i.NMI_Handler)
    i.PendSV_Handler                         0x08003b68   Section        0  stm32f1xx_it.o(i.PendSV_Handler)
    i.PidCalculate                           0x08003b6a   Section        0  pid.o(i.PidCalculate)
    i.PidInit                                0x08003c08   Section        0  pid.o(i.PidInit)
    i.SVC_Handler                            0x08003c2a   Section        0  stm32f1xx_it.o(i.SVC_Handler)
    i.Serial_Debug                           0x08003c2c   Section        0  serialdebug.o(i.Serial_Debug)
    i.SysTick_Handler                        0x08003c68   Section        0  stm32f1xx_it.o(i.SysTick_Handler)
    i.SystemClock_Config                     0x08003c6c   Section        0  main.o(i.SystemClock_Config)
    i.SystemInit                             0x08003ce6   Section        0  system_stm32f1xx.o(i.SystemInit)
    i.TIM_Base_SetConfig                     0x08003ce8   Section        0  stm32f1xx_hal_tim.o(i.TIM_Base_SetConfig)
    i.TIM_CCxChannelCmd                      0x08003d74   Section        0  stm32f1xx_hal_tim.o(i.TIM_CCxChannelCmd)
    i.TIM_ETR_SetConfig                      0x08003d8e   Section        0  stm32f1xx_hal_tim.o(i.TIM_ETR_SetConfig)
    i.TIM_ITRx_SetConfig                     0x08003da2   Section        0  stm32f1xx_hal_tim.o(i.TIM_ITRx_SetConfig)
    TIM_ITRx_SetConfig                       0x08003da3   Thumb Code    16  stm32f1xx_hal_tim.o(i.TIM_ITRx_SetConfig)
    i.TIM_OC1_SetConfig                      0x08003db4   Section        0  stm32f1xx_hal_tim.o(i.TIM_OC1_SetConfig)
    TIM_OC1_SetConfig                        0x08003db5   Thumb Code    88  stm32f1xx_hal_tim.o(i.TIM_OC1_SetConfig)
    i.TIM_OC2_SetConfig                      0x08003e14   Section        0  stm32f1xx_hal_tim.o(i.TIM_OC2_SetConfig)
    i.TIM_OC3_SetConfig                      0x08003e80   Section        0  stm32f1xx_hal_tim.o(i.TIM_OC3_SetConfig)
    TIM_OC3_SetConfig                        0x08003e81   Thumb Code    96  stm32f1xx_hal_tim.o(i.TIM_OC3_SetConfig)
    i.TIM_OC4_SetConfig                      0x08003ee8   Section        0  stm32f1xx_hal_tim.o(i.TIM_OC4_SetConfig)
    TIM_OC4_SetConfig                        0x08003ee9   Thumb Code    70  stm32f1xx_hal_tim.o(i.TIM_OC4_SetConfig)
    i.TIM_TI1_ConfigInputStage               0x08003f38   Section        0  stm32f1xx_hal_tim.o(i.TIM_TI1_ConfigInputStage)
    TIM_TI1_ConfigInputStage                 0x08003f39   Thumb Code    34  stm32f1xx_hal_tim.o(i.TIM_TI1_ConfigInputStage)
    i.TIM_TI2_ConfigInputStage               0x08003f5a   Section        0  stm32f1xx_hal_tim.o(i.TIM_TI2_ConfigInputStage)
    TIM_TI2_ConfigInputStage                 0x08003f5b   Thumb Code    36  stm32f1xx_hal_tim.o(i.TIM_TI2_ConfigInputStage)
    i.UART_DMAAbortOnError                   0x08003f7e   Section        0  stm32f1xx_hal_uart.o(i.UART_DMAAbortOnError)
    UART_DMAAbortOnError                     0x08003f7f   Thumb Code    16  stm32f1xx_hal_uart.o(i.UART_DMAAbortOnError)
    i.UART_DMAError                          0x08003f8e   Section        0  stm32f1xx_hal_uart.o(i.UART_DMAError)
    UART_DMAError                            0x08003f8f   Thumb Code    74  stm32f1xx_hal_uart.o(i.UART_DMAError)
    i.UART_DMATransmitCplt                   0x08003fd8   Section        0  stm32f1xx_hal_uart.o(i.UART_DMATransmitCplt)
    UART_DMATransmitCplt                     0x08003fd9   Thumb Code    46  stm32f1xx_hal_uart.o(i.UART_DMATransmitCplt)
    i.UART_DMATxHalfCplt                     0x08004006   Section        0  stm32f1xx_hal_uart.o(i.UART_DMATxHalfCplt)
    UART_DMATxHalfCplt                       0x08004007   Thumb Code    10  stm32f1xx_hal_uart.o(i.UART_DMATxHalfCplt)
    i.UART_EndRxTransfer                     0x08004010   Section        0  stm32f1xx_hal_uart.o(i.UART_EndRxTransfer)
    UART_EndRxTransfer                       0x08004011   Thumb Code    48  stm32f1xx_hal_uart.o(i.UART_EndRxTransfer)
    i.UART_EndTxTransfer                     0x08004040   Section        0  stm32f1xx_hal_uart.o(i.UART_EndTxTransfer)
    UART_EndTxTransfer                       0x08004041   Thumb Code    18  stm32f1xx_hal_uart.o(i.UART_EndTxTransfer)
    i.UART_Receive_IT                        0x08004052   Section        0  stm32f1xx_hal_uart.o(i.UART_Receive_IT)
    UART_Receive_IT                          0x08004053   Thumb Code   182  stm32f1xx_hal_uart.o(i.UART_Receive_IT)
    i.UART_SetConfig                         0x08004108   Section        0  stm32f1xx_hal_uart.o(i.UART_SetConfig)
    UART_SetConfig                           0x08004109   Thumb Code   178  stm32f1xx_hal_uart.o(i.UART_SetConfig)
    i.USART1_IRQHandler                      0x080041c0   Section        0  stm32f1xx_it.o(i.USART1_IRQHandler)
    i.UsageFault_Handler                     0x080041cc   Section        0  stm32f1xx_it.o(i.UsageFault_Handler)
    i.WaterPump_Init                         0x080041d0   Section        0  waterpump.o(i.WaterPump_Init)
    i.WaterPump_Speed                        0x080041f8   Section        0  waterpump.o(i.WaterPump_Speed)
    i.__NVIC_SetPriority                     0x08004228   Section        0  stm32f1xx_hal_cortex.o(i.__NVIC_SetPriority)
    __NVIC_SetPriority                       0x08004229   Thumb Code    32  stm32f1xx_hal_cortex.o(i.__NVIC_SetPriority)
    i.__kernel_poly                          0x08004248   Section        0  poly.o(i.__kernel_poly)
    i.__mathlib_dbl_divzero                  0x080042f4   Section        0  dunder.o(i.__mathlib_dbl_divzero)
    i.__mathlib_dbl_infnan                   0x08004304   Section        0  dunder.o(i.__mathlib_dbl_infnan)
    i.__mathlib_dbl_invalid                  0x0800430a   Section        0  dunder.o(i.__mathlib_dbl_invalid)
    i._float_rounding                        0x08004316   Section        0  serialdebug.o(i._float_rounding)
    _float_rounding                          0x08004317   Thumb Code    32  serialdebug.o(i._float_rounding)
    i.float2char                             0x08004338   Section        0  serialdebug.o(i.float2char)
    float2char                               0x08004339   Thumb Code   166  serialdebug.o(i.float2char)
    i.log                                    0x080043e4   Section        0  log.o(i.log)
    i.main                                   0x08004740   Section        0  main.o(i.main)
    x$fpl$d2f                                0x080047f8   Section       98  d2f.o(x$fpl$d2f)
    x$fpl$dadd                               0x0800485c   Section      336  daddsub_clz.o(x$fpl$dadd)
    _dadd1                                   0x0800486d   Thumb Code     0  daddsub_clz.o(x$fpl$dadd)
    x$fpl$dcheck1                            0x080049ac   Section       16  dcheck1.o(x$fpl$dcheck1)
    x$fpl$dcmpinf                            0x080049bc   Section       24  dcmpi.o(x$fpl$dcmpinf)
    x$fpl$ddiv                               0x080049d4   Section      688  ddiv.o(x$fpl$ddiv)
    ddiv_entry                               0x080049db   Thumb Code     0  ddiv.o(x$fpl$ddiv)
    x$fpl$deqf                               0x08004c84   Section      120  deqf.o(x$fpl$deqf)
    x$fpl$dflt                               0x08004cfc   Section       46  dflt_clz.o(x$fpl$dflt)
    x$fpl$dfltu                              0x08004d2a   Section       38  dflt_clz.o(x$fpl$dfltu)
    x$fpl$dmul                               0x08004d50   Section      340  dmul.o(x$fpl$dmul)
    x$fpl$dnaninf                            0x08004ea4   Section      156  dnaninf.o(x$fpl$dnaninf)
    x$fpl$dretinf                            0x08004f40   Section       12  dretinf.o(x$fpl$dretinf)
    x$fpl$drsb                               0x08004f4c   Section       22  daddsub_clz.o(x$fpl$drsb)
    x$fpl$dsub                               0x08004f64   Section      468  daddsub_clz.o(x$fpl$dsub)
    _dsub1                                   0x08004f75   Thumb Code     0  daddsub_clz.o(x$fpl$dsub)
    x$fpl$f2d                                0x08005138   Section       86  f2d.o(x$fpl$f2d)
    x$fpl$fadd                               0x08005190   Section      196  faddsub_clz.o(x$fpl$fadd)
    _fadd1                                   0x0800519f   Thumb Code     0  faddsub_clz.o(x$fpl$fadd)
    x$fpl$fcheck1                            0x08005254   Section       12  fcheck1.o(x$fpl$fcheck1)
    x$fpl$fcmpinf                            0x08005260   Section       24  fcmpi.o(x$fpl$fcmpinf)
    x$fpl$fdiv                               0x08005278   Section      388  fdiv.o(x$fpl$fdiv)
    _fdiv1                                   0x08005279   Thumb Code     0  fdiv.o(x$fpl$fdiv)
    x$fpl$ffix                               0x080053fc   Section       54  ffix.o(x$fpl$ffix)
    x$fpl$ffixu                              0x08005434   Section       62  ffixu.o(x$fpl$ffixu)
    x$fpl$fflt                               0x08005474   Section       48  fflt_clz.o(x$fpl$fflt)
    x$fpl$ffltu                              0x080054a4   Section       38  fflt_clz.o(x$fpl$ffltu)
    x$fpl$fleqf                              0x080054cc   Section      104  fleqf.o(x$fpl$fleqf)
    x$fpl$fmul                               0x08005534   Section      258  fmul.o(x$fpl$fmul)
    x$fpl$fnaninf                            0x08005636   Section      140  fnaninf.o(x$fpl$fnaninf)
    x$fpl$fretinf                            0x080056c2   Section       10  fretinf.o(x$fpl$fretinf)
    x$fpl$frleqf                             0x080056cc   Section       98  frleqf.o(x$fpl$frleqf)
    x$fpl$frsb                               0x0800572e   Section       20  faddsub_clz.o(x$fpl$frsb)
    x$fpl$fsub                               0x08005744   Section      234  faddsub_clz.o(x$fpl$fsub)
    _fsub1                                   0x08005753   Thumb Code     0  faddsub_clz.o(x$fpl$fsub)
    x$fpl$retnan                             0x0800582e   Section      100  retnan.o(x$fpl$retnan)
    x$fpl$scalbn                             0x08005892   Section       92  scalbn.o(x$fpl$scalbn)
    x$fpl$scalbnf                            0x080058ee   Section       76  scalbnf.o(x$fpl$scalbnf)
    x$fpl$trapveneer                         0x0800593a   Section       48  trapv.o(x$fpl$trapveneer)
    .constdata                               0x0800596a   Section       16  system_stm32f1xx.o(.constdata)
    x$fpl$usenofp                            0x0800596a   Section        0  usenofp.o(x$fpl$usenofp)
    .constdata                               0x0800597a   Section        8  system_stm32f1xx.o(.constdata)
    .constdata                               0x08005988   Section       56  log.o(.constdata)
    Lg2                                      0x08005988   Data          24  log.o(.constdata)
    Lg                                       0x080059a0   Data          32  log.o(.constdata)
    .constdata                               0x080059c0   Section        8  qnan.o(.constdata)
    .data                                    0x20000000   Section       24  main.o(.data)
    .data                                    0x20000018   Section       12  stm32f1xx_hal.o(.data)
    .data                                    0x20000024   Section        4  system_stm32f1xx.o(.data)
    .data                                    0x20000028   Section        8  aht10.o(.data)
    humi                                     0x20000028   Data           4  aht10.o(.data)
    temp                                     0x2000002c   Data           4  aht10.o(.data)
    .data                                    0x20000030   Section       12  dewsensor.o(.data)
    ADC_Value                                0x20000030   Data           2  dewsensor.o(.data)
    ADC1_voltage                             0x20000034   Data           4  dewsensor.o(.data)
    Parallel_resister                        0x20000038   Data           4  dewsensor.o(.data)
    .data                                    0x2000003c   Section        2  waterpump.o(.data)
    pwm_front                                0x2000003c   Data           2  waterpump.o(.data)
    .data                                    0x20000040   Section       16  serialdebug.o(.data)
    Debug_Count                              0x20000041   Data           1  serialdebug.o(.data)
    integer                                  0x20000044   Data           4  serialdebug.o(.data)
    decimal                                  0x20000048   Data           4  serialdebug.o(.data)
    .bss                                     0x20000050   Section      184  main.o(.bss)
    .bss                                     0x20000108   Section       48  adc.o(.bss)
    .bss                                     0x20000138   Section      168  i2c.o(.bss)
    .bss                                     0x200001e0   Section       72  tim.o(.bss)
    .bss                                     0x20000228   Section      204  usart.o(.bss)
    .bss                                     0x200002f4   Section      200  serialdebug.o(.bss)
    DebugBuffer                              0x200002f4   Data         200  serialdebug.o(.bss)
    .bss                                     0x200003bc   Section       96  libspace.o(.bss)
    HEAP                                     0x20000420   Section      512  startup_stm32f103xe.o(HEAP)
    Heap_Mem                                 0x20000420   Data         512  startup_stm32f103xe.o(HEAP)
    STACK                                    0x20000620   Section     1024  startup_stm32f103xe.o(STACK)
    Stack_Mem                                0x20000620   Data        1024  startup_stm32f103xe.o(STACK)
    __initial_sp                             0x20000a20   Data           0  startup_stm32f103xe.o(STACK)

    Global Symbols

    Symbol Name                              Value     Ov Type        Size  Object(Section)

    BuildAttributes$$THM_ISAv4$P$D$K$B$S$PE$A:L22UL41UL21$X:L11$S22US41US21$IEEE1$IW$USESV6$~STKCKD$USESV7$~SHL$OTIME$ROPI$IEEEX$EBA8$UX$STANDARDLIB$REQ8$PRES8$EABIv2 0x00000000   Number         0  anon$$obj.o ABSOLUTE
    __ARM_use_no_argv                        0x00000000   Number         0  main.o ABSOLUTE
    __ARM_exceptions_init                     - Undefined Weak Reference
    __alloca_initialize                       - Undefined Weak Reference
    __arm_preinit_                            - Undefined Weak Reference
    __cpp_initialize__aeabi_                  - Undefined Weak Reference
    __cxa_finalize                            - Undefined Weak Reference
    __rt_locale                               - Undefined Weak Reference
    __sigvec_lookup                           - Undefined Weak Reference
    __user_heap_extent                        - Undefined Weak Reference
    _atexit_init                              - Undefined Weak Reference
    _call_atexit_fns                          - Undefined Weak Reference
    _clock_init                               - Undefined Weak Reference
    _fp_trap_init                             - Undefined Weak Reference
    _fp_trap_shutdown                         - Undefined Weak Reference
    _get_lc_collate                           - Undefined Weak Reference
    _get_lc_ctype                             - Undefined Weak Reference
    _get_lc_monetary                          - Undefined Weak Reference
    _get_lc_numeric                           - Undefined Weak Reference
    _get_lc_time                              - Undefined Weak Reference
    _getenv_init                              - Undefined Weak Reference
    _handle_redirection                       - Undefined Weak Reference
    _initio                                   - Undefined Weak Reference
    _mutex_acquire                            - Undefined Weak Reference
    _mutex_free                               - Undefined Weak Reference
    _mutex_release                            - Undefined Weak Reference
    _rand_init                                - Undefined Weak Reference
    _signal_finish                            - Undefined Weak Reference
    _signal_init                              - Undefined Weak Reference
    _terminateio                              - Undefined Weak Reference
    __Vectors_Size                           0x00000130   Number         0  startup_stm32f103xe.o ABSOLUTE
    __Vectors                                0x08000000   Data           4  startup_stm32f103xe.o(RESET)
    __Vectors_End                            0x08000130   Data           0  startup_stm32f103xe.o(RESET)
    __main                                   0x08000131   Thumb Code     8  __main.o(!!!main)
    __scatterload                            0x08000139   Thumb Code     0  __scatter.o(!!!scatter)
    __scatterload_rt2                        0x08000139   Thumb Code    44  __scatter.o(!!!scatter)
    __scatterload_rt2_thumb_only             0x08000139   Thumb Code     0  __scatter.o(!!!scatter)
    __scatterload_null                       0x08000147   Thumb Code     0  __scatter.o(!!!scatter)
    __scatterload_copy                       0x0800016d   Thumb Code    26  __scatter_copy.o(!!handler_copy)
    __scatterload_zeroinit                   0x08000189   Thumb Code    28  __scatter_zi.o(!!handler_zi)
    __rt_lib_init                            0x080001a5   Thumb Code     0  libinit.o(.ARM.Collect$$libinit$$00000000)
    __rt_lib_init_alloca_1                   0x080001a7   Thumb Code     0  libinit2.o(.ARM.Collect$$libinit$$0000002E)
    __rt_lib_init_argv_1                     0x080001a7   Thumb Code     0  libinit2.o(.ARM.Collect$$libinit$$0000002C)
    __rt_lib_init_atexit_1                   0x080001a7   Thumb Code     0  libinit2.o(.ARM.Collect$$libinit$$0000001B)
    __rt_lib_init_clock_1                    0x080001a7   Thumb Code     0  libinit2.o(.ARM.Collect$$libinit$$00000021)
    __rt_lib_init_cpp_1                      0x080001a7   Thumb Code     0  libinit2.o(.ARM.Collect$$libinit$$00000032)
    __rt_lib_init_exceptions_1               0x080001a7   Thumb Code     0  libinit2.o(.ARM.Collect$$libinit$$00000030)
    __rt_lib_init_fp_1                       0x080001a7   Thumb Code     0  libinit2.o(.ARM.Collect$$libinit$$00000002)
    __rt_lib_init_fp_trap_1                  0x080001a7   Thumb Code     0  libinit2.o(.ARM.Collect$$libinit$$0000001F)
    __rt_lib_init_getenv_1                   0x080001a7   Thumb Code     0  libinit2.o(.ARM.Collect$$libinit$$00000023)
    __rt_lib_init_heap_1                     0x080001a7   Thumb Code     0  libinit2.o(.ARM.Collect$$libinit$$0000000A)
    __rt_lib_init_lc_collate_1               0x080001a7   Thumb Code     0  libinit2.o(.ARM.Collect$$libinit$$00000011)
    __rt_lib_init_lc_ctype_1                 0x080001a7   Thumb Code     0  libinit2.o(.ARM.Collect$$libinit$$00000013)
    __rt_lib_init_lc_monetary_1              0x080001a7   Thumb Code     0  libinit2.o(.ARM.Collect$$libinit$$00000015)
    __rt_lib_init_lc_numeric_1               0x080001a7   Thumb Code     0  libinit2.o(.ARM.Collect$$libinit$$00000017)
    __rt_lib_init_lc_time_1                  0x080001a7   Thumb Code     0  libinit2.o(.ARM.Collect$$libinit$$00000019)
    __rt_lib_init_preinit_1                  0x080001a7   Thumb Code     0  libinit2.o(.ARM.Collect$$libinit$$00000004)
    __rt_lib_init_rand_1                     0x080001a7   Thumb Code     0  libinit2.o(.ARM.Collect$$libinit$$0000000E)
    __rt_lib_init_return                     0x080001a7   Thumb Code     0  libinit2.o(.ARM.Collect$$libinit$$00000033)
    __rt_lib_init_signal_1                   0x080001a7   Thumb Code     0  libinit2.o(.ARM.Collect$$libinit$$0000001D)
    __rt_lib_init_stdio_1                    0x080001a7   Thumb Code     0  libinit2.o(.ARM.Collect$$libinit$$00000025)
    __rt_lib_init_user_alloc_1               0x080001a7   Thumb Code     0  libinit2.o(.ARM.Collect$$libinit$$0000000C)
    __rt_lib_shutdown                        0x080001a9   Thumb Code     0  libshutdown.o(.ARM.Collect$$libshutdown$$00000000)
    __rt_lib_shutdown_cpp_1                  0x080001ab   Thumb Code     0  libshutdown2.o(.ARM.Collect$$libshutdown$$00000002)
    __rt_lib_shutdown_fp_trap_1              0x080001ab   Thumb Code     0  libshutdown2.o(.ARM.Collect$$libshutdown$$00000007)
    __rt_lib_shutdown_heap_1                 0x080001ab   Thumb Code     0  libshutdown2.o(.ARM.Collect$$libshutdown$$0000000F)
    __rt_lib_shutdown_return                 0x080001ab   Thumb Code     0  libshutdown2.o(.ARM.Collect$$libshutdown$$00000010)
    __rt_lib_shutdown_signal_1               0x080001ab   Thumb Code     0  libshutdown2.o(.ARM.Collect$$libshutdown$$0000000A)
    __rt_lib_shutdown_stdio_1                0x080001ab   Thumb Code     0  libshutdown2.o(.ARM.Collect$$libshutdown$$00000004)
    __rt_lib_shutdown_user_alloc_1           0x080001ab   Thumb Code     0  libshutdown2.o(.ARM.Collect$$libshutdown$$0000000C)
    __rt_entry                               0x080001ad   Thumb Code     0  __rtentry.o(.ARM.Collect$$rtentry$$00000000)
    __rt_entry_presh_1                       0x080001ad   Thumb Code     0  __rtentry2.o(.ARM.Collect$$rtentry$$00000002)
    __rt_entry_sh                            0x080001ad   Thumb Code     0  __rtentry4.o(.ARM.Collect$$rtentry$$00000004)
    __rt_entry_li                            0x080001b3   Thumb Code     0  __rtentry2.o(.ARM.Collect$$rtentry$$0000000A)
    __rt_entry_postsh_1                      0x080001b3   Thumb Code     0  __rtentry2.o(.ARM.Collect$$rtentry$$00000009)
    __rt_entry_main                          0x080001b7   Thumb Code     0  __rtentry2.o(.ARM.Collect$$rtentry$$0000000D)
    __rt_entry_postli_1                      0x080001b7   Thumb Code     0  __rtentry2.o(.ARM.Collect$$rtentry$$0000000C)
    __rt_exit                                0x080001bf   Thumb Code     0  rtexit.o(.ARM.Collect$$rtexit$$00000000)
    __rt_exit_ls                             0x080001c1   Thumb Code     0  rtexit2.o(.ARM.Collect$$rtexit$$00000003)
    __rt_exit_prels_1                        0x080001c1   Thumb Code     0  rtexit2.o(.ARM.Collect$$rtexit$$00000002)
    __rt_exit_exit                           0x080001c5   Thumb Code     0  rtexit2.o(.ARM.Collect$$rtexit$$00000004)
    Reset_Handler                            0x080001cd   Thumb Code     8  startup_stm32f103xe.o(.text)
    ADC1_2_IRQHandler                        0x080001e7   Thumb Code     0  startup_stm32f103xe.o(.text)
    ADC3_IRQHandler                          0x080001e7   Thumb Code     0  startup_stm32f103xe.o(.text)
    CAN1_RX1_IRQHandler                      0x080001e7   Thumb Code     0  startup_stm32f103xe.o(.text)
    CAN1_SCE_IRQHandler                      0x080001e7   Thumb Code     0  startup_stm32f103xe.o(.text)
    DMA1_Channel1_IRQHandler                 0x080001e7   Thumb Code     0  startup_stm32f103xe.o(.text)
    DMA1_Channel2_IRQHandler                 0x080001e7   Thumb Code     0  startup_stm32f103xe.o(.text)
    DMA1_Channel3_IRQHandler                 0x080001e7   Thumb Code     0  startup_stm32f103xe.o(.text)
    DMA1_Channel6_IRQHandler                 0x080001e7   Thumb Code     0  startup_stm32f103xe.o(.text)
    DMA1_Channel7_IRQHandler                 0x080001e7   Thumb Code     0  startup_stm32f103xe.o(.text)
    DMA2_Channel1_IRQHandler                 0x080001e7   Thumb Code     0  startup_stm32f103xe.o(.text)
    DMA2_Channel2_IRQHandler                 0x080001e7   Thumb Code     0  startup_stm32f103xe.o(.text)
    DMA2_Channel3_IRQHandler                 0x080001e7   Thumb Code     0  startup_stm32f103xe.o(.text)
    DMA2_Channel4_5_IRQHandler               0x080001e7   Thumb Code     0  startup_stm32f103xe.o(.text)
    EXTI0_IRQHandler                         0x080001e7   Thumb Code     0  startup_stm32f103xe.o(.text)
    EXTI15_10_IRQHandler                     0x080001e7   Thumb Code     0  startup_stm32f103xe.o(.text)
    EXTI1_IRQHandler                         0x080001e7   Thumb Code     0  startup_stm32f103xe.o(.text)
    EXTI2_IRQHandler                         0x080001e7   Thumb Code     0  startup_stm32f103xe.o(.text)
    EXTI3_IRQHandler                         0x080001e7   Thumb Code     0  startup_stm32f103xe.o(.text)
    EXTI4_IRQHandler                         0x080001e7   Thumb Code     0  startup_stm32f103xe.o(.text)
    EXTI9_5_IRQHandler                       0x080001e7   Thumb Code     0  startup_stm32f103xe.o(.text)
    FLASH_IRQHandler                         0x080001e7   Thumb Code     0  startup_stm32f103xe.o(.text)
    FSMC_IRQHandler                          0x080001e7   Thumb Code     0  startup_stm32f103xe.o(.text)
    I2C1_ER_IRQHandler                       0x080001e7   Thumb Code     0  startup_stm32f103xe.o(.text)
    I2C2_ER_IRQHandler                       0x080001e7   Thumb Code     0  startup_stm32f103xe.o(.text)
    PVD_IRQHandler                           0x080001e7   Thumb Code     0  startup_stm32f103xe.o(.text)
    RCC_IRQHandler                           0x080001e7   Thumb Code     0  startup_stm32f103xe.o(.text)
    RTC_Alarm_IRQHandler                     0x080001e7   Thumb Code     0  startup_stm32f103xe.o(.text)
    RTC_IRQHandler                           0x080001e7   Thumb Code     0  startup_stm32f103xe.o(.text)
    SDIO_IRQHandler                          0x080001e7   Thumb Code     0  startup_stm32f103xe.o(.text)
    SPI1_IRQHandler                          0x080001e7   Thumb Code     0  startup_stm32f103xe.o(.text)
    SPI2_IRQHandler                          0x080001e7   Thumb Code     0  startup_stm32f103xe.o(.text)
    SPI3_IRQHandler                          0x080001e7   Thumb Code     0  startup_stm32f103xe.o(.text)
    TAMPER_IRQHandler                        0x080001e7   Thumb Code     0  startup_stm32f103xe.o(.text)
    TIM1_BRK_IRQHandler                      0x080001e7   Thumb Code     0  startup_stm32f103xe.o(.text)
    TIM1_CC_IRQHandler                       0x080001e7   Thumb Code     0  startup_stm32f103xe.o(.text)
    TIM1_TRG_COM_IRQHandler                  0x080001e7   Thumb Code     0  startup_stm32f103xe.o(.text)
    TIM1_UP_IRQHandler                       0x080001e7   Thumb Code     0  startup_stm32f103xe.o(.text)
    TIM2_IRQHandler                          0x080001e7   Thumb Code     0  startup_stm32f103xe.o(.text)
    TIM3_IRQHandler                          0x080001e7   Thumb Code     0  startup_stm32f103xe.o(.text)
    TIM4_IRQHandler                          0x080001e7   Thumb Code     0  startup_stm32f103xe.o(.text)
    TIM5_IRQHandler                          0x080001e7   Thumb Code     0  startup_stm32f103xe.o(.text)
    TIM6_IRQHandler                          0x080001e7   Thumb Code     0  startup_stm32f103xe.o(.text)
    TIM7_IRQHandler                          0x080001e7   Thumb Code     0  startup_stm32f103xe.o(.text)
    TIM8_BRK_IRQHandler                      0x080001e7   Thumb Code     0  startup_stm32f103xe.o(.text)
    TIM8_CC_IRQHandler                       0x080001e7   Thumb Code     0  startup_stm32f103xe.o(.text)
    TIM8_TRG_COM_IRQHandler                  0x080001e7   Thumb Code     0  startup_stm32f103xe.o(.text)
    TIM8_UP_IRQHandler                       0x080001e7   Thumb Code     0  startup_stm32f103xe.o(.text)
    UART4_IRQHandler                         0x080001e7   Thumb Code     0  startup_stm32f103xe.o(.text)
    UART5_IRQHandler                         0x080001e7   Thumb Code     0  startup_stm32f103xe.o(.text)
    USART2_IRQHandler                        0x080001e7   Thumb Code     0  startup_stm32f103xe.o(.text)
    USART3_IRQHandler                        0x080001e7   Thumb Code     0  startup_stm32f103xe.o(.text)
    USBWakeUp_IRQHandler                     0x080001e7   Thumb Code     0  startup_stm32f103xe.o(.text)
    USB_HP_CAN1_TX_IRQHandler                0x080001e7   Thumb Code     0  startup_stm32f103xe.o(.text)
    USB_LP_CAN1_RX0_IRQHandler               0x080001e7   Thumb Code     0  startup_stm32f103xe.o(.text)
    WWDG_IRQHandler                          0x080001e7   Thumb Code     0  startup_stm32f103xe.o(.text)
    __user_initial_stackheap                 0x080001e9   Thumb Code     0  startup_stm32f103xe.o(.text)
    __aeabi_memclr4                          0x0800020d   Thumb Code     0  rt_memclr_w.o(.text)
    __aeabi_memclr8                          0x0800020d   Thumb Code     0  rt_memclr_w.o(.text)
    __rt_memclr_w                            0x0800020d   Thumb Code    78  rt_memclr_w.o(.text)
    _memset_w                                0x08000211   Thumb Code     0  rt_memclr_w.o(.text)
    __use_two_region_memory                  0x0800025b   Thumb Code     2  heapauxi.o(.text)
    __rt_heap_escrow                         0x0800025d   Thumb Code     2  heapauxi.o(.text)
    __rt_heap_expand                         0x0800025f   Thumb Code     2  heapauxi.o(.text)
    __read_errno                             0x08000261   Thumb Code    10  _rserrno.o(.text)
    __set_errno                              0x0800026b   Thumb Code    12  _rserrno.o(.text)
    __user_libspace                          0x08000279   Thumb Code     8  libspace.o(.text)
    __user_perproc_libspace                  0x08000279   Thumb Code     0  libspace.o(.text)
    __user_perthread_libspace                0x08000279   Thumb Code     0  libspace.o(.text)
    __aeabi_errno_addr                       0x08000281   Thumb Code     8  rt_errno_addr_intlibspace.o(.text)
    __errno$intlibspace                      0x08000281   Thumb Code     0  rt_errno_addr_intlibspace.o(.text)
    __rt_errno_addr$intlibspace              0x08000281   Thumb Code     0  rt_errno_addr_intlibspace.o(.text)
    __I$use$semihosting                      0x08000289   Thumb Code     0  use_no_semi.o(.text)
    __use_no_semihosting_swi                 0x08000289   Thumb Code     2  use_no_semi.o(.text)
    __semihosting_library_function           0x0800028b   Thumb Code     0  indicate_semi.o(.text)
    __user_setup_stackheap                   0x0800028b   Thumb Code    74  sys_stackheap_outer.o(.text)
    exit                                     0x080002d5   Thumb Code    18  exit.o(.text)
    _sys_exit                                0x080002e9   Thumb Code     8  sys_exit.o(.text)
    ADC_ConversionStop_Disable               0x080002f5   Thumb Code    86  stm32f1xx_hal_adc.o(i.ADC_ConversionStop_Disable)
    ADC_Enable                               0x0800034d   Thumb Code   114  stm32f1xx_hal_adc.o(i.ADC_Enable)
    AHT10_Init                               0x080003c9   Thumb Code    28  aht10.o(i.AHT10_Init)
    AHT10_Read_predata                       0x080003e9   Thumb Code   170  aht10.o(i.AHT10_Read_predata)
    AHT10_SoftReset                          0x080004a9   Thumb Code    34  aht10.o(i.AHT10_SoftReset)
    AHT10_TrigeMea                           0x080004d1   Thumb Code    46  aht10.o(i.AHT10_TrigeMea)
    AverageFilter                            0x08000505   Thumb Code    90  filter.o(i.AverageFilter)
    AverageFilterInit                        0x08000565   Thumb Code    12  filter.o(i.AverageFilterInit)
    BusFault_Handler                         0x08000571   Thumb Code     2  stm32f1xx_it.o(i.BusFault_Handler)
    DMA1_Channel4_IRQHandler                 0x08000575   Thumb Code     6  stm32f1xx_it.o(i.DMA1_Channel4_IRQHandler)
    DMA1_Channel5_IRQHandler                 0x08000581   Thumb Code     6  stm32f1xx_it.o(i.DMA1_Channel5_IRQHandler)
    DebugMon_Handler                         0x080005b7   Thumb Code     2  stm32f1xx_it.o(i.DebugMon_Handler)
    DewSensor_GetData                        0x08000749   Thumb Code   176  dewsensor.o(i.DewSensor_GetData)
    DewSensor_Init                           0x08000829   Thumb Code    18  dewsensor.o(i.DewSensor_Init)
    Error_Handler                            0x08000841   Thumb Code     4  main.o(i.Error_Handler)
    HAL_ADCEx_Calibration_Start              0x08000845   Thumb Code   210  stm32f1xx_hal_adc_ex.o(i.HAL_ADCEx_Calibration_Start)
    HAL_ADC_ConfigChannel                    0x0800091d   Thumb Code   240  stm32f1xx_hal_adc.o(i.HAL_ADC_ConfigChannel)
    HAL_ADC_GetValue                         0x08000a19   Thumb Code     6  stm32f1xx_hal_adc.o(i.HAL_ADC_GetValue)
    HAL_ADC_Init                             0x08000a21   Thumb Code   272  stm32f1xx_hal_adc.o(i.HAL_ADC_Init)
    HAL_ADC_MspInit                          0x08000b41   Thumb Code    76  adc.o(i.HAL_ADC_MspInit)
    HAL_ADC_PollForConversion                0x08000b99   Thumb Code   304  stm32f1xx_hal_adc.o(i.HAL_ADC_PollForConversion)
    HAL_ADC_Start                            0x08000cd5   Thumb Code   184  stm32f1xx_hal_adc.o(i.HAL_ADC_Start)
    HAL_DMA_Abort                            0x08000d95   Thumb Code    70  stm32f1xx_hal_dma.o(i.HAL_DMA_Abort)
    HAL_DMA_Abort_IT                         0x08000ddd   Thumb Code   296  stm32f1xx_hal_dma.o(i.HAL_DMA_Abort_IT)
    HAL_DMA_GetState                         0x08000f0d   Thumb Code     6  stm32f1xx_hal_dma.o(i.HAL_DMA_GetState)
    HAL_DMA_IRQHandler                       0x08000f15   Thumb Code   552  stm32f1xx_hal_dma.o(i.HAL_DMA_IRQHandler)
    HAL_DMA_Init                             0x0800115d   Thumb Code   112  stm32f1xx_hal_dma.o(i.HAL_DMA_Init)
    HAL_DMA_Start_IT                         0x080011d9   Thumb Code   112  stm32f1xx_hal_dma.o(i.HAL_DMA_Start_IT)
    HAL_Delay                                0x08001249   Thumb Code    32  stm32f1xx_hal.o(i.HAL_Delay)
    HAL_GPIO_Init                            0x0800126d   Thumb Code   462  stm32f1xx_hal_gpio.o(i.HAL_GPIO_Init)
    HAL_GetTick                              0x08001465   Thumb Code     6  stm32f1xx_hal.o(i.HAL_GetTick)
    HAL_I2C_AbortCpltCallback                0x08001471   Thumb Code     2  stm32f1xx_hal_i2c.o(i.HAL_I2C_AbortCpltCallback)
    HAL_I2C_AddrCallback                     0x08001473   Thumb Code     2  stm32f1xx_hal_i2c.o(i.HAL_I2C_AddrCallback)
    HAL_I2C_EV_IRQHandler                    0x08001475   Thumb Code   560  stm32f1xx_hal_i2c.o(i.HAL_I2C_EV_IRQHandler)
    HAL_I2C_ErrorCallback                    0x080016a5   Thumb Code     2  stm32f1xx_hal_i2c.o(i.HAL_I2C_ErrorCallback)
    HAL_I2C_Init                             0x080016a9   Thumb Code   376  stm32f1xx_hal_i2c.o(i.HAL_I2C_Init)
    HAL_I2C_ListenCpltCallback               0x08001831   Thumb Code     2  stm32f1xx_hal_i2c.o(i.HAL_I2C_ListenCpltCallback)
    HAL_I2C_MasterRxCpltCallback             0x08001833   Thumb Code     2  stm32f1xx_hal_i2c.o(i.HAL_I2C_MasterRxCpltCallback)
    HAL_I2C_MasterTxCpltCallback             0x08001835   Thumb Code     2  stm32f1xx_hal_i2c.o(i.HAL_I2C_MasterTxCpltCallback)
    HAL_I2C_Master_Receive                   0x08001839   Thumb Code   564  stm32f1xx_hal_i2c.o(i.HAL_I2C_Master_Receive)
    HAL_I2C_Master_Transmit                  0x08001a7d   Thumb Code   290  stm32f1xx_hal_i2c.o(i.HAL_I2C_Master_Transmit)
    HAL_I2C_MemRxCpltCallback                0x08001ba9   Thumb Code     2  stm32f1xx_hal_i2c.o(i.HAL_I2C_MemRxCpltCallback)
    HAL_I2C_MemTxCpltCallback                0x08001bab   Thumb Code     2  stm32f1xx_hal_i2c.o(i.HAL_I2C_MemTxCpltCallback)
    HAL_I2C_MspInit                          0x08001bad   Thumb Code   164  i2c.o(i.HAL_I2C_MspInit)
    HAL_I2C_SlaveRxCpltCallback              0x08001c61   Thumb Code     2  stm32f1xx_hal_i2c.o(i.HAL_I2C_SlaveRxCpltCallback)
    HAL_I2C_SlaveTxCpltCallback              0x08001c63   Thumb Code     2  stm32f1xx_hal_i2c.o(i.HAL_I2C_SlaveTxCpltCallback)
    HAL_IncTick                              0x08001c65   Thumb Code    12  stm32f1xx_hal.o(i.HAL_IncTick)
    HAL_Init                                 0x08001c75   Thumb Code    32  stm32f1xx_hal.o(i.HAL_Init)
    HAL_InitTick                             0x08001c99   Thumb Code    54  stm32f1xx_hal.o(i.HAL_InitTick)
    HAL_MspInit                              0x08001cd9   Thumb Code    52  stm32f1xx_hal_msp.o(i.HAL_MspInit)
    HAL_NVIC_EnableIRQ                       0x08001d15   Thumb Code    26  stm32f1xx_hal_cortex.o(i.HAL_NVIC_EnableIRQ)
    HAL_NVIC_SetPriority                     0x08001d31   Thumb Code    60  stm32f1xx_hal_cortex.o(i.HAL_NVIC_SetPriority)
    HAL_NVIC_SetPriorityGrouping             0x08001d71   Thumb Code    26  stm32f1xx_hal_cortex.o(i.HAL_NVIC_SetPriorityGrouping)
    HAL_RCCEx_GetPeriphCLKFreq               0x08001d95   Thumb Code   180  stm32f1xx_hal_rcc_ex.o(i.HAL_RCCEx_GetPeriphCLKFreq)
    HAL_RCCEx_PeriphCLKConfig                0x08001e69   Thumb Code   224  stm32f1xx_hal_rcc_ex.o(i.HAL_RCCEx_PeriphCLKConfig)
    HAL_RCC_ClockConfig                      0x08001f55   Thumb Code   280  stm32f1xx_hal_rcc.o(i.HAL_RCC_ClockConfig)
    HAL_RCC_GetPCLK1Freq                     0x08002081   Thumb Code    20  stm32f1xx_hal_rcc.o(i.HAL_RCC_GetPCLK1Freq)
    HAL_RCC_GetPCLK2Freq                     0x080020a1   Thumb Code    20  stm32f1xx_hal_rcc.o(i.HAL_RCC_GetPCLK2Freq)
    HAL_RCC_GetSysClockFreq                  0x080020c1   Thumb Code    74  stm32f1xx_hal_rcc.o(i.HAL_RCC_GetSysClockFreq)
    HAL_RCC_OscConfig                        0x0800212d   Thumb Code   778  stm32f1xx_hal_rcc.o(i.HAL_RCC_OscConfig)
    HAL_SYSTICK_Config                       0x0800244d   Thumb Code    40  stm32f1xx_hal_cortex.o(i.HAL_SYSTICK_Config)
    HAL_TIMEx_MasterConfigSynchronization    0x08002475   Thumb Code   104  stm32f1xx_hal_tim_ex.o(i.HAL_TIMEx_MasterConfigSynchronization)
    HAL_TIM_Base_Init                        0x080024f1   Thumb Code    90  stm32f1xx_hal_tim.o(i.HAL_TIM_Base_Init)
    HAL_TIM_Base_MspInit                     0x0800254d   Thumb Code    30  tim.o(i.HAL_TIM_Base_MspInit)
    HAL_TIM_ConfigClockSource                0x08002571   Thumb Code   214  stm32f1xx_hal_tim.o(i.HAL_TIM_ConfigClockSource)
    HAL_TIM_MspPostInit                      0x08002649   Thumb Code    62  tim.o(i.HAL_TIM_MspPostInit)
    HAL_TIM_PWM_ConfigChannel                0x08002691   Thumb Code   198  stm32f1xx_hal_tim.o(i.HAL_TIM_PWM_ConfigChannel)
    HAL_TIM_PWM_Init                         0x08002757   Thumb Code    90  stm32f1xx_hal_tim.o(i.HAL_TIM_PWM_Init)
    HAL_TIM_PWM_MspInit                      0x080027b1   Thumb Code     2  stm32f1xx_hal_tim.o(i.HAL_TIM_PWM_MspInit)
    HAL_TIM_PWM_Start                        0x080027b5   Thumb Code   160  stm32f1xx_hal_tim.o(i.HAL_TIM_PWM_Start)
    HAL_UARTEx_RxEventCallback               0x08002869   Thumb Code     2  stm32f1xx_hal_uart.o(i.HAL_UARTEx_RxEventCallback)
    HAL_UART_ErrorCallback                   0x0800286b   Thumb Code     2  stm32f1xx_hal_uart.o(i.HAL_UART_ErrorCallback)
    HAL_UART_GetState                        0x0800286d   Thumb Code    10  stm32f1xx_hal_uart.o(i.HAL_UART_GetState)
    HAL_UART_IRQHandler                      0x08002879   Thumb Code   520  stm32f1xx_hal_uart.o(i.HAL_UART_IRQHandler)
    HAL_UART_Init                            0x08002a85   Thumb Code    98  stm32f1xx_hal_uart.o(i.HAL_UART_Init)
    HAL_UART_MspInit                         0x08002ae9   Thumb Code   198  usart.o(i.HAL_UART_MspInit)
    HAL_UART_RxCpltCallback                  0x08002bc5   Thumb Code     2  stm32f1xx_hal_uart.o(i.HAL_UART_RxCpltCallback)
    HAL_UART_Transmit_DMA                    0x08002bc9   Thumb Code   114  stm32f1xx_hal_uart.o(i.HAL_UART_Transmit_DMA)
    HAL_UART_TxCpltCallback                  0x08002c49   Thumb Code     2  stm32f1xx_hal_uart.o(i.HAL_UART_TxCpltCallback)
    HAL_UART_TxHalfCpltCallback              0x08002c4b   Thumb Code     2  stm32f1xx_hal_uart.o(i.HAL_UART_TxHalfCpltCallback)
    HardFault_Handler                        0x08002c4d   Thumb Code     2  stm32f1xx_it.o(i.HardFault_Handler)
    I2C1_EV_IRQHandler                       0x08002c51   Thumb Code     6  stm32f1xx_it.o(i.I2C1_EV_IRQHandler)
    I2C2_EV_IRQHandler                       0x08002c5d   Thumb Code     6  stm32f1xx_it.o(i.I2C2_EV_IRQHandler)
    MX_ADC1_Init                             0x0800394d   Thumb Code    72  adc.o(i.MX_ADC1_Init)
    MX_DMA_Init                              0x0800399d   Thumb Code    56  dma.o(i.MX_DMA_Init)
    MX_GPIO_Init                             0x080039d9   Thumb Code    38  gpio.o(i.MX_GPIO_Init)
    MX_I2C1_Init                             0x08003a05   Thumb Code    50  i2c.o(i.MX_I2C1_Init)
    MX_I2C2_Init                             0x08003a45   Thumb Code    50  i2c.o(i.MX_I2C2_Init)
    MX_TIM2_Init                             0x08003a85   Thumb Code   162  tim.o(i.MX_TIM2_Init)
    MX_USART1_UART_Init                      0x08003b2d   Thumb Code    48  usart.o(i.MX_USART1_UART_Init)
    MemManage_Handler                        0x08003b65   Thumb Code     2  stm32f1xx_it.o(i.MemManage_Handler)
    NMI_Handler                              0x08003b67   Thumb Code     2  stm32f1xx_it.o(i.NMI_Handler)
    PendSV_Handler                           0x08003b69   Thumb Code     2  stm32f1xx_it.o(i.PendSV_Handler)
    PidCalculate                             0x08003b6b   Thumb Code   158  pid.o(i.PidCalculate)
    PidInit                                  0x08003c09   Thumb Code    34  pid.o(i.PidInit)
    SVC_Handler                              0x08003c2b   Thumb Code     2  stm32f1xx_it.o(i.SVC_Handler)
    Serial_Debug                             0x08003c2d   Thumb Code    56  serialdebug.o(i.Serial_Debug)
    SysTick_Handler                          0x08003c69   Thumb Code     4  stm32f1xx_it.o(i.SysTick_Handler)
    SystemClock_Config                       0x08003c6d   Thumb Code   122  main.o(i.SystemClock_Config)
    SystemInit                               0x08003ce7   Thumb Code     2  system_stm32f1xx.o(i.SystemInit)
    TIM_Base_SetConfig                       0x08003ce9   Thumb Code   120  stm32f1xx_hal_tim.o(i.TIM_Base_SetConfig)
    TIM_CCxChannelCmd                        0x08003d75   Thumb Code    26  stm32f1xx_hal_tim.o(i.TIM_CCxChannelCmd)
    TIM_ETR_SetConfig                        0x08003d8f   Thumb Code    20  stm32f1xx_hal_tim.o(i.TIM_ETR_SetConfig)
    TIM_OC2_SetConfig                        0x08003e15   Thumb Code    98  stm32f1xx_hal_tim.o(i.TIM_OC2_SetConfig)
    USART1_IRQHandler                        0x080041c1   Thumb Code     6  stm32f1xx_it.o(i.USART1_IRQHandler)
    UsageFault_Handler                       0x080041cd   Thumb Code     2  stm32f1xx_it.o(i.UsageFault_Handler)
    WaterPump_Init                           0x080041d1   Thumb Code    34  waterpump.o(i.WaterPump_Init)
    WaterPump_Speed                          0x080041f9   Thumb Code    38  waterpump.o(i.WaterPump_Speed)
    __kernel_poly                            0x08004249   Thumb Code   170  poly.o(i.__kernel_poly)
    __mathlib_dbl_divzero                    0x080042f5   Thumb Code    12  dunder.o(i.__mathlib_dbl_divzero)
    __mathlib_dbl_infnan                     0x08004305   Thumb Code     6  dunder.o(i.__mathlib_dbl_infnan)
    __mathlib_dbl_invalid                    0x0800430b   Thumb Code    12  dunder.o(i.__mathlib_dbl_invalid)
    log                                      0x080043e5   Thumb Code   808  log.o(i.log)
    main                                     0x08004741   Thumb Code   168  main.o(i.main)
    __aeabi_d2f                              0x080047f9   Thumb Code     0  d2f.o(x$fpl$d2f)
    _d2f                                     0x080047f9   Thumb Code    98  d2f.o(x$fpl$d2f)
    __aeabi_dadd                             0x0800485d   Thumb Code     0  daddsub_clz.o(x$fpl$dadd)
    _dadd                                    0x0800485d   Thumb Code   332  daddsub_clz.o(x$fpl$dadd)
    __fpl_dcheck_NaN1                        0x080049ad   Thumb Code    10  dcheck1.o(x$fpl$dcheck1)
    __fpl_dcmp_Inf                           0x080049bd   Thumb Code    24  dcmpi.o(x$fpl$dcmpinf)
    __aeabi_ddiv                             0x080049d5   Thumb Code     0  ddiv.o(x$fpl$ddiv)
    _ddiv                                    0x080049d5   Thumb Code   552  ddiv.o(x$fpl$ddiv)
    __aeabi_cdcmpeq                          0x08004c85   Thumb Code     0  deqf.o(x$fpl$deqf)
    _dcmpeq                                  0x08004c85   Thumb Code   120  deqf.o(x$fpl$deqf)
    __aeabi_i2d                              0x08004cfd   Thumb Code     0  dflt_clz.o(x$fpl$dflt)
    _dflt                                    0x08004cfd   Thumb Code    46  dflt_clz.o(x$fpl$dflt)
    __aeabi_ui2d                             0x08004d2b   Thumb Code     0  dflt_clz.o(x$fpl$dfltu)
    _dfltu                                   0x08004d2b   Thumb Code    38  dflt_clz.o(x$fpl$dfltu)
    __aeabi_dmul                             0x08004d51   Thumb Code     0  dmul.o(x$fpl$dmul)
    _dmul                                    0x08004d51   Thumb Code   332  dmul.o(x$fpl$dmul)
    __fpl_dnaninf                            0x08004ea5   Thumb Code   156  dnaninf.o(x$fpl$dnaninf)
    __fpl_dretinf                            0x08004f41   Thumb Code    12  dretinf.o(x$fpl$dretinf)
    __aeabi_drsub                            0x08004f4d   Thumb Code     0  daddsub_clz.o(x$fpl$drsb)
    _drsb                                    0x08004f4d   Thumb Code    22  daddsub_clz.o(x$fpl$drsb)
    __aeabi_dsub                             0x08004f65   Thumb Code     0  daddsub_clz.o(x$fpl$dsub)
    _dsub                                    0x08004f65   Thumb Code   464  daddsub_clz.o(x$fpl$dsub)
    __aeabi_f2d                              0x08005139   Thumb Code     0  f2d.o(x$fpl$f2d)
    _f2d                                     0x08005139   Thumb Code    86  f2d.o(x$fpl$f2d)
    __aeabi_fadd                             0x08005191   Thumb Code     0  faddsub_clz.o(x$fpl$fadd)
    _fadd                                    0x08005191   Thumb Code   196  faddsub_clz.o(x$fpl$fadd)
    __fpl_fcheck_NaN1                        0x08005255   Thumb Code     6  fcheck1.o(x$fpl$fcheck1)
    __fpl_fcmp_Inf                           0x08005261   Thumb Code    24  fcmpi.o(x$fpl$fcmpinf)
    __aeabi_fdiv                             0x08005279   Thumb Code     0  fdiv.o(x$fpl$fdiv)
    _fdiv                                    0x08005279   Thumb Code   384  fdiv.o(x$fpl$fdiv)
    __aeabi_f2iz                             0x080053fd   Thumb Code     0  ffix.o(x$fpl$ffix)
    _ffix                                    0x080053fd   Thumb Code    54  ffix.o(x$fpl$ffix)
    __aeabi_f2uiz                            0x08005435   Thumb Code     0  ffixu.o(x$fpl$ffixu)
    _ffixu                                   0x08005435   Thumb Code    62  ffixu.o(x$fpl$ffixu)
    __aeabi_i2f                              0x08005475   Thumb Code     0  fflt_clz.o(x$fpl$fflt)
    _fflt                                    0x08005475   Thumb Code    48  fflt_clz.o(x$fpl$fflt)
    __aeabi_ui2f                             0x080054a5   Thumb Code     0  fflt_clz.o(x$fpl$ffltu)
    _ffltu                                   0x080054a5   Thumb Code    38  fflt_clz.o(x$fpl$ffltu)
    __aeabi_cfcmple                          0x080054cd   Thumb Code     0  fleqf.o(x$fpl$fleqf)
    _fcmple                                  0x080054cd   Thumb Code   104  fleqf.o(x$fpl$fleqf)
    __fpl_fcmple_InfNaN                      0x0800551f   Thumb Code     0  fleqf.o(x$fpl$fleqf)
    __aeabi_fmul                             0x08005535   Thumb Code     0  fmul.o(x$fpl$fmul)
    _fmul                                    0x08005535   Thumb Code   258  fmul.o(x$fpl$fmul)
    __fpl_fnaninf                            0x08005637   Thumb Code   140  fnaninf.o(x$fpl$fnaninf)
    __fpl_fretinf                            0x080056c3   Thumb Code    10  fretinf.o(x$fpl$fretinf)
    __aeabi_cfrcmple                         0x080056cd   Thumb Code     0  frleqf.o(x$fpl$frleqf)
    _frcmple                                 0x080056cd   Thumb Code    98  frleqf.o(x$fpl$frleqf)
    __aeabi_frsub                            0x0800572f   Thumb Code     0  faddsub_clz.o(x$fpl$frsb)
    _frsb                                    0x0800572f   Thumb Code    20  faddsub_clz.o(x$fpl$frsb)
    __aeabi_fsub                             0x08005745   Thumb Code     0  faddsub_clz.o(x$fpl$fsub)
    _fsub                                    0x08005745   Thumb Code   234  faddsub_clz.o(x$fpl$fsub)
    __fpl_return_NaN                         0x0800582f   Thumb Code   100  retnan.o(x$fpl$retnan)
    __ARM_scalbn                             0x08005893   Thumb Code    92  scalbn.o(x$fpl$scalbn)
    __ARM_scalbnf                            0x080058ef   Thumb Code    76  scalbnf.o(x$fpl$scalbnf)
    __fpl_cmpreturn                          0x0800593b   Thumb Code    48  trapv.o(x$fpl$trapveneer)
    AHBPrescTable                            0x0800596a   Data          16  system_stm32f1xx.o(.constdata)
    __I$use$fp                               0x0800596a   Number         0  usenofp.o(x$fpl$usenofp)
    APBPrescTable                            0x0800597a   Data           8  system_stm32f1xx.o(.constdata)
    __mathlib_zero                           0x080059c0   Data           8  qnan.o(.constdata)
    Region$$Table$$Base                      0x080059c8   Number         0  anon$$obj.o(Region$$Table)
    Region$$Table$$Limit                     0x080059e8   Number         0  anon$$obj.o(Region$$Table)
    duty                                     0x20000000   Data           2  main.o(.data)
    pid_Set                                  0x20000004   Data           4  main.o(.data)
    DewSensor_humidity                       0x20000008   Data           4  main.o(.data)
    DewSensor_resister                       0x2000000c   Data           4  main.o(.data)
    AHT10_humidity                           0x20000010   Data           4  main.o(.data)
    AHT10_temperature                        0x20000014   Data           4  main.o(.data)
    uwTickFreq                               0x20000018   Data           1  stm32f1xx_hal.o(.data)
    uwTickPrio                               0x2000001c   Data           4  stm32f1xx_hal.o(.data)
    uwTick                                   0x20000020   Data           4  stm32f1xx_hal.o(.data)
    SystemCoreClock                          0x20000024   Data           4  system_stm32f1xx.o(.data)
    Initialized                              0x20000040   Data           1  serialdebug.o(.data)
    pDebugUSART                              0x2000004c   Data           4  serialdebug.o(.data)
    pid                                      0x20000050   Data          56  main.o(.bss)
    Filter                                   0x20000088   Data         128  main.o(.bss)
    hadc1                                    0x20000108   Data          48  adc.o(.bss)
    hi2c1                                    0x20000138   Data          84  i2c.o(.bss)
    hi2c2                                    0x2000018c   Data          84  i2c.o(.bss)
    htim2                                    0x200001e0   Data          72  tim.o(.bss)
    huart1                                   0x20000228   Data          68  usart.o(.bss)
    hdma_usart1_tx                           0x2000026c   Data          68  usart.o(.bss)
    hdma_usart1_rx                           0x200002b0   Data          68  usart.o(.bss)
    __libspace_start                         0x200003bc   Data          96  libspace.o(.bss)
    __temporary_stack_top$libspace           0x2000041c   Data           0  libspace.o(.bss)



==============================================================================

Memory Map of the image

  Image Entry point : 0x08000131

  Load Region LR_IROM1 (Base: 0x08000000, Size: 0x00005a38, Max: 0x00080000, ABSOLUTE)

    Execution Region ER_IROM1 (Exec base: 0x08000000, Load base: 0x08000000, Size: 0x000059e8, Max: 0x00080000, ABSOLUTE)

    Exec Addr    Load Addr    Size         Type   Attr      Idx    E Section Name        Object

    0x08000000   0x08000000   0x00000130   Data   RO            3    RESET               startup_stm32f103xe.o
    0x08000130   0x08000130   0x00000008   Code   RO         3950  * !!!main             c_w.l(__main.o)
    0x08000138   0x08000138   0x00000034   Code   RO         4278    !!!scatter          c_w.l(__scatter.o)
    0x0800016c   0x0800016c   0x0000001a   Code   RO         4280    !!handler_copy      c_w.l(__scatter_copy.o)
    0x08000186   0x08000186   0x00000002   PAD
    0x08000188   0x08000188   0x0000001c   Code   RO         4282    !!handler_zi        c_w.l(__scatter_zi.o)
    0x080001a4   0x080001a4   0x00000002   Code   RO         4215    .ARM.Collect$$libinit$$00000000  c_w.l(libinit.o)
    0x080001a6   0x080001a6   0x00000000   Code   RO         4051    .ARM.Collect$$libinit$$00000002  c_w.l(libinit2.o)
    0x080001a6   0x080001a6   0x00000000   Code   RO         4053    .ARM.Collect$$libinit$$00000004  c_w.l(libinit2.o)
    0x080001a6   0x080001a6   0x00000000   Code   RO         4056    .ARM.Collect$$libinit$$0000000A  c_w.l(libinit2.o)
    0x080001a6   0x080001a6   0x00000000   Code   RO         4058    .ARM.Collect$$libinit$$0000000C  c_w.l(libinit2.o)
    0x080001a6   0x080001a6   0x00000000   Code   RO         4060    .ARM.Collect$$libinit$$0000000E  c_w.l(libinit2.o)
    0x080001a6   0x080001a6   0x00000000   Code   RO         4063    .ARM.Collect$$libinit$$00000011  c_w.l(libinit2.o)
    0x080001a6   0x080001a6   0x00000000   Code   RO         4065    .ARM.Collect$$libinit$$00000013  c_w.l(libinit2.o)
    0x080001a6   0x080001a6   0x00000000   Code   RO         4067    .ARM.Collect$$libinit$$00000015  c_w.l(libinit2.o)
    0x080001a6   0x080001a6   0x00000000   Code   RO         4069    .ARM.Collect$$libinit$$00000017  c_w.l(libinit2.o)
    0x080001a6   0x080001a6   0x00000000   Code   RO         4071    .ARM.Collect$$libinit$$00000019  c_w.l(libinit2.o)
    0x080001a6   0x080001a6   0x00000000   Code   RO         4073    .ARM.Collect$$libinit$$0000001B  c_w.l(libinit2.o)
    0x080001a6   0x080001a6   0x00000000   Code   RO         4075    .ARM.Collect$$libinit$$0000001D  c_w.l(libinit2.o)
    0x080001a6   0x080001a6   0x00000000   Code   RO         4077    .ARM.Collect$$libinit$$0000001F  c_w.l(libinit2.o)
    0x080001a6   0x080001a6   0x00000000   Code   RO         4079    .ARM.Collect$$libinit$$00000021  c_w.l(libinit2.o)
    0x080001a6   0x080001a6   0x00000000   Code   RO         4081    .ARM.Collect$$libinit$$00000023  c_w.l(libinit2.o)
    0x080001a6   0x080001a6   0x00000000   Code   RO         4083    .ARM.Collect$$libinit$$00000025  c_w.l(libinit2.o)
    0x080001a6   0x080001a6   0x00000000   Code   RO         4087    .ARM.Collect$$libinit$$0000002C  c_w.l(libinit2.o)
    0x080001a6   0x080001a6   0x00000000   Code   RO         4089    .ARM.Collect$$libinit$$0000002E  c_w.l(libinit2.o)
    0x080001a6   0x080001a6   0x00000000   Code   RO         4091    .ARM.Collect$$libinit$$00000030  c_w.l(libinit2.o)
    0x080001a6   0x080001a6   0x00000000   Code   RO         4093    .ARM.Collect$$libinit$$00000032  c_w.l(libinit2.o)
    0x080001a6   0x080001a6   0x00000002   Code   RO         4094    .ARM.Collect$$libinit$$00000033  c_w.l(libinit2.o)
    0x080001a8   0x080001a8   0x00000002   Code   RO         4275    .ARM.Collect$$libshutdown$$00000000  c_w.l(libshutdown.o)
    0x080001aa   0x080001aa   0x00000000   Code   RO         4231    .ARM.Collect$$libshutdown$$00000002  c_w.l(libshutdown2.o)
    0x080001aa   0x080001aa   0x00000000   Code   RO         4233    .ARM.Collect$$libshutdown$$00000004  c_w.l(libshutdown2.o)
    0x080001aa   0x080001aa   0x00000000   Code   RO         4236    .ARM.Collect$$libshutdown$$00000007  c_w.l(libshutdown2.o)
    0x080001aa   0x080001aa   0x00000000   Code   RO         4239    .ARM.Collect$$libshutdown$$0000000A  c_w.l(libshutdown2.o)
    0x080001aa   0x080001aa   0x00000000   Code   RO         4241    .ARM.Collect$$libshutdown$$0000000C  c_w.l(libshutdown2.o)
    0x080001aa   0x080001aa   0x00000000   Code   RO         4244    .ARM.Collect$$libshutdown$$0000000F  c_w.l(libshutdown2.o)
    0x080001aa   0x080001aa   0x00000002   Code   RO         4245    .ARM.Collect$$libshutdown$$00000010  c_w.l(libshutdown2.o)
    0x080001ac   0x080001ac   0x00000000   Code   RO         4018    .ARM.Collect$$rtentry$$00000000  c_w.l(__rtentry.o)
    0x080001ac   0x080001ac   0x00000000   Code   RO         4147    .ARM.Collect$$rtentry$$00000002  c_w.l(__rtentry2.o)
    0x080001ac   0x080001ac   0x00000006   Code   RO         4159    .ARM.Collect$$rtentry$$00000004  c_w.l(__rtentry4.o)
    0x080001b2   0x080001b2   0x00000000   Code   RO         4149    .ARM.Collect$$rtentry$$00000009  c_w.l(__rtentry2.o)
    0x080001b2   0x080001b2   0x00000004   Code   RO         4150    .ARM.Collect$$rtentry$$0000000A  c_w.l(__rtentry2.o)
    0x080001b6   0x080001b6   0x00000000   Code   RO         4152    .ARM.Collect$$rtentry$$0000000C  c_w.l(__rtentry2.o)
    0x080001b6   0x080001b6   0x00000008   Code   RO         4153    .ARM.Collect$$rtentry$$0000000D  c_w.l(__rtentry2.o)
    0x080001be   0x080001be   0x00000002   Code   RO         4220    .ARM.Collect$$rtexit$$00000000  c_w.l(rtexit.o)
    0x080001c0   0x080001c0   0x00000000   Code   RO         4249    .ARM.Collect$$rtexit$$00000002  c_w.l(rtexit2.o)
    0x080001c0   0x080001c0   0x00000004   Code   RO         4250    .ARM.Collect$$rtexit$$00000003  c_w.l(rtexit2.o)
    0x080001c4   0x080001c4   0x00000006   Code   RO         4251    .ARM.Collect$$rtexit$$00000004  c_w.l(rtexit2.o)
    0x080001ca   0x080001ca   0x00000002   PAD
    0x080001cc   0x080001cc   0x00000040   Code   RO            4    .text               startup_stm32f103xe.o
    0x0800020c   0x0800020c   0x0000004e   Code   RO         3946    .text               c_w.l(rt_memclr_w.o)
    0x0800025a   0x0800025a   0x00000006   Code   RO         3948    .text               c_w.l(heapauxi.o)
    0x08000260   0x08000260   0x00000016   Code   RO         4044    .text               c_w.l(_rserrno.o)
    0x08000276   0x08000276   0x00000002   PAD
    0x08000278   0x08000278   0x00000008   Code   RO         4143    .text               c_w.l(libspace.o)
    0x08000280   0x08000280   0x00000008   Code   RO         4164    .text               c_w.l(rt_errno_addr_intlibspace.o)
    0x08000288   0x08000288   0x00000002   Code   RO         4191    .text               c_w.l(use_no_semi.o)
    0x0800028a   0x0800028a   0x00000000   Code   RO         4193    .text               c_w.l(indicate_semi.o)
    0x0800028a   0x0800028a   0x0000004a   Code   RO         4194    .text               c_w.l(sys_stackheap_outer.o)
    0x080002d4   0x080002d4   0x00000012   Code   RO         4200    .text               c_w.l(exit.o)
    0x080002e6   0x080002e6   0x00000002   PAD
    0x080002e8   0x080002e8   0x0000000c   Code   RO         4218    .text               c_w.l(sys_exit.o)
    0x080002f4   0x080002f4   0x00000056   Code   RO          601    i.ADC_ConversionStop_Disable  stm32f1xx_hal_adc.o
    0x0800034a   0x0800034a   0x00000002   PAD
    0x0800034c   0x0800034c   0x0000007c   Code   RO          605    i.ADC_Enable        stm32f1xx_hal_adc.o
    0x080003c8   0x080003c8   0x00000020   Code   RO         3652    i.AHT10_Init        aht10.o
    0x080003e8   0x080003e8   0x000000c0   Code   RO         3653    i.AHT10_Read_predata  aht10.o
    0x080004a8   0x080004a8   0x00000028   Code   RO         3654    i.AHT10_SoftReset   aht10.o
    0x080004d0   0x080004d0   0x00000034   Code   RO         3655    i.AHT10_TrigeMea    aht10.o
    0x08000504   0x08000504   0x00000060   Code   RO         3862    i.AverageFilter     filter.o
    0x08000564   0x08000564   0x0000000c   Code   RO         3863    i.AverageFilterInit  filter.o
    0x08000570   0x08000570   0x00000002   Code   RO          435    i.BusFault_Handler  stm32f1xx_it.o
    0x08000572   0x08000572   0x00000002   PAD
    0x08000574   0x08000574   0x0000000c   Code   RO          436    i.DMA1_Channel4_IRQHandler  stm32f1xx_it.o
    0x08000580   0x08000580   0x0000000c   Code   RO          437    i.DMA1_Channel5_IRQHandler  stm32f1xx_it.o
    0x0800058c   0x0800058c   0x0000002a   Code   RO         1255    i.DMA_SetConfig     stm32f1xx_hal_dma.o
    0x080005b6   0x080005b6   0x00000002   Code   RO          438    i.DebugMon_Handler  stm32f1xx_it.o
    0x080005b8   0x080005b8   0x00000164   Code   RO         3797    i.Debug_Buf_Generate  serialdebug.o
    0x0800071c   0x0800071c   0x0000002a   Code   RO         3799    i.Debug_Buf_Send    serialdebug.o
    0x08000746   0x08000746   0x00000002   PAD
    0x08000748   0x08000748   0x000000e0   Code   RO         3693    i.DewSensor_GetData  dewsensor.o
    0x08000828   0x08000828   0x00000018   Code   RO         3694    i.DewSensor_Init    dewsensor.o
    0x08000840   0x08000840   0x00000004   Code   RO           13    i.Error_Handler     main.o
    0x08000844   0x08000844   0x000000d8   Code   RO          781    i.HAL_ADCEx_Calibration_Start  stm32f1xx_hal_adc_ex.o
    0x0800091c   0x0800091c   0x000000fc   Code   RO          607    i.HAL_ADC_ConfigChannel  stm32f1xx_hal_adc.o
    0x08000a18   0x08000a18   0x00000006   Code   RO          614    i.HAL_ADC_GetValue  stm32f1xx_hal_adc.o
    0x08000a1e   0x08000a1e   0x00000002   PAD
    0x08000a20   0x08000a20   0x00000120   Code   RO          616    i.HAL_ADC_Init      stm32f1xx_hal_adc.o
    0x08000b40   0x08000b40   0x00000058   Code   RO          232    i.HAL_ADC_MspInit   adc.o
    0x08000b98   0x08000b98   0x0000013c   Code   RO          620    i.HAL_ADC_PollForConversion  stm32f1xx_hal_adc.o
    0x08000cd4   0x08000cd4   0x000000c0   Code   RO          622    i.HAL_ADC_Start     stm32f1xx_hal_adc.o
    0x08000d94   0x08000d94   0x00000046   Code   RO         1256    i.HAL_DMA_Abort     stm32f1xx_hal_dma.o
    0x08000dda   0x08000dda   0x00000002   PAD
    0x08000ddc   0x08000ddc   0x00000130   Code   RO         1257    i.HAL_DMA_Abort_IT  stm32f1xx_hal_dma.o
    0x08000f0c   0x08000f0c   0x00000006   Code   RO         1260    i.HAL_DMA_GetState  stm32f1xx_hal_dma.o
    0x08000f12   0x08000f12   0x00000002   PAD
    0x08000f14   0x08000f14   0x00000248   Code   RO         1261    i.HAL_DMA_IRQHandler  stm32f1xx_hal_dma.o
    0x0800115c   0x0800115c   0x0000007c   Code   RO         1262    i.HAL_DMA_Init      stm32f1xx_hal_dma.o
    0x080011d8   0x080011d8   0x00000070   Code   RO         1266    i.HAL_DMA_Start_IT  stm32f1xx_hal_dma.o
    0x08001248   0x08001248   0x00000024   Code   RO          884    i.HAL_Delay         stm32f1xx_hal.o
    0x0800126c   0x0800126c   0x000001f8   Code   RO         1192    i.HAL_GPIO_Init     stm32f1xx_hal_gpio.o
    0x08001464   0x08001464   0x0000000c   Code   RO          888    i.HAL_GetTick       stm32f1xx_hal.o
    0x08001470   0x08001470   0x00000002   Code   RO         1852    i.HAL_I2C_AbortCpltCallback  stm32f1xx_hal_i2c.o
    0x08001472   0x08001472   0x00000002   Code   RO         1853    i.HAL_I2C_AddrCallback  stm32f1xx_hal_i2c.o
    0x08001474   0x08001474   0x00000230   Code   RO         1857    i.HAL_I2C_EV_IRQHandler  stm32f1xx_hal_i2c.o
    0x080016a4   0x080016a4   0x00000002   Code   RO         1859    i.HAL_I2C_ErrorCallback  stm32f1xx_hal_i2c.o
    0x080016a6   0x080016a6   0x00000002   PAD
    0x080016a8   0x080016a8   0x00000188   Code   RO         1863    i.HAL_I2C_Init      stm32f1xx_hal_i2c.o
    0x08001830   0x08001830   0x00000002   Code   RO         1865    i.HAL_I2C_ListenCpltCallback  stm32f1xx_hal_i2c.o
    0x08001832   0x08001832   0x00000002   Code   RO         1866    i.HAL_I2C_MasterRxCpltCallback  stm32f1xx_hal_i2c.o
    0x08001834   0x08001834   0x00000002   Code   RO         1867    i.HAL_I2C_MasterTxCpltCallback  stm32f1xx_hal_i2c.o
    0x08001836   0x08001836   0x00000002   PAD
    0x08001838   0x08001838   0x00000244   Code   RO         1869    i.HAL_I2C_Master_Receive  stm32f1xx_hal_i2c.o
    0x08001a7c   0x08001a7c   0x0000012c   Code   RO         1876    i.HAL_I2C_Master_Transmit  stm32f1xx_hal_i2c.o
    0x08001ba8   0x08001ba8   0x00000002   Code   RO         1879    i.HAL_I2C_MemRxCpltCallback  stm32f1xx_hal_i2c.o
    0x08001baa   0x08001baa   0x00000002   Code   RO         1880    i.HAL_I2C_MemTxCpltCallback  stm32f1xx_hal_i2c.o
    0x08001bac   0x08001bac   0x000000b4   Code   RO          298    i.HAL_I2C_MspInit   i2c.o
    0x08001c60   0x08001c60   0x00000002   Code   RO         1889    i.HAL_I2C_SlaveRxCpltCallback  stm32f1xx_hal_i2c.o
    0x08001c62   0x08001c62   0x00000002   Code   RO         1890    i.HAL_I2C_SlaveTxCpltCallback  stm32f1xx_hal_i2c.o
    0x08001c64   0x08001c64   0x00000010   Code   RO          894    i.HAL_IncTick       stm32f1xx_hal.o
    0x08001c74   0x08001c74   0x00000024   Code   RO          895    i.HAL_Init          stm32f1xx_hal.o
    0x08001c98   0x08001c98   0x00000040   Code   RO          896    i.HAL_InitTick      stm32f1xx_hal.o
    0x08001cd8   0x08001cd8   0x0000003c   Code   RO          541    i.HAL_MspInit       stm32f1xx_hal_msp.o
    0x08001d14   0x08001d14   0x0000001a   Code   RO         1352    i.HAL_NVIC_EnableIRQ  stm32f1xx_hal_cortex.o
    0x08001d2e   0x08001d2e   0x00000002   PAD
    0x08001d30   0x08001d30   0x00000040   Code   RO         1358    i.HAL_NVIC_SetPriority  stm32f1xx_hal_cortex.o
    0x08001d70   0x08001d70   0x00000024   Code   RO         1359    i.HAL_NVIC_SetPriorityGrouping  stm32f1xx_hal_cortex.o
    0x08001d94   0x08001d94   0x000000d4   Code   RO         1154    i.HAL_RCCEx_GetPeriphCLKFreq  stm32f1xx_hal_rcc_ex.o
    0x08001e68   0x08001e68   0x000000ec   Code   RO         1155    i.HAL_RCCEx_PeriphCLKConfig  stm32f1xx_hal_rcc_ex.o
    0x08001f54   0x08001f54   0x0000012c   Code   RO         1052    i.HAL_RCC_ClockConfig  stm32f1xx_hal_rcc.o
    0x08002080   0x08002080   0x00000020   Code   RO         1059    i.HAL_RCC_GetPCLK1Freq  stm32f1xx_hal_rcc.o
    0x080020a0   0x080020a0   0x00000020   Code   RO         1060    i.HAL_RCC_GetPCLK2Freq  stm32f1xx_hal_rcc.o
    0x080020c0   0x080020c0   0x0000006c   Code   RO         1061    i.HAL_RCC_GetSysClockFreq  stm32f1xx_hal_rcc.o
    0x0800212c   0x0800212c   0x00000320   Code   RO         1064    i.HAL_RCC_OscConfig  stm32f1xx_hal_rcc.o
    0x0800244c   0x0800244c   0x00000028   Code   RO         1363    i.HAL_SYSTICK_Config  stm32f1xx_hal_cortex.o
    0x08002474   0x08002474   0x0000007c   Code   RO         3009    i.HAL_TIMEx_MasterConfigSynchronization  stm32f1xx_hal_tim_ex.o
    0x080024f0   0x080024f0   0x0000005a   Code   RO         2286    i.HAL_TIM_Base_Init  stm32f1xx_hal_tim.o
    0x0800254a   0x0800254a   0x00000002   PAD
    0x0800254c   0x0800254c   0x00000024   Code   RO          346    i.HAL_TIM_Base_MspInit  tim.o
    0x08002570   0x08002570   0x000000d6   Code   RO         2295    i.HAL_TIM_ConfigClockSource  stm32f1xx_hal_tim.o
    0x08002646   0x08002646   0x00000002   PAD
    0x08002648   0x08002648   0x00000048   Code   RO          347    i.HAL_TIM_MspPostInit  tim.o
    0x08002690   0x08002690   0x000000c6   Code   RO         2358    i.HAL_TIM_PWM_ConfigChannel  stm32f1xx_hal_tim.o
    0x08002756   0x08002756   0x0000005a   Code   RO         2361    i.HAL_TIM_PWM_Init  stm32f1xx_hal_tim.o
    0x080027b0   0x080027b0   0x00000002   Code   RO         2363    i.HAL_TIM_PWM_MspInit  stm32f1xx_hal_tim.o
    0x080027b2   0x080027b2   0x00000002   PAD
    0x080027b4   0x080027b4   0x000000b4   Code   RO         2366    i.HAL_TIM_PWM_Start  stm32f1xx_hal_tim.o
    0x08002868   0x08002868   0x00000002   Code   RO         3268    i.HAL_UARTEx_RxEventCallback  stm32f1xx_hal_uart.o
    0x0800286a   0x0800286a   0x00000002   Code   RO         3282    i.HAL_UART_ErrorCallback  stm32f1xx_hal_uart.o
    0x0800286c   0x0800286c   0x0000000a   Code   RO         3284    i.HAL_UART_GetState  stm32f1xx_hal_uart.o
    0x08002876   0x08002876   0x00000002   PAD
    0x08002878   0x08002878   0x0000020c   Code   RO         3285    i.HAL_UART_IRQHandler  stm32f1xx_hal_uart.o
    0x08002a84   0x08002a84   0x00000062   Code   RO         3286    i.HAL_UART_Init     stm32f1xx_hal_uart.o
    0x08002ae6   0x08002ae6   0x00000002   PAD
    0x08002ae8   0x08002ae8   0x000000dc   Code   RO          394    i.HAL_UART_MspInit  usart.o
    0x08002bc4   0x08002bc4   0x00000002   Code   RO         3292    i.HAL_UART_RxCpltCallback  stm32f1xx_hal_uart.o
    0x08002bc6   0x08002bc6   0x00000002   PAD
    0x08002bc8   0x08002bc8   0x00000080   Code   RO         3295    i.HAL_UART_Transmit_DMA  stm32f1xx_hal_uart.o
    0x08002c48   0x08002c48   0x00000002   Code   RO         3297    i.HAL_UART_TxCpltCallback  stm32f1xx_hal_uart.o
    0x08002c4a   0x08002c4a   0x00000002   Code   RO         3298    i.HAL_UART_TxHalfCpltCallback  stm32f1xx_hal_uart.o
    0x08002c4c   0x08002c4c   0x00000002   Code   RO          439    i.HardFault_Handler  stm32f1xx_it.o
    0x08002c4e   0x08002c4e   0x00000002   PAD
    0x08002c50   0x08002c50   0x0000000c   Code   RO          440    i.I2C1_EV_IRQHandler  stm32f1xx_it.o
    0x08002c5c   0x08002c5c   0x0000000c   Code   RO          441    i.I2C2_EV_IRQHandler  stm32f1xx_it.o
    0x08002c68   0x08002c68   0x000000bc   Code   RO         1901    i.I2C_DMAAbort      stm32f1xx_hal_i2c.o
    0x08002d24   0x08002d24   0x00000158   Code   RO         1904    i.I2C_ITError       stm32f1xx_hal_i2c.o
    0x08002e7c   0x08002e7c   0x0000002e   Code   RO         1905    i.I2C_IsAcknowledgeFailed  stm32f1xx_hal_i2c.o
    0x08002eaa   0x08002eaa   0x000000d2   Code   RO         1906    i.I2C_MasterReceive_BTF  stm32f1xx_hal_i2c.o
    0x08002f7c   0x08002f7c   0x000000e8   Code   RO         1907    i.I2C_MasterReceive_RXNE  stm32f1xx_hal_i2c.o
    0x08003064   0x08003064   0x000000ec   Code   RO         1908    i.I2C_MasterRequestRead  stm32f1xx_hal_i2c.o
    0x08003150   0x08003150   0x0000009c   Code   RO         1909    i.I2C_MasterRequestWrite  stm32f1xx_hal_i2c.o
    0x080031ec   0x080031ec   0x00000082   Code   RO         1910    i.I2C_MasterTransmit_BTF  stm32f1xx_hal_i2c.o
    0x0800326e   0x0800326e   0x00000002   PAD
    0x08003270   0x08003270   0x000000b6   Code   RO         1911    i.I2C_MasterTransmit_TXE  stm32f1xx_hal_i2c.o
    0x08003326   0x08003326   0x00000002   PAD
    0x08003328   0x08003328   0x00000158   Code   RO         1912    i.I2C_Master_ADDR   stm32f1xx_hal_i2c.o
    0x08003480   0x08003480   0x0000008c   Code   RO         1913    i.I2C_Master_SB     stm32f1xx_hal_i2c.o
    0x0800350c   0x0800350c   0x000000a0   Code   RO         1914    i.I2C_MemoryTransmit_TXE_BTF  stm32f1xx_hal_i2c.o
    0x080035ac   0x080035ac   0x00000046   Code   RO         1917    i.I2C_Slave_ADDR    stm32f1xx_hal_i2c.o
    0x080035f2   0x080035f2   0x00000002   PAD
    0x080035f4   0x080035f4   0x0000015c   Code   RO         1919    i.I2C_Slave_STOPF   stm32f1xx_hal_i2c.o
    0x08003750   0x08003750   0x0000004c   Code   RO         1920    i.I2C_WaitOnBTFFlagUntilTimeout  stm32f1xx_hal_i2c.o
    0x0800379c   0x0800379c   0x00000068   Code   RO         1921    i.I2C_WaitOnFlagUntilTimeout  stm32f1xx_hal_i2c.o
    0x08003804   0x08003804   0x00000096   Code   RO         1922    i.I2C_WaitOnMasterAddressFlagUntilTimeout  stm32f1xx_hal_i2c.o
    0x0800389a   0x0800389a   0x00000066   Code   RO         1923    i.I2C_WaitOnRXNEFlagUntilTimeout  stm32f1xx_hal_i2c.o
    0x08003900   0x08003900   0x0000004c   Code   RO         1924    i.I2C_WaitOnTXEFlagUntilTimeout  stm32f1xx_hal_i2c.o
    0x0800394c   0x0800394c   0x00000050   Code   RO          233    i.MX_ADC1_Init      adc.o
    0x0800399c   0x0800399c   0x0000003c   Code   RO          273    i.MX_DMA_Init       dma.o
    0x080039d8   0x080039d8   0x0000002c   Code   RO          207    i.MX_GPIO_Init      gpio.o
    0x08003a04   0x08003a04   0x00000040   Code   RO          299    i.MX_I2C1_Init      i2c.o
    0x08003a44   0x08003a44   0x00000040   Code   RO          300    i.MX_I2C2_Init      i2c.o
    0x08003a84   0x08003a84   0x000000a8   Code   RO          348    i.MX_TIM2_Init      tim.o
    0x08003b2c   0x08003b2c   0x00000038   Code   RO          395    i.MX_USART1_UART_Init  usart.o
    0x08003b64   0x08003b64   0x00000002   Code   RO          442    i.MemManage_Handler  stm32f1xx_it.o
    0x08003b66   0x08003b66   0x00000002   Code   RO          443    i.NMI_Handler       stm32f1xx_it.o
    0x08003b68   0x08003b68   0x00000002   Code   RO          444    i.PendSV_Handler    stm32f1xx_it.o
    0x08003b6a   0x08003b6a   0x0000009e   Code   RO         3721    i.PidCalculate      pid.o
    0x08003c08   0x08003c08   0x00000022   Code   RO         3722    i.PidInit           pid.o
    0x08003c2a   0x08003c2a   0x00000002   Code   RO          445    i.SVC_Handler       stm32f1xx_it.o
    0x08003c2c   0x08003c2c   0x0000003c   Code   RO         3800    i.Serial_Debug      serialdebug.o
    0x08003c68   0x08003c68   0x00000004   Code   RO          446    i.SysTick_Handler   stm32f1xx_it.o
    0x08003c6c   0x08003c6c   0x0000007a   Code   RO           14    i.SystemClock_Config  main.o
    0x08003ce6   0x08003ce6   0x00000002   Code   RO         3615    i.SystemInit        system_stm32f1xx.o
    0x08003ce8   0x08003ce8   0x0000008c   Code   RO         2379    i.TIM_Base_SetConfig  stm32f1xx_hal_tim.o
    0x08003d74   0x08003d74   0x0000001a   Code   RO         2380    i.TIM_CCxChannelCmd  stm32f1xx_hal_tim.o
    0x08003d8e   0x08003d8e   0x00000014   Code   RO         2390    i.TIM_ETR_SetConfig  stm32f1xx_hal_tim.o
    0x08003da2   0x08003da2   0x00000010   Code   RO         2391    i.TIM_ITRx_SetConfig  stm32f1xx_hal_tim.o
    0x08003db2   0x08003db2   0x00000002   PAD
    0x08003db4   0x08003db4   0x00000060   Code   RO         2392    i.TIM_OC1_SetConfig  stm32f1xx_hal_tim.o
    0x08003e14   0x08003e14   0x0000006c   Code   RO         2393    i.TIM_OC2_SetConfig  stm32f1xx_hal_tim.o
    0x08003e80   0x08003e80   0x00000068   Code   RO         2394    i.TIM_OC3_SetConfig  stm32f1xx_hal_tim.o
    0x08003ee8   0x08003ee8   0x00000050   Code   RO         2395    i.TIM_OC4_SetConfig  stm32f1xx_hal_tim.o
    0x08003f38   0x08003f38   0x00000022   Code   RO         2397    i.TIM_TI1_ConfigInputStage  stm32f1xx_hal_tim.o
    0x08003f5a   0x08003f5a   0x00000024   Code   RO         2399    i.TIM_TI2_ConfigInputStage  stm32f1xx_hal_tim.o
    0x08003f7e   0x08003f7e   0x00000010   Code   RO         3299    i.UART_DMAAbortOnError  stm32f1xx_hal_uart.o
    0x08003f8e   0x08003f8e   0x0000004a   Code   RO         3300    i.UART_DMAError     stm32f1xx_hal_uart.o
    0x08003fd8   0x08003fd8   0x0000002e   Code   RO         3305    i.UART_DMATransmitCplt  stm32f1xx_hal_uart.o
    0x08004006   0x08004006   0x0000000a   Code   RO         3307    i.UART_DMATxHalfCplt  stm32f1xx_hal_uart.o
    0x08004010   0x08004010   0x00000030   Code   RO         3309    i.UART_EndRxTransfer  stm32f1xx_hal_uart.o
    0x08004040   0x08004040   0x00000012   Code   RO         3310    i.UART_EndTxTransfer  stm32f1xx_hal_uart.o
    0x08004052   0x08004052   0x000000b6   Code   RO         3311    i.UART_Receive_IT   stm32f1xx_hal_uart.o
    0x08004108   0x08004108   0x000000b8   Code   RO         3312    i.UART_SetConfig    stm32f1xx_hal_uart.o
    0x080041c0   0x080041c0   0x0000000c   Code   RO          447    i.USART1_IRQHandler  stm32f1xx_it.o
    0x080041cc   0x080041cc   0x00000002   Code   RO          448    i.UsageFault_Handler  stm32f1xx_it.o
    0x080041ce   0x080041ce   0x00000002   PAD
    0x080041d0   0x080041d0   0x00000028   Code   RO         3742    i.WaterPump_Init    waterpump.o
    0x080041f8   0x080041f8   0x00000030   Code   RO         3743    i.WaterPump_Speed   waterpump.o
    0x08004228   0x08004228   0x00000020   Code   RO         1365    i.__NVIC_SetPriority  stm32f1xx_hal_cortex.o
    0x08004248   0x08004248   0x000000aa   Code   RO         4138    i.__kernel_poly     m_ws.l(poly.o)
    0x080042f2   0x080042f2   0x00000002   PAD
    0x080042f4   0x080042f4   0x00000010   Code   RO         4124    i.__mathlib_dbl_divzero  m_ws.l(dunder.o)
    0x08004304   0x08004304   0x00000006   Code   RO         4125    i.__mathlib_dbl_infnan  m_ws.l(dunder.o)
    0x0800430a   0x0800430a   0x0000000c   Code   RO         4127    i.__mathlib_dbl_invalid  m_ws.l(dunder.o)
    0x08004316   0x08004316   0x00000020   Code   RO         3803    i._float_rounding   serialdebug.o
    0x08004336   0x08004336   0x00000002   PAD
    0x08004338   0x08004338   0x000000ac   Code   RO         3804    i.float2char        serialdebug.o
    0x080043e4   0x080043e4   0x0000035c   Code   RO         4005    i.log               m_ws.l(log.o)
    0x08004740   0x08004740   0x000000b8   Code   RO           15    i.main              main.o
    0x080047f8   0x080047f8   0x00000062   Code   RO         3952    x$fpl$d2f           fz_ws.l(d2f.o)
    0x0800485a   0x0800485a   0x00000002   PAD
    0x0800485c   0x0800485c   0x00000150   Code   RO         4095    x$fpl$dadd          fz_ws.l(daddsub_clz.o)
    0x080049ac   0x080049ac   0x00000010   Code   RO         4101    x$fpl$dcheck1       fz_ws.l(dcheck1.o)
    0x080049bc   0x080049bc   0x00000018   Code   RO         4183    x$fpl$dcmpinf       fz_ws.l(dcmpi.o)
    0x080049d4   0x080049d4   0x000002b0   Code   RO         3955    x$fpl$ddiv          fz_ws.l(ddiv.o)
    0x08004c84   0x08004c84   0x00000078   Code   RO         4103    x$fpl$deqf          fz_ws.l(deqf.o)
    0x08004cfc   0x08004cfc   0x0000002e   Code   RO         3963    x$fpl$dflt          fz_ws.l(dflt_clz.o)
    0x08004d2a   0x08004d2a   0x00000026   Code   RO         3962    x$fpl$dfltu         fz_ws.l(dflt_clz.o)
    0x08004d50   0x08004d50   0x00000154   Code   RO         3968    x$fpl$dmul          fz_ws.l(dmul.o)
    0x08004ea4   0x08004ea4   0x0000009c   Code   RO         4107    x$fpl$dnaninf       fz_ws.l(dnaninf.o)
    0x08004f40   0x08004f40   0x0000000c   Code   RO         4109    x$fpl$dretinf       fz_ws.l(dretinf.o)
    0x08004f4c   0x08004f4c   0x00000016   Code   RO         4096    x$fpl$drsb          fz_ws.l(daddsub_clz.o)
    0x08004f62   0x08004f62   0x00000002   PAD
    0x08004f64   0x08004f64   0x000001d4   Code   RO         4097    x$fpl$dsub          fz_ws.l(daddsub_clz.o)
    0x08005138   0x08005138   0x00000056   Code   RO         3970    x$fpl$f2d           fz_ws.l(f2d.o)
    0x0800518e   0x0800518e   0x00000002   PAD
    0x08005190   0x08005190   0x000000c4   Code   RO         3972    x$fpl$fadd          fz_ws.l(faddsub_clz.o)
    0x08005254   0x08005254   0x0000000c   Code   RO         4115    x$fpl$fcheck1       fz_ws.l(fcheck1.o)
    0x08005260   0x08005260   0x00000018   Code   RO         4185    x$fpl$fcmpinf       fz_ws.l(fcmpi.o)
    0x08005278   0x08005278   0x00000184   Code   RO         3979    x$fpl$fdiv          fz_ws.l(fdiv.o)
    0x080053fc   0x080053fc   0x00000036   Code   RO         3982    x$fpl$ffix          fz_ws.l(ffix.o)
    0x08005432   0x08005432   0x00000002   PAD
    0x08005434   0x08005434   0x0000003e   Code   RO         3986    x$fpl$ffixu         fz_ws.l(ffixu.o)
    0x08005472   0x08005472   0x00000002   PAD
    0x08005474   0x08005474   0x00000030   Code   RO         3991    x$fpl$fflt          fz_ws.l(fflt_clz.o)
    0x080054a4   0x080054a4   0x00000026   Code   RO         3990    x$fpl$ffltu         fz_ws.l(fflt_clz.o)
    0x080054ca   0x080054ca   0x00000002   PAD
    0x080054cc   0x080054cc   0x00000068   Code   RO         4117    x$fpl$fleqf         fz_ws.l(fleqf.o)
    0x08005534   0x08005534   0x00000102   Code   RO         3996    x$fpl$fmul          fz_ws.l(fmul.o)
    0x08005636   0x08005636   0x0000008c   Code   RO         4119    x$fpl$fnaninf       fz_ws.l(fnaninf.o)
    0x080056c2   0x080056c2   0x0000000a   Code   RO         4121    x$fpl$fretinf       fz_ws.l(fretinf.o)
    0x080056cc   0x080056cc   0x00000062   Code   RO         3998    x$fpl$frleqf        fz_ws.l(frleqf.o)
    0x0800572e   0x0800572e   0x00000014   Code   RO         3973    x$fpl$frsb          fz_ws.l(faddsub_clz.o)
    0x08005742   0x08005742   0x00000002   PAD
    0x08005744   0x08005744   0x000000ea   Code   RO         3974    x$fpl$fsub          fz_ws.l(faddsub_clz.o)
    0x0800582e   0x0800582e   0x00000064   Code   RO         4189    x$fpl$retnan        fz_ws.l(retnan.o)
    0x08005892   0x08005892   0x0000005c   Code   RO         4000    x$fpl$scalbn        fz_ws.l(scalbn.o)
    0x080058ee   0x080058ee   0x0000004c   Code   RO         4002    x$fpl$scalbnf       fz_ws.l(scalbnf.o)
    0x0800593a   0x0800593a   0x00000030   Code   RO         4216    x$fpl$trapveneer    fz_ws.l(trapv.o)
    0x0800596a   0x0800596a   0x00000000   Code   RO         4123    x$fpl$usenofp       fz_ws.l(usenofp.o)
    0x0800596a   0x0800596a   0x00000010   Data   RO         3616    .constdata          system_stm32f1xx.o
    0x0800597a   0x0800597a   0x00000008   Data   RO         3617    .constdata          system_stm32f1xx.o
    0x08005982   0x08005982   0x00000006   PAD
    0x08005988   0x08005988   0x00000038   Data   RO         4006    .constdata          m_ws.l(log.o)
    0x080059c0   0x080059c0   0x00000008   Data   RO         4140    .constdata          m_ws.l(qnan.o)
    0x080059c8   0x080059c8   0x00000020   Data   RO         4276    Region$$Table       anon$$obj.o


    Execution Region RW_IRAM1 (Exec base: 0x20000000, Load base: 0x080059e8, Size: 0x00000a20, Max: 0x00010000, ABSOLUTE)

    Exec Addr    Load Addr    Size         Type   Attr      Idx    E Section Name        Object

    0x20000000   0x080059e8   0x00000018   Data   RW           17    .data               main.o
    0x20000018   0x08005a00   0x0000000c   Data   RW          902    .data               stm32f1xx_hal.o
    0x20000024   0x08005a0c   0x00000004   Data   RW         3618    .data               system_stm32f1xx.o
    0x20000028   0x08005a10   0x00000008   Data   RW         3656    .data               aht10.o
    0x20000030   0x08005a18   0x0000000c   Data   RW         3695    .data               dewsensor.o
    0x2000003c   0x08005a24   0x00000002   Data   RW         3744    .data               waterpump.o
    0x2000003e   0x08005a26   0x00000002   PAD
    0x20000040   0x08005a28   0x00000010   Data   RW         3806    .data               serialdebug.o
    0x20000050        -       0x000000b8   Zero   RW           16    .bss                main.o
    0x20000108        -       0x00000030   Zero   RW          234    .bss                adc.o
    0x20000138        -       0x000000a8   Zero   RW          301    .bss                i2c.o
    0x200001e0        -       0x00000048   Zero   RW          349    .bss                tim.o
    0x20000228        -       0x000000cc   Zero   RW          396    .bss                usart.o
    0x200002f4        -       0x000000c8   Zero   RW         3805    .bss                serialdebug.o
    0x200003bc        -       0x00000060   Zero   RW         4144    .bss                c_w.l(libspace.o)
    0x2000041c   0x08005a38   0x00000004   PAD
    0x20000420        -       0x00000200   Zero   RW            2    HEAP                startup_stm32f103xe.o
    0x20000620        -       0x00000400   Zero   RW            1    STACK               startup_stm32f103xe.o


==============================================================================

Image component sizes


      Code (inc. data)   RO Data    RW Data    ZI Data      Debug   Object Name

       168         20          0          0         48       1621   adc.o
       316         38          0          8          0       2525   aht10.o
       248         54          0         12          0       1181   dewsensor.o
        60          4          0          0          0        754   dma.o
       108          6          0          0          0       1508   filter.o
        44          6          0          0          0        771   gpio.o
       308         44          0          0        168       2254   i2c.o
       310         16          0         24        184     520641   main.o
       192          0          0          0          0       1793   pid.o
       662         34          0         16        200       4361   serialdebug.o
        64         26        304          0       1536        804   startup_stm32f103xe.o
       164         28          0         12          0       6465   stm32f1xx_hal.o
      1264         58          0          0          0       6536   stm32f1xx_hal_adc.o
       216          6          0          0          0       1418   stm32f1xx_hal_adc_ex.o
       198         14          0          0          0      28907   stm32f1xx_hal_cortex.o
      1242         52          0          0          0       5629   stm32f1xx_hal_dma.o
       504         42          0          0          0       2264   stm32f1xx_hal_gpio.o
      5146         86          0          0          0      29164   stm32f1xx_hal_i2c.o
        60          8          0          0          0        858   stm32f1xx_hal_msp.o
      1272        100          0          0          0       5156   stm32f1xx_hal_rcc.o
       448         44          0          0          0       2549   stm32f1xx_hal_rcc_ex.o
      1434         76          0          0          0      12268   stm32f1xx_hal_tim.o
       124         20          0          0          0       1312   stm32f1xx_hal_tim_ex.o
      1348         24          0          0          0      11634   stm32f1xx_hal_uart.o
        80         30          0          0          0       5990   stm32f1xx_it.o
         2          0         24          4          0       1095   system_stm32f1xx.o
       276         22          0          0         72       2276   tim.o
       276         30          0          0        204       1856   usart.o
        88         16          0          2          0       1311   waterpump.o

    ----------------------------------------------------------------------
     16666        904        366         80       2412     664901   Object Totals
         0          0         32          0          0          0   (incl. Generated)
        44          0          6          2          0          0   (incl. Padding)

    ----------------------------------------------------------------------

      Code (inc. data)   RO Data    RW Data    ZI Data      Debug   Library Member Name

         8          0          0          0          0         68   __main.o
         0          0          0          0          0          0   __rtentry.o
        12          0          0          0          0          0   __rtentry2.o
         6          0          0          0          0          0   __rtentry4.o
        52          8          0          0          0          0   __scatter.o
        26          0          0          0          0          0   __scatter_copy.o
        28          0          0          0          0          0   __scatter_zi.o
        22          0          0          0          0        100   _rserrno.o
        18          0          0          0          0         80   exit.o
         6          0          0          0          0        152   heapauxi.o
         0          0          0          0          0          0   indicate_semi.o
         2          0          0          0          0          0   libinit.o
         2          0          0          0          0          0   libinit2.o
         2          0          0          0          0          0   libshutdown.o
         2          0          0          0          0          0   libshutdown2.o
         8          4          0          0         96         68   libspace.o
         8          4          0          0          0         68   rt_errno_addr_intlibspace.o
        78          0          0          0          0         80   rt_memclr_w.o
         2          0          0          0          0          0   rtexit.o
        10          0          0          0          0          0   rtexit2.o
        12          4          0          0          0         68   sys_exit.o
        74          0          0          0          0         80   sys_stackheap_outer.o
         2          0          0          0          0         68   use_no_semi.o
        98          4          0          0          0         92   d2f.o
       826         16          0          0          0        348   daddsub_clz.o
        16          4          0          0          0         68   dcheck1.o
        24          0          0          0          0         68   dcmpi.o
       688        140          0          0          0        208   ddiv.o
       120          4          0          0          0         92   deqf.o
        84          0          0          0          0        136   dflt_clz.o
       340         12          0          0          0        104   dmul.o
       156          4          0          0          0         92   dnaninf.o
        12          0          0          0          0         68   dretinf.o
        86          4          0          0          0         84   f2d.o
       450          8          0          0          0        236   faddsub_clz.o
        12          4          0          0          0         68   fcheck1.o
        24          0          0          0          0         68   fcmpi.o
       388         76          0          0          0         96   fdiv.o
        54          4          0          0          0         84   ffix.o
        62          4          0          0          0         84   ffixu.o
        86          0          0          0          0        136   fflt_clz.o
       104          4          0          0          0         84   fleqf.o
       258          4          0          0          0         84   fmul.o
       140          4          0          0          0         84   fnaninf.o
        10          0          0          0          0         68   fretinf.o
        98          0          0          0          0         68   frleqf.o
       100          0          0          0          0         68   retnan.o
        92          0          0          0          0         68   scalbn.o
        76          0          0          0          0         68   scalbnf.o
        48          0          0          0          0         68   trapv.o
         0          0          0          0          0          0   usenofp.o
        34          4          0          0          0        204   dunder.o
       860         52         56          0          0        256   log.o
       170          0          0          0          0         96   poly.o
         0          0          8          0          0          0   qnan.o

    ----------------------------------------------------------------------
      5920        372         64          0        100       4180   Library Totals
        24          0          0          0          4          0   (incl. Padding)

    ----------------------------------------------------------------------

      Code (inc. data)   RO Data    RW Data    ZI Data      Debug   Library Name

       380         20          0          0         96        832   c_w.l
      4452        296          0          0          0       2792   fz_ws.l
      1064         56         64          0          0        556   m_ws.l

    ----------------------------------------------------------------------
      5920        372         64          0        100       4180   Library Totals

    ----------------------------------------------------------------------

==============================================================================


      Code (inc. data)   RO Data    RW Data    ZI Data      Debug   

     22586       1276        430         80       2512     659405   Grand Totals
     22586       1276        430         80       2512     659405   ELF Image Totals
     22586       1276        430         80          0          0   ROM Totals

==============================================================================

    Total RO  Size (Code + RO Data)                23016 (  22.48kB)
    Total RW  Size (RW Data + ZI Data)              2592 (   2.53kB)
    Total ROM Size (Code + RO Data + RW Data)      23096 (  22.55kB)

==============================================================================

