Component: ARM Compiler 5.06 update 6 (build 750) Tool: armlink [4d35ed]

==============================================================================

Section Cross References

    startup_stm32f103xe.o(STACK) refers (Special) to heapauxi.o(.text) for __use_two_region_memory
    startup_stm32f103xe.o(HEAP) refers (Special) to heapauxi.o(.text) for __use_two_region_memory
    startup_stm32f103xe.o(RESET) refers (Special) to heapauxi.o(.text) for __use_two_region_memory
    startup_stm32f103xe.o(RESET) refers to startup_stm32f103xe.o(STACK) for __initial_sp
    startup_stm32f103xe.o(RESET) refers to startup_stm32f103xe.o(.text) for Reset_Handler
    startup_stm32f103xe.o(RESET) refers to stm32f1xx_it.o(i.NMI_Handler) for NMI_Handler
    startup_stm32f103xe.o(RESET) refers to stm32f1xx_it.o(i.HardFault_Handler) for HardFault_Handler
    startup_stm32f103xe.o(RESET) refers to stm32f1xx_it.o(i.MemManage_Handler) for MemManage_Handler
    startup_stm32f103xe.o(RESET) refers to stm32f1xx_it.o(i.BusFault_Handler) for BusFault_Handler
    startup_stm32f103xe.o(RESET) refers to stm32f1xx_it.o(i.UsageFault_Handler) for UsageFault_Handler
    startup_stm32f103xe.o(RESET) refers to stm32f1xx_it.o(i.SVC_Handler) for SVC_Handler
    startup_stm32f103xe.o(RESET) refers to stm32f1xx_it.o(i.DebugMon_Handler) for DebugMon_Handler
    startup_stm32f103xe.o(RESET) refers to stm32f1xx_it.o(i.PendSV_Handler) for PendSV_Handler
    startup_stm32f103xe.o(RESET) refers to stm32f1xx_it.o(i.SysTick_Handler) for SysTick_Handler
    startup_stm32f103xe.o(RESET) refers to stm32f1xx_it.o(i.DMA1_Channel4_IRQHandler) for DMA1_Channel4_IRQHandler
    startup_stm32f103xe.o(RESET) refers to stm32f1xx_it.o(i.DMA1_Channel5_IRQHandler) for DMA1_Channel5_IRQHandler
    startup_stm32f103xe.o(RESET) refers to stm32f1xx_it.o(i.TIM3_IRQHandler) for TIM3_IRQHandler
    startup_stm32f103xe.o(RESET) refers to stm32f1xx_it.o(i.I2C1_EV_IRQHandler) for I2C1_EV_IRQHandler
    startup_stm32f103xe.o(RESET) refers to stm32f1xx_it.o(i.I2C2_EV_IRQHandler) for I2C2_EV_IRQHandler
    startup_stm32f103xe.o(RESET) refers to stm32f1xx_it.o(i.USART1_IRQHandler) for USART1_IRQHandler
    startup_stm32f103xe.o(.text) refers (Special) to heapauxi.o(.text) for __use_two_region_memory
    startup_stm32f103xe.o(.text) refers to system_stm32f1xx.o(i.SystemInit) for SystemInit
    startup_stm32f103xe.o(.text) refers to __main.o(!!!main) for __main
    startup_stm32f103xe.o(.text) refers to startup_stm32f103xe.o(HEAP) for Heap_Mem
    startup_stm32f103xe.o(.text) refers to startup_stm32f103xe.o(STACK) for Stack_Mem
    main.o(i.SystemClock_Config) refers to rt_memclr_w.o(.text) for __aeabi_memclr4
    main.o(i.SystemClock_Config) refers to stm32f1xx_hal_rcc.o(i.HAL_RCC_OscConfig) for HAL_RCC_OscConfig
    main.o(i.SystemClock_Config) refers to stm32f1xx_hal_rcc.o(i.HAL_RCC_ClockConfig) for HAL_RCC_ClockConfig
    main.o(i.SystemClock_Config) refers to stm32f1xx_hal_rcc_ex.o(i.HAL_RCCEx_PeriphCLKConfig) for HAL_RCCEx_PeriphCLKConfig
    main.o(i.main) refers to stm32f1xx_hal.o(i.HAL_Init) for HAL_Init
    main.o(i.main) refers to main.o(i.SystemClock_Config) for SystemClock_Config
    main.o(i.main) refers to gpio.o(i.MX_GPIO_Init) for MX_GPIO_Init
    main.o(i.main) refers to tim.o(i.MX_TIM2_Init) for MX_TIM2_Init
    main.o(i.main) refers to i2c.o(i.MX_I2C1_Init) for MX_I2C1_Init
    main.o(i.main) refers to adc.o(i.MX_ADC1_Init) for MX_ADC1_Init
    main.o(i.main) refers to dma.o(i.MX_DMA_Init) for MX_DMA_Init
    main.o(i.main) refers to usart.o(i.MX_USART1_UART_Init) for MX_USART1_UART_Init
    main.o(i.main) refers to i2c.o(i.MX_I2C2_Init) for MX_I2C2_Init
    main.o(i.main) refers to tim.o(i.MX_TIM3_Init) for MX_TIM3_Init
    main.o(i.main) refers to dewsensor.o(i.DewSensor_Init) for DewSensor_Init
    main.o(i.main) refers to aht10.o(i.AHT10_Init) for AHT10_Init
    main.o(i.main) refers to pid.o(i.PidInit) for PidInit
    main.o(i.main) refers to waterpump.o(i.WaterPump_Init) for WaterPump_Init
    main.o(i.main) refers to filter.o(i.AverageFilterInit) for AverageFilterInit
    main.o(i.main) refers to flowsensor.o(i.Flowsensor_Init) for Flowsensor_Init
    main.o(i.main) refers to dewsensor.o(i.DewSensor_GetData) for DewSensor_GetData
    main.o(i.main) refers to aht10.o(i.AHT10_Read_predata) for AHT10_Read_predata
    main.o(i.main) refers to flowsensor.o(i.Flowsensor_PS2216) for Flowsensor_PS2216
    main.o(i.main) refers to pid.o(i.IntergralSeparationPTD) for IntergralSeparationPTD
    main.o(i.main) refers to ffixu.o(x$fpl$ffixu) for __aeabi_f2uiz
    main.o(i.main) refers to waterpump.o(i.WaterPump_Speed) for WaterPump_Speed
    main.o(i.main) refers to filter.o(i.AverageFilter) for AverageFilter
    main.o(i.main) refers to fflt_clz.o(x$fpl$ffltu) for __aeabi_ui2f
    main.o(i.main) refers to serialdebug.o(i.Serial_Debug) for Serial_Debug
    main.o(i.main) refers to stm32f1xx_hal.o(i.HAL_Delay) for HAL_Delay
    main.o(i.main) refers to main.o(.bss) for .bss
[...]
    i.TIM_TI2_SetConfig                      0x080046b8   Section        0  stm32f1xx_hal_tim.o(i.TIM_TI2_SetConfig)
    TIM_TI2_SetConfig                        0x080046b9   Thumb Code    54  stm32f1xx_hal_tim.o(i.TIM_TI2_SetConfig)
    i.UART_DMAAbortOnError                   0x080046ee   Section        0  stm32f1xx_hal_uart.o(i.UART_DMAAbortOnError)
    UART_DMAAbortOnError                     0x080046ef   Thumb Code    16  stm32f1xx_hal_uart.o(i.UART_DMAAbortOnError)
    i.UART_DMAError                          0x080046fe   Section        0  stm32f1xx_hal_uart.o(i.UART_DMAError)
    UART_DMAError                            0x080046ff   Thumb Code    74  stm32f1xx_hal_uart.o(i.UART_DMAError)
    i.UART_DMATransmitCplt                   0x08004748   Section        0  stm32f1xx_hal_uart.o(i.UART_DMATransmitCplt)
    UART_DMATransmitCplt                     0x08004749   Thumb Code    46  stm32f1xx_hal_uart.o(i.UART_DMATransmitCplt)
    i.UART_DMATxHalfCplt                     0x08004776   Section        0  stm32f1xx_hal_uart.o(i.UART_DMATxHalfCplt)
    UART_DMATxHalfCplt                       0x08004777   Thumb Code    10  stm32f1xx_hal_uart.o(i.UART_DMATxHalfCplt)
    i.UART_EndRxTransfer                     0x08004780   Section        0  stm32f1xx_hal_uart.o(i.UART_EndRxTransfer)
    UART_EndRxTransfer                       0x08004781   Thumb Code    48  stm32f1xx_hal_uart.o(i.UART_EndRxTransfer)
    i.UART_EndTxTransfer                     0x080047b0   Section        0  stm32f1xx_hal_uart.o(i.UART_EndTxTransfer)
    UART_EndTxTransfer                       0x080047b1   Thumb Code    18  stm32f1xx_hal_uart.o(i.UART_EndTxTransfer)
    i.UART_Receive_IT                        0x080047c2   Section        0  stm32f1xx_hal_uart.o(i.UART_Receive_IT)
    UART_Receive_IT                          0x080047c3   Thumb Code   182  stm32f1xx_hal_uart.o(i.UART_Receive_IT)
    i.UART_SetConfig                         0x08004878   Section        0  stm32f1xx_hal_uart.o(i.UART_SetConfig)
    UART_SetConfig                           0x08004879   Thumb Code   178  stm32f1xx_hal_uart.o(i.UART_SetConfig)
    i.USART1_IRQHandler                      0x08004930   Section        0  stm32f1xx_it.o(i.USART1_IRQHandler)
    i.UsageFault_Handler                     0x0800493c   Section        0  stm32f1xx_it.o(i.UsageFault_Handler)
    i.WaterPump_Init                         0x08004940   Section        0  waterpump.o(i.WaterPump_Init)
    i.WaterPump_Speed                        0x08004968   Section        0  waterpump.o(i.WaterPump_Speed)
    i.__NVIC_SetPriority                     0x08004998   Section        0  stm32f1xx_hal_cortex.o(i.__NVIC_SetPriority)
    __NVIC_SetPriority                       0x08004999   Thumb Code    32  stm32f1xx_hal_cortex.o(i.__NVIC_SetPriority)
    i.__kernel_poly                          0x080049b8   Section        0  poly.o(i.__kernel_poly)
    i.__mathlib_dbl_divzero                  0x08004a64   Section        0  dunder.o(i.__mathlib_dbl_divzero)
    i.__mathlib_dbl_infnan                   0x08004a74   Section        0  dunder.o(i.__mathlib_dbl_infnan)
    i.__mathlib_dbl_invalid                  0x08004a7a   Section        0  dunder.o(i.__mathlib_dbl_invalid)
    i._float_rounding                        0x08004a86   Section        0  serialdebug.o(i._float_rounding)
    _float_rounding                          0x08004a87   Thumb Code    32  serialdebug.o(i._float_rounding)
    i.float2char                             0x08004aa8   Section        0  serialdebug.o(i.float2char)
    float2char                               0x08004aa9   Thumb Code   166  serialdebug.o(i.float2char)
    i.log                                    0x08004b54   Section        0  log.o(i.log)
    i.main                                   0x08004eb0   Section        0  main.o(i.main)
    x$fpl$d2f                                0x08004f88   Section       98  d2f.o(x$fpl$d2f)
    x$fpl$dadd                               0x08004fec   Section      336  daddsub_clz.o(x$fpl$dadd)
    _dadd1                                   0x08004ffd   Thumb Code     0  daddsub_clz.o(x$fpl$dadd)
    x$fpl$dcheck1                            0x0800513c   Section       16  dcheck1.o(x$fpl$dcheck1)
    x$fpl$dcmpinf                            0x0800514c   Section       24  dcmpi.o(x$fpl$dcmpinf)
    x$fpl$ddiv                               0x08005164   Section      688  ddiv.o(x$fpl$ddiv)
    ddiv_entry                               0x0800516b   Thumb Code     0  ddiv.o(x$fpl$ddiv)
    x$fpl$deqf                               0x08005414   Section      120  deqf.o(x$fpl$deqf)
    x$fpl$dflt                               0x0800548c   Section       46  dflt_clz.o(x$fpl$dflt)
    x$fpl$dfltu                              0x080054ba   Section       38  dflt_clz.o(x$fpl$dfltu)
    x$fpl$dmul                               0x080054e0   Section      340  dmul.o(x$fpl$dmul)
    x$fpl$dnaninf                            0x08005634   Section      156  dnaninf.o(x$fpl$dnaninf)
    x$fpl$dretinf                            0x080056d0   Section       12  dretinf.o(x$fpl$dretinf)
    x$fpl$drsb                               0x080056dc   Section       22  daddsub_clz.o(x$fpl$drsb)
    x$fpl$dsub                               0x080056f4   Section      468  daddsub_clz.o(x$fpl$dsub)
    _dsub1                                   0x08005705   Thumb Code     0  daddsub_clz.o(x$fpl$dsub)
    x$fpl$f2d                                0x080058c8   Section       86  f2d.o(x$fpl$f2d)
    x$fpl$fadd                               0x08005920   Section      196  faddsub_clz.o(x$fpl$fadd)
    _fadd1                                   0x0800592f   Thumb Code     0  faddsub_clz.o(x$fpl$fadd)
    x$fpl$fcheck1                            0x080059e4   Section       12  fcheck1.o(x$fpl$fcheck1)
    x$fpl$fcmpinf                            0x080059f0   Section       24  fcmpi.o(x$fpl$fcmpinf)
    x$fpl$fdiv                               0x08005a08   Section      388  fdiv.o(x$fpl$fdiv)
    _fdiv1                                   0x08005a09   Thumb Code     0  fdiv.o(x$fpl$fdiv)
    x$fpl$ffix                               0x08005b8c   Section       54  ffix.o(x$fpl$ffix)
    x$fpl$ffixu                              0x08005bc4   Section       62  ffixu.o(x$fpl$ffixu)
    x$fpl$fflt                               0x08005c04   Section       48  fflt_clz.o(x$fpl$fflt)
    x$fpl$ffltu                              0x08005c34   Section       38  fflt_clz.o(x$fpl$ffltu)
    x$fpl$fleqf                              0x08005c5c   Section      104  fleqf.o(x$fpl$fleqf)
    x$fpl$fmul                               0x08005cc4   Section      258  fmul.o(x$fpl$fmul)
    x$fpl$fnaninf                            0x08005dc6   Section      140  fnaninf.o(x$fpl$fnaninf)
    x$fpl$fretinf                            0x08005e52   Section       10  fretinf.o(x$fpl$fretinf)
    x$fpl$frleqf                             0x08005e5c   Section       98  frleqf.o(x$fpl$frleqf)
    x$fpl$frsb                               0x08005ebe   Section       20  faddsub_clz.o(x$fpl$frsb)
    x$fpl$fsub                               0x08005ed4   Section      234  faddsub_clz.o(x$fpl$fsub)
    _fsub1                                   0x08005ee3   Thumb Code     0  faddsub_clz.o(x$fpl$fsub)
    x$fpl$retnan                             0x08005fbe   Section      100  retnan.o(x$fpl$retnan)
    x$fpl$scalbn                             0x08006022   Section       92  scalbn.o(x$fpl$scalbn)
    x$fpl$scalbnf                            0x0800607e   Section       76  scalbnf.o(x$fpl$scalbnf)
    x$fpl$trapveneer                         0x080060ca   Section       48  trapv.o(x$fpl$trapveneer)
    .constdata                               0x080060fa   Section       16  system_stm32f1xx.o(.constdata)
    x$fpl$usenofp                            0x080060fa   Section        0  usenofp.o(x$fpl$usenofp)
    .constdata                               0x0800610a   Section        8  system_stm32f1xx.o(.constdata)
    .constdata                               0x08006118   Section       56  log.o(.constdata)
    Lg2                                      0x08006118   Data          24  log.o(.constdata)
    Lg                                       0x08006130   Data          32  log.o(.constdata)
    .constdata                               0x08006150   Section        8  qnan.o(.constdata)
    .data                                    0x20000000   Section       32  main.o(.data)
    .data                                    0x20000020   Section       12  stm32f1xx_hal.o(.data)
    .data                                    0x2000002c   Section        4  system_stm32f1xx.o(.data)
    .data                                    0x20000030   Section        8  aht10.o(.data)
    humi                                     0x20000030   Data           4  aht10.o(.data)
    temp                                     0x20000034   Data           4  aht10.o(.data)
    .data                                    0x20000038   Section       12  dewsensor.o(.data)
    ADC_Value                                0x20000038   Data           2  dewsensor.o(.data)
    ADC1_voltage                             0x2000003c   Data           4  dewsensor.o(.data)
    Parallel_resister                        0x20000040   Data           4  dewsensor.o(.data)
    .data                                    0x20000044   Section        2  waterpump.o(.data)
    pwm_front                                0x20000044   Data           2  waterpump.o(.data)
    .data                                    0x20000048   Section       16  serialdebug.o(.data)
    Debug_Count                              0x20000049   Data           1  serialdebug.o(.data)
    integer                                  0x2000004c   Data           4  serialdebug.o(.data)
    decimal                                  0x20000050   Data           4  serialdebug.o(.data)
    .bss                                     0x20000058   Section      184  main.o(.bss)
    .bss                                     0x20000110   Section       48  adc.o(.bss)
    .bss                                     0x20000140   Section      168  i2c.o(.bss)
    .bss                                     0x200001e8   Section      144  tim.o(.bss)
    .bss                                     0x20000278   Section      204  usart.o(.bss)
    .bss                                     0x20000344   Section      200  serialdebug.o(.bss)
    DebugBuffer                              0x20000344   Data         200  serialdebug.o(.bss)
    .bss                                     0x2000040c   Section       24  flowsensor.o(.bss)
    .bss                                     0x20000424   Section       96  libspace.o(.bss)
    HEAP                                     0x20000488   Section      512  startup_stm32f103xe.o(HEAP)
    Heap_Mem                                 0x20000488   Data         512  startup_stm32f103xe.o(HEAP)
    STACK                                    0x20000688   Section     1024  startup_stm32f103xe.o(STACK)
    Stack_Mem                                0x20000688   Data        1024  startup_stm32f103xe.o(STACK)
    __initial_sp                             0x20000a88   Data           0  startup_stm32f103xe.o(STACK)

    Global Symbols

    Symbol Name                              Value     Ov Type        Size  Object(Section)

    BuildAttributes$$THM_ISAv4$P$D$K$B$S$PE$A:L22UL41UL21$X:L11$S22US41US21$IEEE1$IW$USESV6$~STKCKD$USESV7$~SHL$OTIME$ROPI$IEEEX$EBA8$UX$STANDARDLIB$REQ8$PRES8$EABIv2 0x00000000   Number         0  anon$$obj.o ABSOLUTE
    __ARM_use_no_argv                        0x00000000   Number         0  main.o ABSOLUTE
    __ARM_exceptions_init                     - Undefined Weak Reference
    __alloca_initialize                       - Undefined Weak Reference
    __arm_preinit_                            - Undefined Weak Reference
    __cpp_initialize__aeabi_                  - Undefined Weak Reference
    __cxa_finalize                            - Undefined Weak Reference
    __rt_locale                               - Undefined Weak Reference
    __sigvec_lookup                           - Undefined Weak Reference
    __user_heap_extent                        - Undefined Weak Reference
    _atexit_init                              - Undefined Weak Reference
    _call_atexit_fns                          - Undefined Weak Reference
    _clock_init                               - Undefined Weak Reference
    _fp_trap_init                             - Undefined Weak Reference
    _fp_trap_shutdown                         - Undefined Weak Reference
    _get_lc_collate                           - Undefined Weak Reference
    _get_lc_ctype                             - Undefined Weak Reference
    _get_lc_monetary                          - Undefined Weak Reference
    _get_lc_numeric                           - Undefined Weak Reference
    _get_lc_time                              - Undefined Weak Reference
    _getenv_init                              - Undefined Weak Reference
    _handle_redirection                       - Undefined Weak Reference
    _initio                                   - Undefined Weak Reference
    _mutex_acquire                            - Undefined Weak Reference
    _mutex_free                               - Undefined Weak Reference
    _mutex_release                            - Undefined Weak Reference
    _rand_init                                - Undefined Weak Reference
    _signal_finish                            - Undefined Weak Reference
    _signal_init                              - Undefined Weak Reference
    _terminateio                              - Undefined Weak Reference
    __Vectors_Size                           0x00000130   Number         0  startup_stm32f103xe.o ABSOLUTE
    __Vectors                                0x08000000   Data           4  startup_stm32f103xe.o(RESET)
    __Vectors_End                            0x08000130   Data           0  startup_stm32f103xe.o(RESET)
    __main                                   0x08000131   Thumb Code     8  __main.o(!!!main)
    __scatterload                            0x08000139   Thumb Code     0  __scatter.o(!!!scatter)
    __scatterload_rt2                        0x08000139   Thumb Code    44  __scatter.o(!!!scatter)
    __scatterload_rt2_thumb_only             0x08000139   Thumb Code     0  __scatter.o(!!!scatter)
    __scatterload_null                       0x08000147   Thumb Code     0  __scatter.o(!!!scatter)
    __scatterload_copy                       0x0800016d   Thumb Code    26  __scatter_copy.o(!!handler_copy)
    __scatterload_zeroinit                   0x08000189   Thumb Code    28  __scatter_zi.o(!!handler_zi)
    __rt_lib_init                            0x080001a5   Thumb Code     0  libinit.o(.ARM.Collect$$libinit$$00000000)
    __rt_lib_init_alloca_1                   0x080001a7   Thumb Code     0  libinit2.o(.ARM.Collect$$libinit$$0000002E)
    __rt_lib_init_argv_1                     0x080001a7   Thumb Code     0  libinit2.o(.ARM.Collect$$libinit$$0000002C)
    __rt_lib_init_atexit_1                   0x080001a7   Thumb Code     0  libinit2.o(.ARM.Collect$$libinit$$0000001B)
    __rt_lib_init_clock_1                    0x080001a7   Thumb Code     0  libinit2.o(.ARM.Collect$$libinit$$00000021)
    __rt_lib_init_cpp_1                      0x080001a7   Thumb Code     0  libinit2.o(.ARM.Collect$$libinit$$00000032)
    __rt_lib_init_exceptions_1               0x080001a7   Thumb Code     0  libinit2.o(.ARM.Collect$$libinit$$00000030)
    __rt_lib_init_fp_1                       0x080001a7   Thumb Code     0  libinit2.o(.ARM.Collect$$libinit$$00000002)
    __rt_lib_init_fp_trap_1                  0x080001a7   Thumb Code     0  libinit2.o(.ARM.Collect$$libinit$$0000001F)
    __rt_lib_init_getenv_1                   0x080001a7   Thumb Code     0  libinit2.o(.ARM.Collect$$libinit$$00000023)
    __rt_lib_init_heap_1                     0x080001a7   Thumb Code     0  libinit2.o(.ARM.Collect$$libinit$$0000000A)
    __rt_lib_init_lc_collate_1               0x080001a7   Thumb Code     0  libinit2.o(.ARM.Collect$$libinit$$00000011)
    __rt_lib_init_lc_ctype_1                 0x080001a7   Thumb Code     0  libinit2.o(.ARM.Collect$$libinit$$00000013)
    __rt_lib_init_lc_monetary_1              0x080001a7   Thumb Code     0  libinit2.o(.ARM.Collect$$libinit$$00000015)
    __rt_lib_init_lc_numeric_1               0x080001a7   Thumb Code     0  libinit2.o(.ARM.Collect$$libinit$$00000017)
    __rt_lib_init_lc_time_1                  0x080001a7   Thumb Code     0  libinit2.o(.ARM.Collect$$libinit$$00000019)
    __rt_lib_init_preinit_1                  0x080001a7   Thumb Code     0  libinit2.o(.ARM.Collect$$libinit$$00000004)
    __rt_lib_init_rand_1                     0x080001a7   Thumb Code     0  libinit2.o(.ARM.Collect$$libinit$$0000000E)
    __rt_lib_init_return                     0x080001a7   Thumb Code     0  libinit2.o(.ARM.Collect$$libinit$$00000033)
    __rt_lib_init_signal_1                   0x080001a7   Thumb Code     0  libinit2.o(.ARM.Collect$$libinit$$0000001D)
    __rt_lib_init_stdio_1                    0x080001a7   Thumb Code     0  libinit2.o(.ARM.Collect$$libinit$$00000025)
    __rt_lib_init_user_alloc_1               0x080001a7   Thumb Code     0  libinit2.o(.ARM.Collect$$libinit$$0000000C)
    __rt_lib_shutdown                        0x080001a9   Thumb Code     0  libshutdown.o(.ARM.Collect$$libshutdown$$00000000)
    __rt_lib_shutdown_cpp_1                  0x080001ab   Thumb Code     0  libshutdown2.o(.ARM.Collect$$libshutdown$$00000002)
    __rt_lib_shutdown_fp_trap_1              0x080001ab   Thumb Code     0  libshutdown2.o(.ARM.Collect$$libshutdown$$00000007)
    __rt_lib_shutdown_heap_1                 0x080001ab   Thumb Code     0  libshutdown2.o(.ARM.Collect$$libshutdown$$0000000F)
    __rt_lib_shutdown_return                 0x080001ab   Thumb Code     0  libshutdown2.o(.ARM.Collect$$libshutdown$$00000010)
    __rt_lib_shutdown_signal_1               0x080001ab   Thumb Code     0  libshutdown2.o(.ARM.Collect$$libshutdown$$0000000A)
    __rt_lib_shutdown_stdio_1                0x080001ab   Thumb Code     0  libshutdown2.o(.ARM.Collect$$libshutdown$$00000004)
    __rt_lib_shutdown_user_alloc_1           0x080001ab   Thumb Code     0  libshutdown2.o(.ARM.Collect$$libshutdown$$0000000C)
    __rt_entry                               0x080001ad   Thumb Code     0  __rtentry.o(.ARM.Collect$$rtentry$$00000000)
    __rt_entry_presh_1                       0x080001ad   Thumb Code     0  __rtentry2.o(.ARM.Collect$$rtentry$$00000002)
    __rt_entry_sh                            0x080001ad   Thumb Code     0  __rtentry4.o(.ARM.Collect$$rtentry$$00000004)
    __rt_entry_li                            0x080001b3   Thumb Code     0  __rtentry2.o(.ARM.Collect$$rtentry$$0000000A)
    __rt_entry_postsh_1                      0x080001b3   Thumb Code     0  __rtentry2.o(.ARM.Collect$$rtentry$$00000009)
    __rt_entry_main                          0x080001b7   Thumb Code     0  __rtentry2.o(.ARM.Collect$$rtentry$$0000000D)
    __rt_entry_postli_1                      0x080001b7   Thumb Code     0  __rtentry2.o(.ARM.Collect$$rtentry$$0000000C)
    __rt_exit                                0x080001bf   Thumb Code     0  rtexit.o(.ARM.Collect$$rtexit$$00000000)
    __rt_exit_ls                             0x080001c1   Thumb Code     0  rtexit2.o(.ARM.Collect$$rtexit$$00000003)
    __rt_exit_prels_1                        0x080001c1   Thumb Code     0  rtexit2.o(.ARM.Collect$$rtexit$$00000002)
    __rt_exit_exit                           0x080001c5   Thumb Code     0  rtexit2.o(.ARM.Collect$$rtexit$$00000004)
    Reset_Handler                            0x080001cd   Thumb Code     8  startup_stm32f103xe.o(.text)
    ADC1_2_IRQHandler                        0x080001e7   Thumb Code     0  startup_stm32f103xe.o(.text)
    ADC3_IRQHandler                          0x080001e7   Thumb Code     0  startup_stm32f103xe.o(.text)
    CAN1_RX1_IRQHandler                      0x080001e7   Thumb Code     0  startup_stm32f103xe.o(.text)
    CAN1_SCE_IRQHandler                      0x080001e7   Thumb Code     0  startup_stm32f103xe.o(.text)
    DMA1_Channel1_IRQHandler                 0x080001e7   Thumb Code     0  startup_stm32f103xe.o(.text)
    DMA1_Channel2_IRQHandler                 0x080001e7   Thumb Code     0  startup_stm32f103xe.o(.text)
    DMA1_Channel3_IRQHandler                 0x080001e7   Thumb Code     0  startup_stm32f103xe.o(.text)
    DMA1_Channel6_IRQHandler                 0x080001e7   Thumb Code     0  startup_stm32f103xe.o(.text)
    DMA1_Channel7_IRQHandler                 0x080001e7   Thumb Code     0  startup_stm32f103xe.o(.text)
    DMA2_Channel1_IRQHandler                 0x080001e7   Thumb Code     0  startup_stm32f103xe.o(.text)
    DMA2_Channel2_IRQHandler                 0x080001e7   Thumb Code     0  startup_stm32f103xe.o(.text)
    DMA2_Channel3_IRQHandler                 0x080001e7   Thumb Code     0  startup_stm32f103xe.o(.text)
    DMA2_Channel4_5_IRQHandler               0x080001e7   Thumb Code     0  startup_stm32f103xe.o(.text)
    EXTI0_IRQHandler                         0x080001e7   Thumb Code     0  startup_stm32f103xe.o(.text)
    EXTI15_10_IRQHandler                     0x080001e7   Thumb Code     0  startup_stm32f103xe.o(.text)
    EXTI1_IRQHandler                         0x080001e7   Thumb Code     0  startup_stm32f103xe.o(.text)
    EXTI2_IRQHandler                         0x080001e7   Thumb Code     0  startup_stm32f103xe.o(.text)
    EXTI3_IRQHandler                         0x080001e7   Thumb Code     0  startup_stm32f103xe.o(.text)
    EXTI4_IRQHandler                         0x080001e7   Thumb Code     0  startup_stm32f103xe.o(.text)
    EXTI9_5_IRQHandler                       0x080001e7   Thumb Code     0  startup_stm32f103xe.o(.text)
    FLASH_IRQHandler                         0x080001e7   Thumb Code     0  startup_stm32f103xe.o(.text)
    FSMC_IRQHandler                          0x080001e7   Thumb Code     0  startup_stm32f103xe.o(.text)
    I2C1_ER_IRQHandler                       0x080001e7   Thumb Code     0  startup_stm32f103xe.o(.text)
    I2C2_ER_IRQHandler                       0x080001e7   Thumb Code     0  startup_stm32f103xe.o(.text)
    PVD_IRQHandler                           0x080001e7   Thumb Code     0  startup_stm32f103xe.o(.text)
    RCC_IRQHandler                           0x080001e7   Thumb Code     0  startup_stm32f103xe.o(.text)
    RTC_Alarm_IRQHandler                     0x080001e7   Thumb Code     0  startup_stm32f103xe.o(.text)
    RTC_IRQHandler                           0x080001e7   Thumb Code     0  startup_stm32f103xe.o(.text)
    SDIO_IRQHandler                          0x080001e7   Thumb Code     0  startup_stm32f103xe.o(.text)
    SPI1_IRQHandler                          0x080001e7   Thumb Code     0  startup_stm32f103xe.o(.text)
    SPI2_IRQHandler                          0x080001e7   Thumb Code     0  startup_stm32f103xe.o(.text)
    SPI3_IRQHandler                          0x080001e7   Thumb Code     0  startup_stm32f103xe.o(.text)
    TAMPER_IRQHandler                        0x080001e7   Thumb Code     0  startup_stm32f103xe.o(.text)
    TIM1_BRK_IRQHandler                      0x080001e7   Thumb Code     0  startup_stm32f103xe.o(.text)
    TIM1_CC_IRQHandler                       0x080001e7   Thumb Code     0  startup_stm32f103xe.o(.text)
    TIM1_TRG_COM_IRQHandler                  0x080001e7   Thumb Code     0  startup_stm32f103xe.o(.text)
    TIM1_UP_IRQHandler                       0x080001e7   Thumb Code     0  startup_stm32f103xe.o(.text)
    TIM2_IRQHandler                          0x080001e7   Thumb Code     0  startup_stm32f103xe.o(.text)
    TIM4_IRQHandler                          0x080001e7   Thumb Code     0  startup_stm32f103xe.o(.text)
    TIM5_IRQHandler                          0x080001e7   Thumb Code     0  startup_stm32f103xe.o(.text)
    TIM6_IRQHandler                          0x080001e7   Thumb Code     0  startup_stm32f103xe.o(.text)
    TIM7_IRQHandler                          0x080001e7   Thumb Code     0  startup_stm32f103xe.o(.text)
    TIM8_BRK_IRQHandler                      0x080001e7   Thumb Code     0  startup_stm32f103xe.o(.text)
    TIM8_CC_IRQHandler                       0x080001e7   Thumb Code     0  startup_stm32f103xe.o(.text)
    TIM8_TRG_COM_IRQHandler                  0x080001e7   Thumb Code     0  startup_stm32f103xe.o(.text)
    TIM8_UP_IRQHandler                       0x080001e7   Thumb Code     0  startup_stm32f103xe.o(.text)
    UART4_IRQHandler                         0x080001e7   Thumb Code     0  startup_stm32f103xe.o(.text)
    UART5_IRQHandler                         0x080001e7   Thumb Code     0  startup_stm32f103xe.o(.text)
    USART2_IRQHandler                        0x080001e7   Thumb Code     0  startup_stm32f103xe.o(.text)
    USART3_IRQHandler                        0x080001e7   Thumb Code     0  startup_stm32f103xe.o(.text)
    USBWakeUp_IRQHandler                     0x080001e7   Thumb Code     0  startup_stm32f103xe.o(.text)
    USB_HP_CAN1_TX_IRQHandler                0x080001e7   Thumb Code     0  startup_stm32f103xe.o(.text)
    USB_LP_CAN1_RX0_IRQHandler               0x080001e7   Thumb Code     0  startup_stm32f103xe.o(.text)
    WWDG_IRQHandler                          0x080001e7   Thumb Code     0  startup_stm32f103xe.o(.text)
    __user_initial_stackheap                 0x080001e9   Thumb Code     0  startup_stm32f103xe.o(.text)
    __aeabi_memclr4                          0x0800020d   Thumb Code     0  rt_memclr_w.o(.text)
    __aeabi_memclr8                          0x0800020d   Thumb Code     0  rt_memclr_w.o(.text)
    __rt_memclr_w                            0x0800020d   Thumb Code    78  rt_memclr_w.o(.text)
    _memset_w                                0x08000211   Thumb Code     0  rt_memclr_w.o(.text)
    __use_two_region_memory                  0x0800025b   Thumb Code     2  heapauxi.o(.text)
    __rt_heap_escrow                         0x0800025d   Thumb Code     2  heapauxi.o(.text)
    __rt_heap_expand                         0x0800025f   Thumb Code     2  heapauxi.o(.text)
    __read_errno                             0x08000261   Thumb Code    10  _rserrno.o(.text)
    __set_errno                              0x0800026b   Thumb Code    12  _rserrno.o(.text)
    __user_libspace                          0x08000279   Thumb Code     8  libspace.o(.text)
    __user_perproc_libspace                  0x08000279   Thumb Code     0  libspace.o(.text)
    __user_perthread_libspace                0x08000279   Thumb Code     0  libspace.o(.text)
    __aeabi_errno_addr                       0x08000281   Thumb Code     8  rt_errno_addr_intlibspace.o(.text)
    __errno$intlibspace                      0x08000281   Thumb Code     0  rt_errno_addr_intlibspace.o(.text)
    __rt_errno_addr$intlibspace              0x08000281   Thumb Code     0  rt_errno_addr_intlibspace.o(.text)
    __I$use$semihosting                      0x08000289   Thumb Code     0  use_no_semi.o(.text)
    __use_no_semihosting_swi                 0x08000289   Thumb Code     2  use_no_semi.o(.text)
    __semihosting_library_function           0x0800028b   Thumb Code     0  indicate_semi.o(.text)
    __user_setup_stackheap                   0x0800028b   Thumb Code    74  sys_stackheap_outer.o(.text)
    exit                                     0x080002d5   Thumb Code    18  exit.o(.text)
    _sys_exit                                0x080002e9   Thumb Code     8  sys_exit.o(.text)
    ADC_ConversionStop_Disable               0x080002f5   Thumb Code    86  stm32f1xx_hal_adc.o(i.ADC_ConversionStop_Disable)
    ADC_Enable                               0x0800034d   Thumb Code   114  stm32f1xx_hal_adc.o(i.ADC_Enable)
    AHT10_Init                               0x080003c9   Thumb Code    28  aht10.o(i.AHT10_Init)
    AHT10_Read_predata                       0x080003e9   Thumb Code   170  aht10.o(i.AHT10_Read_predata)
    AHT10_SoftReset                          0x080004a9   Thumb Code    34  aht10.o(i.AHT10_SoftReset)
    AHT10_TrigeMea                           0x080004d1   Thumb Code    46  aht10.o(i.AHT10_TrigeMea)
    AverageFilter                            0x08000505   Thumb Code    90  filter.o(i.AverageFilter)
    AverageFilterInit                        0x08000565   Thumb Code    12  filter.o(i.AverageFilterInit)
    BusFault_Handler                         0x08000571   Thumb Code     2  stm32f1xx_it.o(i.BusFault_Handler)
    DMA1_Channel4_IRQHandler                 0x08000575   Thumb Code     6  stm32f1xx_it.o(i.DMA1_Channel4_IRQHandler)
    DMA1_Channel5_IRQHandler                 0x08000581   Thumb Code     6  stm32f1xx_it.o(i.DMA1_Channel5_IRQHandler)
    DebugMon_Handler                         0x080005b7   Thumb Code     2  stm32f1xx_it.o(i.DebugMon_Handler)
    DewSensor_GetData                        0x08000749   Thumb Code   176  dewsensor.o(i.DewSensor_GetData)
    DewSensor_Init                           0x08000829   Thumb Code    18  dewsensor.o(i.DewSensor_Init)
    Error_Handler                            0x08000841   Thumb Code     4  main.o(i.Error_Handler)
    Flowsensor_Init                          0x08000845   Thumb Code    42  flowsensor.o(i.Flowsensor_Init)
    Flowsensor_PS2216                        0x08000875   Thumb Code    34  flowsensor.o(i.Flowsensor_PS2216)
    HAL_ADCEx_Calibration_Start              0x080008a5   Thumb Code   210  stm32f1xx_hal_adc_ex.o(i.HAL_ADCEx_Calibration_Start)
    HAL_ADC_ConfigChannel                    0x0800097d   Thumb Code   240  stm32f1xx_hal_adc.o(i.HAL_ADC_ConfigChannel)
    HAL_ADC_GetValue                         0x08000a79   Thumb Code     6  stm32f1xx_hal_adc.o(i.HAL_ADC_GetValue)
    HAL_ADC_Init                             0x08000a81   Thumb Code   272  stm32f1xx_hal_adc.o(i.HAL_ADC_Init)
    HAL_ADC_MspInit                          0x08000ba1   Thumb Code    76  adc.o(i.HAL_ADC_MspInit)
    HAL_ADC_PollForConversion                0x08000bf9   Thumb Code   304  stm32f1xx_hal_adc.o(i.HAL_ADC_PollForConversion)
    HAL_ADC_Start                            0x08000d35   Thumb Code   184  stm32f1xx_hal_adc.o(i.HAL_ADC_Start)
    HAL_DMA_Abort                            0x08000df5   Thumb Code    70  stm32f1xx_hal_dma.o(i.HAL_DMA_Abort)
    HAL_DMA_Abort_IT                         0x08000e3d   Thumb Code   296  stm32f1xx_hal_dma.o(i.HAL_DMA_Abort_IT)
    HAL_DMA_GetState                         0x08000f6d   Thumb Code     6  stm32f1xx_hal_dma.o(i.HAL_DMA_GetState)
    HAL_DMA_IRQHandler                       0x08000f75   Thumb Code   552  stm32f1xx_hal_dma.o(i.HAL_DMA_IRQHandler)
    HAL_DMA_Init                             0x080011bd   Thumb Code   112  stm32f1xx_hal_dma.o(i.HAL_DMA_Init)
    HAL_DMA_Start_IT                         0x08001239   Thumb Code   112  stm32f1xx_hal_dma.o(i.HAL_DMA_Start_IT)
    HAL_Delay                                0x080012a9   Thumb Code    32  stm32f1xx_hal.o(i.HAL_Delay)
    HAL_GPIO_Init                            0x080012cd   Thumb Code   462  stm32f1xx_hal_gpio.o(i.HAL_GPIO_Init)
    HAL_GetTick                              0x080014c5   Thumb Code     6  stm32f1xx_hal.o(i.HAL_GetTick)
    HAL_I2C_AbortCpltCallback                0x080014d1   Thumb Code     2  stm32f1xx_hal_i2c.o(i.HAL_I2C_AbortCpltCallback)
    HAL_I2C_AddrCallback                     0x080014d3   Thumb Code     2  stm32f1xx_hal_i2c.o(i.HAL_I2C_AddrCallback)
    HAL_I2C_EV_IRQHandler                    0x080014d5   Thumb Code   560  stm32f1xx_hal_i2c.o(i.HAL_I2C_EV_IRQHandler)
    HAL_I2C_ErrorCallback                    0x08001705   Thumb Code     2  stm32f1xx_hal_i2c.o(i.HAL_I2C_ErrorCallback)
    HAL_I2C_Init                             0x08001709   Thumb Code   376  stm32f1xx_hal_i2c.o(i.HAL_I2C_Init)
    HAL_I2C_ListenCpltCallback               0x08001891   Thumb Code     2  stm32f1xx_hal_i2c.o(i.HAL_I2C_ListenCpltCallback)
    HAL_I2C_MasterRxCpltCallback             0x08001893   Thumb Code     2  stm32f1xx_hal_i2c.o(i.HAL_I2C_MasterRxCpltCallback)
    HAL_I2C_MasterTxCpltCallback             0x08001895   Thumb Code     2  stm32f1xx_hal_i2c.o(i.HAL_I2C_MasterTxCpltCallback)
    HAL_I2C_Master_Receive                   0x08001899   Thumb Code   564  stm32f1xx_hal_i2c.o(i.HAL_I2C_Master_Receive)
    HAL_I2C_Master_Transmit                  0x08001add   Thumb Code   290  stm32f1xx_hal_i2c.o(i.HAL_I2C_Master_Transmit)
    HAL_I2C_MemRxCpltCallback                0x08001c09   Thumb Code     2  stm32f1xx_hal_i2c.o(i.HAL_I2C_MemRxCpltCallback)
    HAL_I2C_MemTxCpltCallback                0x08001c0b   Thumb Code     2  stm32f1xx_hal_i2c.o(i.HAL_I2C_MemTxCpltCallback)
    HAL_I2C_MspInit                          0x08001c0d   Thumb Code   164  i2c.o(i.HAL_I2C_MspInit)
    HAL_I2C_SlaveRxCpltCallback              0x08001cc1   Thumb Code     2  stm32f1xx_hal_i2c.o(i.HAL_I2C_SlaveRxCpltCallback)
    HAL_I2C_SlaveTxCpltCallback              0x08001cc3   Thumb Code     2  stm32f1xx_hal_i2c.o(i.HAL_I2C_SlaveTxCpltCallback)
    HAL_IncTick                              0x08001cc5   Thumb Code    12  stm32f1xx_hal.o(i.HAL_IncTick)
    HAL_Init                                 0x08001cd5   Thumb Code    32  stm32f1xx_hal.o(i.HAL_Init)
    HAL_InitTick                             0x08001cf9   Thumb Code    54  stm32f1xx_hal.o(i.HAL_InitTick)
    HAL_MspInit                              0x08001d39   Thumb Code    52  stm32f1xx_hal_msp.o(i.HAL_MspInit)
    HAL_NVIC_EnableIRQ                       0x08001d75   Thumb Code    26  stm32f1xx_hal_cortex.o(i.HAL_NVIC_EnableIRQ)
    HAL_NVIC_SetPriority                     0x08001d91   Thumb Code    60  stm32f1xx_hal_cortex.o(i.HAL_NVIC_SetPriority)
    HAL_NVIC_SetPriorityGrouping             0x08001dd1   Thumb Code    26  stm32f1xx_hal_cortex.o(i.HAL_NVIC_SetPriorityGrouping)
    HAL_RCCEx_GetPeriphCLKFreq               0x08001df5   Thumb Code   180  stm32f1xx_hal_rcc_ex.o(i.HAL_RCCEx_GetPeriphCLKFreq)
    HAL_RCCEx_PeriphCLKConfig                0x08001ec9   Thumb Code   224  stm32f1xx_hal_rcc_ex.o(i.HAL_RCCEx_PeriphCLKConfig)
    HAL_RCC_ClockConfig                      0x08001fb5   Thumb Code   280  stm32f1xx_hal_rcc.o(i.HAL_RCC_ClockConfig)
    HAL_RCC_GetPCLK1Freq                     0x080020e1   Thumb Code    20  stm32f1xx_hal_rcc.o(i.HAL_RCC_GetPCLK1Freq)
    HAL_RCC_GetPCLK2Freq                     0x08002101   Thumb Code    20  stm32f1xx_hal_rcc.o(i.HAL_RCC_GetPCLK2Freq)
    HAL_RCC_GetSysClockFreq                  0x08002121   Thumb Code    74  stm32f1xx_hal_rcc.o(i.HAL_RCC_GetSysClockFreq)
    HAL_RCC_OscConfig                        0x0800218d   Thumb Code   778  stm32f1xx_hal_rcc.o(i.HAL_RCC_OscConfig)
    HAL_SYSTICK_Config                       0x080024ad   Thumb Code    40  stm32f1xx_hal_cortex.o(i.HAL_SYSTICK_Config)
    HAL_TIMEx_BreakCallback                  0x080024d5   Thumb Code     2  stm32f1xx_hal_tim_ex.o(i.HAL_TIMEx_BreakCallback)
    HAL_TIMEx_CommutCallback                 0x080024d7   Thumb Code     2  stm32f1xx_hal_tim_ex.o(i.HAL_TIMEx_CommutCallback)
    HAL_TIMEx_MasterConfigSynchronization    0x080024d9   Thumb Code   104  stm32f1xx_hal_tim_ex.o(i.HAL_TIMEx_MasterConfigSynchronization)
    HAL_TIM_Base_Init                        0x08002555   Thumb Code    90  stm32f1xx_hal_tim.o(i.HAL_TIM_Base_Init)
    HAL_TIM_Base_MspInit                     0x080025b1   Thumb Code   116  tim.o(i.HAL_TIM_Base_MspInit)
    HAL_TIM_Base_Start_IT                    0x08002631   Thumb Code    88  stm32f1xx_hal_tim.o(i.HAL_TIM_Base_Start_IT)
    HAL_TIM_ConfigClockSource                0x0800269d   Thumb Code   214  stm32f1xx_hal_tim.o(i.HAL_TIM_ConfigClockSource)
    HAL_TIM_IC_CaptureCallback               0x08002775   Thumb Code   158  tim.o(i.HAL_TIM_IC_CaptureCallback)
    HAL_TIM_IC_ConfigChannel                 0x08002821   Thumb Code   270  stm32f1xx_hal_tim.o(i.HAL_TIM_IC_ConfigChannel)
    HAL_TIM_IC_Init                          0x0800292f   Thumb Code    90  stm32f1xx_hal_tim.o(i.HAL_TIM_IC_Init)
    HAL_TIM_IC_MspInit                       0x08002989   Thumb Code     2  stm32f1xx_hal_tim.o(i.HAL_TIM_IC_MspInit)
    HAL_TIM_IC_Start_IT                      0x0800298d   Thumb Code   224  stm32f1xx_hal_tim.o(i.HAL_TIM_IC_Start_IT)
    HAL_TIM_IRQHandler                       0x08002a81   Thumb Code   358  stm32f1xx_hal_tim.o(i.HAL_TIM_IRQHandler)
    HAL_TIM_MspPostInit                      0x08002be9   Thumb Code    62  tim.o(i.HAL_TIM_MspPostInit)
    HAL_TIM_OC_DelayElapsedCallback          0x08002c31   Thumb Code     2  stm32f1xx_hal_tim.o(i.HAL_TIM_OC_DelayElapsedCallback)
    HAL_TIM_PWM_ConfigChannel                0x08002c33   Thumb Code   198  stm32f1xx_hal_tim.o(i.HAL_TIM_PWM_ConfigChannel)
    HAL_TIM_PWM_Init                         0x08002cf9   Thumb Code    90  stm32f1xx_hal_tim.o(i.HAL_TIM_PWM_Init)
    HAL_TIM_PWM_MspInit                      0x08002d53   Thumb Code     2  stm32f1xx_hal_tim.o(i.HAL_TIM_PWM_MspInit)
    HAL_TIM_PWM_PulseFinishedCallback        0x08002d55   Thumb Code     2  stm32f1xx_hal_tim.o(i.HAL_TIM_PWM_PulseFinishedCallback)
    HAL_TIM_PWM_Start                        0x08002d59   Thumb Code   160  stm32f1xx_hal_tim.o(i.HAL_TIM_PWM_Start)
    HAL_TIM_PeriodElapsedCallback            0x08002e0d   Thumb Code    62  tim.o(i.HAL_TIM_PeriodElapsedCallback)
    HAL_TIM_ReadCapturedValue                0x08002e55   Thumb Code    42  stm32f1xx_hal_tim.o(i.HAL_TIM_ReadCapturedValue)
    HAL_TIM_TriggerCallback                  0x08002e7f   Thumb Code     2  stm32f1xx_hal_tim.o(i.HAL_TIM_TriggerCallback)
    HAL_UARTEx_RxEventCallback               0x08002e81   Thumb Code     2  stm32f1xx_hal_uart.o(i.HAL_UARTEx_RxEventCallback)
    HAL_UART_ErrorCallback                   0x08002e83   Thumb Code     2  stm32f1xx_hal_uart.o(i.HAL_UART_ErrorCallback)
    HAL_UART_GetState                        0x08002e85   Thumb Code    10  stm32f1xx_hal_uart.o(i.HAL_UART_GetState)
    HAL_UART_IRQHandler                      0x08002e91   Thumb Code   520  stm32f1xx_hal_uart.o(i.HAL_UART_IRQHandler)
    HAL_UART_Init                            0x0800309d   Thumb Code    98  stm32f1xx_hal_uart.o(i.HAL_UART_Init)
    HAL_UART_MspInit                         0x08003101   Thumb Code   198  usart.o(i.HAL_UART_MspInit)
    HAL_UART_RxCpltCallback                  0x080031dd   Thumb Code     2  stm32f1xx_hal_uart.o(i.HAL_UART_RxCpltCallback)
    HAL_UART_Transmit_DMA                    0x080031e1   Thumb Code   114  stm32f1xx_hal_uart.o(i.HAL_UART_Transmit_DMA)
    HAL_UART_TxCpltCallback                  0x08003261   Thumb Code     2  stm32f1xx_hal_uart.o(i.HAL_UART_TxCpltCallback)
    HAL_UART_TxHalfCpltCallback              0x08003263   Thumb Code     2  stm32f1xx_hal_uart.o(i.HAL_UART_TxHalfCpltCallback)
    HardFault_Handler                        0x08003265   Thumb Code     2  stm32f1xx_it.o(i.HardFault_Handler)
    I2C1_EV_IRQHandler                       0x08003269   Thumb Code     6  stm32f1xx_it.o(i.I2C1_EV_IRQHandler)
    I2C2_EV_IRQHandler                       0x08003275   Thumb Code     6  stm32f1xx_it.o(i.I2C2_EV_IRQHandler)
    IntergralSeparationPTD                   0x08003f65   Thumb Code   172  pid.o(i.IntergralSeparationPTD)
    MX_ADC1_Init                             0x08004011   Thumb Code    72  adc.o(i.MX_ADC1_Init)
    MX_DMA_Init                              0x08004061   Thumb Code    56  dma.o(i.MX_DMA_Init)
    MX_GPIO_Init                             0x0800409d   Thumb Code    38  gpio.o(i.MX_GPIO_Init)
    MX_I2C1_Init                             0x080040c9   Thumb Code    50  i2c.o(i.MX_I2C1_Init)
    MX_I2C2_Init                             0x08004109   Thumb Code    50  i2c.o(i.MX_I2C2_Init)
    MX_TIM2_Init                             0x08004149   Thumb Code   162  tim.o(i.MX_TIM2_Init)
    MX_TIM3_Init                             0x080041f1   Thumb Code   142  tim.o(i.MX_TIM3_Init)
    MX_USART1_UART_Init                      0x08004289   Thumb Code    48  usart.o(i.MX_USART1_UART_Init)
    MemManage_Handler                        0x080042c1   Thumb Code     2  stm32f1xx_it.o(i.MemManage_Handler)
    NMI_Handler                              0x080042c3   Thumb Code     2  stm32f1xx_it.o(i.NMI_Handler)
    PendSV_Handler                           0x080042c5   Thumb Code     2  stm32f1xx_it.o(i.PendSV_Handler)
    PidInit                                  0x080042c7   Thumb Code    34  pid.o(i.PidInit)
    SVC_Handler                              0x080042e9   Thumb Code     2  stm32f1xx_it.o(i.SVC_Handler)
    Serial_Debug                             0x080042ed   Thumb Code    56  serialdebug.o(i.Serial_Debug)
    SysTick_Handler                          0x08004329   Thumb Code     4  stm32f1xx_it.o(i.SysTick_Handler)
    SystemClock_Config                       0x0800432d   Thumb Code   122  main.o(i.SystemClock_Config)
    SystemInit                               0x080043a7   Thumb Code     2  system_stm32f1xx.o(i.SystemInit)
    TIM3_IRQHandler                          0x080043a9   Thumb Code     6  stm32f1xx_it.o(i.TIM3_IRQHandler)
    TIM_Base_SetConfig                       0x080043b5   Thumb Code   120  stm32f1xx_hal_tim.o(i.TIM_Base_SetConfig)
    TIM_CCxChannelCmd                        0x08004441   Thumb Code    26  stm32f1xx_hal_tim.o(i.TIM_CCxChannelCmd)
    TIM_ETR_SetConfig                        0x0800445b   Thumb Code    20  stm32f1xx_hal_tim.o(i.TIM_ETR_SetConfig)
    TIM_OC2_SetConfig                        0x080044e1   Thumb Code    98  stm32f1xx_hal_tim.o(i.TIM_OC2_SetConfig)
    TIM_TI1_SetConfig                        0x08004629   Thumb Code    88  stm32f1xx_hal_tim.o(i.TIM_TI1_SetConfig)
    USART1_IRQHandler                        0x08004931   Thumb Code     6  stm32f1xx_it.o(i.USART1_IRQHandler)
    UsageFault_Handler                       0x0800493d   Thumb Code     2  stm32f1xx_it.o(i.UsageFault_Handler)
    WaterPump_Init                           0x08004941   Thumb Code    34  waterpump.o(i.WaterPump_Init)
    WaterPump_Speed                          0x08004969   Thumb Code    38  waterpump.o(i.WaterPump_Speed)
    __kernel_poly                            0x080049b9   Thumb Code   170  poly.o(i.__kernel_poly)
    __mathlib_dbl_divzero                    0x08004a65   Thumb Code    12  dunder.o(i.__mathlib_dbl_divzero)
    __mathlib_dbl_infnan                     0x08004a75   Thumb Code     6  dunder.o(i.__mathlib_dbl_infnan)
    __mathlib_dbl_invalid                    0x08004a7b   Thumb Code    12  dunder.o(i.__mathlib_dbl_invalid)
    log                                      0x08004b55   Thumb Code   808  log.o(i.log)
    main                                     0x08004eb1   Thumb Code   188  main.o(i.main)
    __aeabi_d2f                              0x08004f89   Thumb Code     0  d2f.o(x$fpl$d2f)
    _d2f                                     0x08004f89   Thumb Code    98  d2f.o(x$fpl$d2f)
    __aeabi_dadd                             0x08004fed   Thumb Code     0  daddsub_clz.o(x$fpl$dadd)
    _dadd                                    0x08004fed   Thumb Code   332  daddsub_clz.o(x$fpl$dadd)
    __fpl_dcheck_NaN1                        0x0800513d   Thumb Code    10  dcheck1.o(x$fpl$dcheck1)
    __fpl_dcmp_Inf                           0x0800514d   Thumb Code    24  dcmpi.o(x$fpl$dcmpinf)
    __aeabi_ddiv                             0x08005165   Thumb Code     0  ddiv.o(x$fpl$ddiv)
    _ddiv                                    0x08005165   Thumb Code   552  ddiv.o(x$fpl$ddiv)
    __aeabi_cdcmpeq                          0x08005415   Thumb Code     0  deqf.o(x$fpl$deqf)
    _dcmpeq                                  0x08005415   Thumb Code   120  deqf.o(x$fpl$deqf)
    __aeabi_i2d                              0x0800548d   Thumb Code     0  dflt_clz.o(x$fpl$dflt)
    _dflt                                    0x0800548d   Thumb Code    46  dflt_clz.o(x$fpl$dflt)
    __aeabi_ui2d                             0x080054bb   Thumb Code     0  dflt_clz.o(x$fpl$dfltu)
    _dfltu                                   0x080054bb   Thumb Code    38  dflt_clz.o(x$fpl$dfltu)
    __aeabi_dmul                             0x080054e1   Thumb Code     0  dmul.o(x$fpl$dmul)
    _dmul                                    0x080054e1   Thumb Code   332  dmul.o(x$fpl$dmul)
    __fpl_dnaninf                            0x08005635   Thumb Code   156  dnaninf.o(x$fpl$dnaninf)
    __fpl_dretinf                            0x080056d1   Thumb Code    12  dretinf.o(x$fpl$dretinf)
    __aeabi_drsub                            0x080056dd   Thumb Code     0  daddsub_clz.o(x$fpl$drsb)
    _drsb                                    0x080056dd   Thumb Code    22  daddsub_clz.o(x$fpl$drsb)
    __aeabi_dsub                             0x080056f5   Thumb Code     0  daddsub_clz.o(x$fpl$dsub)
    _dsub                                    0x080056f5   Thumb Code   464  daddsub_clz.o(x$fpl$dsub)
    __aeabi_f2d                              0x080058c9   Thumb Code     0  f2d.o(x$fpl$f2d)
    _f2d                                     0x080058c9   Thumb Code    86  f2d.o(x$fpl$f2d)
    __aeabi_fadd                             0x08005921   Thumb Code     0  faddsub_clz.o(x$fpl$fadd)
    _fadd                                    0x08005921   Thumb Code   196  faddsub_clz.o(x$fpl$fadd)
    __fpl_fcheck_NaN1                        0x080059e5   Thumb Code     6  fcheck1.o(x$fpl$fcheck1)
    __fpl_fcmp_Inf                           0x080059f1   Thumb Code    24  fcmpi.o(x$fpl$fcmpinf)
    __aeabi_fdiv                             0x08005a09   Thumb Code     0  fdiv.o(x$fpl$fdiv)
    _fdiv                                    0x08005a09   Thumb Code   384  fdiv.o(x$fpl$fdiv)
    __aeabi_f2iz                             0x08005b8d   Thumb Code     0  ffix.o(x$fpl$ffix)
    _ffix                                    0x08005b8d   Thumb Code    54  ffix.o(x$fpl$ffix)
    __aeabi_f2uiz                            0x08005bc5   Thumb Code     0  ffixu.o(x$fpl$ffixu)
    _ffixu                                   0x08005bc5   Thumb Code    62  ffixu.o(x$fpl$ffixu)
    __aeabi_i2f                              0x08005c05   Thumb Code     0  fflt_clz.o(x$fpl$fflt)
    _fflt                                    0x08005c05   Thumb Code    48  fflt_clz.o(x$fpl$fflt)
    __aeabi_ui2f                             0x08005c35   Thumb Code     0  fflt_clz.o(x$fpl$ffltu)
    _ffltu                                   0x08005c35   Thumb Code    38  fflt_clz.o(x$fpl$ffltu)
    __aeabi_cfcmple                          0x08005c5d   Thumb Code     0  fleqf.o(x$fpl$fleqf)
    _fcmple                                  0x08005c5d   Thumb Code   104  fleqf.o(x$fpl$fleqf)
    __fpl_fcmple_InfNaN                      0x08005caf   Thumb Code     0  fleqf.o(x$fpl$fleqf)
    __aeabi_fmul                             0x08005cc5   Thumb Code     0  fmul.o(x$fpl$fmul)
    _fmul                                    0x08005cc5   Thumb Code   258  fmul.o(x$fpl$fmul)
    __fpl_fnaninf                            0x08005dc7   Thumb Code   140  fnaninf.o(x$fpl$fnaninf)
    __fpl_fretinf                            0x08005e53   Thumb Code    10  fretinf.o(x$fpl$fretinf)
    __aeabi_cfrcmple                         0x08005e5d   Thumb Code     0  frleqf.o(x$fpl$frleqf)
    _frcmple                                 0x08005e5d   Thumb Code    98  frleqf.o(x$fpl$frleqf)
    __aeabi_frsub                            0x08005ebf   Thumb Code     0  faddsub_clz.o(x$fpl$frsb)
    _frsb                                    0x08005ebf   Thumb Code    20  faddsub_clz.o(x$fpl$frsb)
    __aeabi_fsub                             0x08005ed5   Thumb Code     0  faddsub_clz.o(x$fpl$fsub)
    _fsub                                    0x08005ed5   Thumb Code   234  faddsub_clz.o(x$fpl$fsub)
    __fpl_return_NaN                         0x08005fbf   Thumb Code   100  retnan.o(x$fpl$retnan)
    __ARM_scalbn                             0x08006023   Thumb Code    92  scalbn.o(x$fpl$scalbn)
    __ARM_scalbnf                            0x0800607f   Thumb Code    76  scalbnf.o(x$fpl$scalbnf)
    __fpl_cmpreturn                          0x080060cb   Thumb Code    48  trapv.o(x$fpl$trapveneer)
    AHBPrescTable                            0x080060fa   Data          16  system_stm32f1xx.o(.constdata)
    __I$use$fp                               0x080060fa   Number         0  usenofp.o(x$fpl$usenofp)
    APBPrescTable                            0x0800610a   Data           8  system_stm32f1xx.o(.constdata)
    __mathlib_zero                           0x08006150   Data           8  qnan.o(.constdata)
    Region$$Table$$Base                      0x08006158   Number         0  anon$$obj.o(Region$$Table)
    Region$$Table$$Limit                     0x08006178   Number         0  anon$$obj.o(Region$$Table)
    duty                                     0x20000000   Data           2  main.o(.data)
    duty1                                    0x20000002   Data           2  main.o(.data)
    pid_Set                                  0x20000004   Data           4  main.o(.data)
    region                                   0x20000008   Data           4  main.o(.data)
    DewSensor_humidity                       0x2000000c   Data           4  main.o(.data)
    DewSensor_resister                       0x20000010   Data           4  main.o(.data)
    AHT10_humidity                           0x20000014   Data           4  main.o(.data)
    AHT10_temperature                        0x20000018   Data           4  main.o(.data)
    flowrate                                 0x2000001c   Data           4  main.o(.data)
    uwTickFreq                               0x20000020   Data           1  stm32f1xx_hal.o(.data)
    uwTickPrio                               0x20000024   Data           4  stm32f1xx_hal.o(.data)
    uwTick                                   0x20000028   Data           4  stm32f1xx_hal.o(.data)
    SystemCoreClock                          0x2000002c   Data           4  system_stm32f1xx.o(.data)
    Initialized                              0x20000048   Data           1  serialdebug.o(.data)
    pDebugUSART                              0x20000054   Data           4  serialdebug.o(.data)
    pid                                      0x20000058   Data          56  main.o(.bss)
    Filter                                   0x20000090   Data         128  main.o(.bss)
    hadc1                                    0x20000110   Data          48  adc.o(.bss)
    hi2c1                                    0x20000140   Data          84  i2c.o(.bss)
    hi2c2                                    0x20000194   Data          84  i2c.o(.bss)
    htim2                                    0x200001e8   Data          72  tim.o(.bss)
    htim3                                    0x20000230   Data          72  tim.o(.bss)
    huart1                                   0x20000278   Data          68  usart.o(.bss)
    hdma_usart1_tx                           0x200002bc   Data          68  usart.o(.bss)
    hdma_usart1_rx                           0x20000300   Data          68  usart.o(.bss)
    capturecal                               0x2000040c   Data          24  flowsensor.o(.bss)
    __libspace_start                         0x20000424   Data          96  libspace.o(.bss)
    __temporary_stack_top$libspace           0x20000484   Data           0  libspace.o(.bss)



==============================================================================

Memory Map of the image

  Image Entry point : 0x08000131

  Load Region LR_IROM1 (Base: 0x08000000, Size: 0x000061d0, Max: 0x00080000, ABSOLUTE)

    Execution Region ER_IROM1 (Exec base: 0x08000000, Load base: 0x08000000, Size: 0x00006178, Max: 0x00080000, ABSOLUTE)

    Exec Addr    Load Addr    Size         Type   Attr      Idx    E Section Name        Object

    0x08000000   0x08000000   0x00000130   Data   RO            3    RESET               startup_stm32f103xe.o
    0x08000130   0x08000130   0x00000008   Code   RO         4025  * !!!main             c_w.l(__main.o)
    0x08000138   0x08000138   0x00000034   Code   RO         4353    !!!scatter          c_w.l(__scatter.o)
    0x0800016c   0x0800016c   0x0000001a   Code   RO         4355    !!handler_copy      c_w.l(__scatter_copy.o)
    0x08000186   0x08000186   0x00000002   PAD
    0x08000188   0x08000188   0x0000001c   Code   RO         4357    !!handler_zi        c_w.l(__scatter_zi.o)
    0x080001a4   0x080001a4   0x00000002   Code   RO         4290    .ARM.Collect$$libinit$$00000000  c_w.l(libinit.o)
    0x080001a6   0x080001a6   0x00000000   Code   RO         4134    .ARM.Collect$$libinit$$00000002  c_w.l(libinit2.o)
    0x080001a6   0x080001a6   0x00000000   Code   RO         4136    .ARM.Collect$$libinit$$00000004  c_w.l(libinit2.o)
    0x080001a6   0x080001a6   0x00000000   Code   RO         4139    .ARM.Collect$$libinit$$0000000A  c_w.l(libinit2.o)
    0x080001a6   0x080001a6   0x00000000   Code   RO         4141    .ARM.Collect$$libinit$$0000000C  c_w.l(libinit2.o)
    0x080001a6   0x080001a6   0x00000000   Code   RO         4143    .ARM.Collect$$libinit$$0000000E  c_w.l(libinit2.o)
    0x080001a6   0x080001a6   0x00000000   Code   RO         4146    .ARM.Collect$$libinit$$00000011  c_w.l(libinit2.o)
    0x080001a6   0x080001a6   0x00000000   Code   RO         4148    .ARM.Collect$$libinit$$00000013  c_w.l(libinit2.o)
    0x080001a6   0x080001a6   0x00000000   Code   RO         4150    .ARM.Collect$$libinit$$00000015  c_w.l(libinit2.o)
    0x080001a6   0x080001a6   0x00000000   Code   RO         4152    .ARM.Collect$$libinit$$00000017  c_w.l(libinit2.o)
    0x080001a6   0x080001a6   0x00000000   Code   RO         4154    .ARM.Collect$$libinit$$00000019  c_w.l(libinit2.o)
    0x080001a6   0x080001a6   0x00000000   Code   RO         4156    .ARM.Collect$$libinit$$0000001B  c_w.l(libinit2.o)
    0x080001a6   0x080001a6   0x00000000   Code   RO         4158    .ARM.Collect$$libinit$$0000001D  c_w.l(libinit2.o)
    0x080001a6   0x080001a6   0x00000000   Code   RO         4160    .ARM.Collect$$libinit$$0000001F  c_w.l(libinit2.o)
    0x080001a6   0x080001a6   0x00000000   Code   RO         4162    .ARM.Collect$$libinit$$00000021  c_w.l(libinit2.o)
    0x080001a6   0x080001a6   0x00000000   Code   RO         4164    .ARM.Collect$$libinit$$00000023  c_w.l(libinit2.o)
    0x080001a6   0x080001a6   0x00000000   Code   RO         4166    .ARM.Collect$$libinit$$00000025  c_w.l(libinit2.o)
    0x080001a6   0x080001a6   0x00000000   Code   RO         4170    .ARM.Collect$$libinit$$0000002C  c_w.l(libinit2.o)
    0x080001a6   0x080001a6   0x00000000   Code   RO         4172    .ARM.Collect$$libinit$$0000002E  c_w.l(libinit2.o)
    0x080001a6   0x080001a6   0x00000000   Code   RO         4174    .ARM.Collect$$libinit$$00000030  c_w.l(libinit2.o)
    0x080001a6   0x080001a6   0x00000000   Code   RO         4176    .ARM.Collect$$libinit$$00000032  c_w.l(libinit2.o)
    0x080001a6   0x080001a6   0x00000002   Code   RO         4177    .ARM.Collect$$libinit$$00000033  c_w.l(libinit2.o)
    0x080001a8   0x080001a8   0x00000002   Code   RO         4350    .ARM.Collect$$libshutdown$$00000000  c_w.l(libshutdown.o)
    0x080001aa   0x080001aa   0x00000000   Code   RO         4306    .ARM.Collect$$libshutdown$$00000002  c_w.l(libshutdown2.o)
    0x080001aa   0x080001aa   0x00000000   Code   RO         4308    .ARM.Collect$$libshutdown$$00000004  c_w.l(libshutdown2.o)
    0x080001aa   0x080001aa   0x00000000   Code   RO         4311    .ARM.Collect$$libshutdown$$00000007  c_w.l(libshutdown2.o)
    0x080001aa   0x080001aa   0x00000000   Code   RO         4314    .ARM.Collect$$libshutdown$$0000000A  c_w.l(libshutdown2.o)
    0x080001aa   0x080001aa   0x00000000   Code   RO         4316    .ARM.Collect$$libshutdown$$0000000C  c_w.l(libshutdown2.o)
    0x080001aa   0x080001aa   0x00000000   Code   RO         4319    .ARM.Collect$$libshutdown$$0000000F  c_w.l(libshutdown2.o)
    0x080001aa   0x080001aa   0x00000002   Code   RO         4320    .ARM.Collect$$libshutdown$$00000010  c_w.l(libshutdown2.o)
    0x080001ac   0x080001ac   0x00000000   Code   RO         4101    .ARM.Collect$$rtentry$$00000000  c_w.l(__rtentry.o)
    0x080001ac   0x080001ac   0x00000000   Code   RO         4224    .ARM.Collect$$rtentry$$00000002  c_w.l(__rtentry2.o)
    0x080001ac   0x080001ac   0x00000006   Code   RO         4236    .ARM.Collect$$rtentry$$00000004  c_w.l(__rtentry4.o)
    0x080001b2   0x080001b2   0x00000000   Code   RO         4226    .ARM.Collect$$rtentry$$00000009  c_w.l(__rtentry2.o)
    0x080001b2   0x080001b2   0x00000004   Code   RO         4227    .ARM.Collect$$rtentry$$0000000A  c_w.l(__rtentry2.o)
    0x080001b6   0x080001b6   0x00000000   Code   RO         4229    .ARM.Collect$$rtentry$$0000000C  c_w.l(__rtentry2.o)
    0x080001b6   0x080001b6   0x00000008   Code   RO         4230    .ARM.Collect$$rtentry$$0000000D  c_w.l(__rtentry2.o)
    0x080001be   0x080001be   0x00000002   Code   RO         4295    .ARM.Collect$$rtexit$$00000000  c_w.l(rtexit.o)
    0x080001c0   0x080001c0   0x00000000   Code   RO         4324    .ARM.Collect$$rtexit$$00000002  c_w.l(rtexit2.o)
    0x080001c0   0x080001c0   0x00000004   Code   RO         4325    .ARM.Collect$$rtexit$$00000003  c_w.l(rtexit2.o)
    0x080001c4   0x080001c4   0x00000006   Code   RO         4326    .ARM.Collect$$rtexit$$00000004  c_w.l(rtexit2.o)
    0x080001ca   0x080001ca   0x00000002   PAD
    0x080001cc   0x080001cc   0x00000040   Code   RO            4    .text               startup_stm32f103xe.o
    0x0800020c   0x0800020c   0x0000004e   Code   RO         4021    .text               c_w.l(rt_memclr_w.o)
    0x0800025a   0x0800025a   0x00000006   Code   RO         4023    .text               c_w.l(heapauxi.o)
    0x08000260   0x08000260   0x00000016   Code   RO         4127    .text               c_w.l(_rserrno.o)
    0x08000276   0x08000276   0x00000002   PAD
    0x08000278   0x08000278   0x00000008   Code   RO         4220    .text               c_w.l(libspace.o)
    0x08000280   0x08000280   0x00000008   Code   RO         4241    .text               c_w.l(rt_errno_addr_intlibspace.o)
    0x08000288   0x08000288   0x00000002   Code   RO         4266    .text               c_w.l(use_no_semi.o)
    0x0800028a   0x0800028a   0x00000000   Code   RO         4268    .text               c_w.l(indicate_semi.o)
    0x0800028a   0x0800028a   0x0000004a   Code   RO         4269    .text               c_w.l(sys_stackheap_outer.o)
    0x080002d4   0x080002d4   0x00000012   Code   RO         4275    .text               c_w.l(exit.o)
    0x080002e6   0x080002e6   0x00000002   PAD
    0x080002e8   0x080002e8   0x0000000c   Code   RO         4293    .text               c_w.l(sys_exit.o)
    0x080002f4   0x080002f4   0x00000056   Code   RO          628    i.ADC_ConversionStop_Disable  stm32f1xx_hal_adc.o
    0x0800034a   0x0800034a   0x00000002   PAD
    0x0800034c   0x0800034c   0x0000007c   Code   RO          632    i.ADC_Enable        stm32f1xx_hal_adc.o
    0x080003c8   0x080003c8   0x00000020   Code   RO         3679    i.AHT10_Init        aht10.o
    0x080003e8   0x080003e8   0x000000c0   Code   RO         3680    i.AHT10_Read_predata  aht10.o
    0x080004a8   0x080004a8   0x00000028   Code   RO         3681    i.AHT10_SoftReset   aht10.o
    0x080004d0   0x080004d0   0x00000034   Code   RO         3682    i.AHT10_TrigeMea    aht10.o
    0x08000504   0x08000504   0x00000060   Code   RO         3895    i.AverageFilter     filter.o
    0x08000564   0x08000564   0x0000000c   Code   RO         3896    i.AverageFilterInit  filter.o
    0x08000570   0x08000570   0x00000002   Code   RO          456    i.BusFault_Handler  stm32f1xx_it.o
    0x08000572   0x08000572   0x00000002   PAD
    0x08000574   0x08000574   0x0000000c   Code   RO          457    i.DMA1_Channel4_IRQHandler  stm32f1xx_it.o
    0x08000580   0x08000580   0x0000000c   Code   RO          458    i.DMA1_Channel5_IRQHandler  stm32f1xx_it.o
    0x0800058c   0x0800058c   0x0000002a   Code   RO         1282    i.DMA_SetConfig     stm32f1xx_hal_dma.o
    0x080005b6   0x080005b6   0x00000002   Code   RO          459    i.DebugMon_Handler  stm32f1xx_it.o
    0x080005b8   0x080005b8   0x00000164   Code   RO         3830    i.Debug_Buf_Generate  serialdebug.o
    0x0800071c   0x0800071c   0x0000002a   Code   RO         3832    i.Debug_Buf_Send    serialdebug.o
    0x08000746   0x08000746   0x00000002   PAD
    0x08000748   0x08000748   0x000000e0   Code   RO         3720    i.DewSensor_GetData  dewsensor.o
    0x08000828   0x08000828   0x00000018   Code   RO         3721    i.DewSensor_Init    dewsensor.o
    0x08000840   0x08000840   0x00000004   Code   RO           13    i.Error_Handler     main.o
    0x08000844   0x08000844   0x00000030   Code   RO         3916    i.Flowsensor_Init   flowsensor.o
    0x08000874   0x08000874   0x00000030   Code   RO         3917    i.Flowsensor_PS2216  flowsensor.o
    0x080008a4   0x080008a4   0x000000d8   Code   RO          808    i.HAL_ADCEx_Calibration_Start  stm32f1xx_hal_adc_ex.o
    0x0800097c   0x0800097c   0x000000fc   Code   RO          634    i.HAL_ADC_ConfigChannel  stm32f1xx_hal_adc.o
    0x08000a78   0x08000a78   0x00000006   Code   RO          641    i.HAL_ADC_GetValue  stm32f1xx_hal_adc.o
    0x08000a7e   0x08000a7e   0x00000002   PAD
    0x08000a80   0x08000a80   0x00000120   Code   RO          643    i.HAL_ADC_Init      stm32f1xx_hal_adc.o
    0x08000ba0   0x08000ba0   0x00000058   Code   RO          235    i.HAL_ADC_MspInit   adc.o
    0x08000bf8   0x08000bf8   0x0000013c   Code   RO          647    i.HAL_ADC_PollForConversion  stm32f1xx_hal_adc.o
    0x08000d34   0x08000d34   0x000000c0   Code   RO          649    i.HAL_ADC_Start     stm32f1xx_hal_adc.o
    0x08000df4   0x08000df4   0x00000046   Code   RO         1283    i.HAL_DMA_Abort     stm32f1xx_hal_dma.o
    0x08000e3a   0x08000e3a   0x00000002   PAD
    0x08000e3c   0x08000e3c   0x00000130   Code   RO         1284    i.HAL_DMA_Abort_IT  stm32f1xx_hal_dma.o
    0x08000f6c   0x08000f6c   0x00000006   Code   RO         1287    i.HAL_DMA_GetState  stm32f1xx_hal_dma.o
    0x08000f72   0x08000f72   0x00000002   PAD
    0x08000f74   0x08000f74   0x00000248   Code   RO         1288    i.HAL_DMA_IRQHandler  stm32f1xx_hal_dma.o
    0x080011bc   0x080011bc   0x0000007c   Code   RO         1289    i.HAL_DMA_Init      stm32f1xx_hal_dma.o
    0x08001238   0x08001238   0x00000070   Code   RO         1293    i.HAL_DMA_Start_IT  stm32f1xx_hal_dma.o
    0x080012a8   0x080012a8   0x00000024   Code   RO          911    i.HAL_Delay         stm32f1xx_hal.o
    0x080012cc   0x080012cc   0x000001f8   Code   RO         1219    i.HAL_GPIO_Init     stm32f1xx_hal_gpio.o
    0x080014c4   0x080014c4   0x0000000c   Code   RO          915    i.HAL_GetTick       stm32f1xx_hal.o
    0x080014d0   0x080014d0   0x00000002   Code   RO         1879    i.HAL_I2C_AbortCpltCallback  stm32f1xx_hal_i2c.o
    0x080014d2   0x080014d2   0x00000002   Code   RO         1880    i.HAL_I2C_AddrCallback  stm32f1xx_hal_i2c.o
    0x080014d4   0x080014d4   0x00000230   Code   RO         1884    i.HAL_I2C_EV_IRQHandler  stm32f1xx_hal_i2c.o
    0x08001704   0x08001704   0x00000002   Code   RO         1886    i.HAL_I2C_ErrorCallback  stm32f1xx_hal_i2c.o
    0x08001706   0x08001706   0x00000002   PAD
    0x08001708   0x08001708   0x00000188   Code   RO         1890    i.HAL_I2C_Init      stm32f1xx_hal_i2c.o
    0x08001890   0x08001890   0x00000002   Code   RO         1892    i.HAL_I2C_ListenCpltCallback  stm32f1xx_hal_i2c.o
    0x08001892   0x08001892   0x00000002   Code   RO         1893    i.HAL_I2C_MasterRxCpltCallback  stm32f1xx_hal_i2c.o
    0x08001894   0x08001894   0x00000002   Code   RO         1894    i.HAL_I2C_MasterTxCpltCallback  stm32f1xx_hal_i2c.o
    0x08001896   0x08001896   0x00000002   PAD
    0x08001898   0x08001898   0x00000244   Code   RO         1896    i.HAL_I2C_Master_Receive  stm32f1xx_hal_i2c.o
    0x08001adc   0x08001adc   0x0000012c   Code   RO         1903    i.HAL_I2C_Master_Transmit  stm32f1xx_hal_i2c.o
    0x08001c08   0x08001c08   0x00000002   Code   RO         1906    i.HAL_I2C_MemRxCpltCallback  stm32f1xx_hal_i2c.o
    0x08001c0a   0x08001c0a   0x00000002   Code   RO         1907    i.HAL_I2C_MemTxCpltCallback  stm32f1xx_hal_i2c.o
    0x08001c0c   0x08001c0c   0x000000b4   Code   RO          301    i.HAL_I2C_MspInit   i2c.o
    0x08001cc0   0x08001cc0   0x00000002   Code   RO         1916    i.HAL_I2C_SlaveRxCpltCallback  stm32f1xx_hal_i2c.o
    0x08001cc2   0x08001cc2   0x00000002   Code   RO         1917    i.HAL_I2C_SlaveTxCpltCallback  stm32f1xx_hal_i2c.o
    0x08001cc4   0x08001cc4   0x00000010   Code   RO          921    i.HAL_IncTick       stm32f1xx_hal.o
    0x08001cd4   0x08001cd4   0x00000024   Code   RO          922    i.HAL_Init          stm32f1xx_hal.o
    0x08001cf8   0x08001cf8   0x00000040   Code   RO          923    i.HAL_InitTick      stm32f1xx_hal.o
    0x08001d38   0x08001d38   0x0000003c   Code   RO          568    i.HAL_MspInit       stm32f1xx_hal_msp.o
    0x08001d74   0x08001d74   0x0000001a   Code   RO         1379    i.HAL_NVIC_EnableIRQ  stm32f1xx_hal_cortex.o
    0x08001d8e   0x08001d8e   0x00000002   PAD
    0x08001d90   0x08001d90   0x00000040   Code   RO         1385    i.HAL_NVIC_SetPriority  stm32f1xx_hal_cortex.o
    0x08001dd0   0x08001dd0   0x00000024   Code   RO         1386    i.HAL_NVIC_SetPriorityGrouping  stm32f1xx_hal_cortex.o
    0x08001df4   0x08001df4   0x000000d4   Code   RO         1181    i.HAL_RCCEx_GetPeriphCLKFreq  stm32f1xx_hal_rcc_ex.o
    0x08001ec8   0x08001ec8   0x000000ec   Code   RO         1182    i.HAL_RCCEx_PeriphCLKConfig  stm32f1xx_hal_rcc_ex.o
    0x08001fb4   0x08001fb4   0x0000012c   Code   RO         1079    i.HAL_RCC_ClockConfig  stm32f1xx_hal_rcc.o
    0x080020e0   0x080020e0   0x00000020   Code   RO         1086    i.HAL_RCC_GetPCLK1Freq  stm32f1xx_hal_rcc.o
    0x08002100   0x08002100   0x00000020   Code   RO         1087    i.HAL_RCC_GetPCLK2Freq  stm32f1xx_hal_rcc.o
    0x08002120   0x08002120   0x0000006c   Code   RO         1088    i.HAL_RCC_GetSysClockFreq  stm32f1xx_hal_rcc.o
    0x0800218c   0x0800218c   0x00000320   Code   RO         1091    i.HAL_RCC_OscConfig  stm32f1xx_hal_rcc.o
    0x080024ac   0x080024ac   0x00000028   Code   RO         1390    i.HAL_SYSTICK_Config  stm32f1xx_hal_cortex.o
    0x080024d4   0x080024d4   0x00000002   Code   RO         3017    i.HAL_TIMEx_BreakCallback  stm32f1xx_hal_tim_ex.o
    0x080024d6   0x080024d6   0x00000002   Code   RO         3018    i.HAL_TIMEx_CommutCallback  stm32f1xx_hal_tim_ex.o
    0x080024d8   0x080024d8   0x0000007c   Code   RO         3036    i.HAL_TIMEx_MasterConfigSynchronization  stm32f1xx_hal_tim_ex.o
    0x08002554   0x08002554   0x0000005a   Code   RO         2313    i.HAL_TIM_Base_Init  stm32f1xx_hal_tim.o
    0x080025ae   0x080025ae   0x00000002   PAD
    0x080025b0   0x080025b0   0x00000080   Code   RO          349    i.HAL_TIM_Base_MspInit  tim.o
    0x08002630   0x08002630   0x0000006c   Code   RO         2318    i.HAL_TIM_Base_Start_IT  stm32f1xx_hal_tim.o
    0x0800269c   0x0800269c   0x000000d6   Code   RO         2322    i.HAL_TIM_ConfigClockSource  stm32f1xx_hal_tim.o
    0x08002772   0x08002772   0x00000002   PAD
    0x08002774   0x08002774   0x000000ac   Code   RO          350    i.HAL_TIM_IC_CaptureCallback  tim.o
    0x08002820   0x08002820   0x0000010e   Code   RO         2349    i.HAL_TIM_IC_ConfigChannel  stm32f1xx_hal_tim.o
    0x0800292e   0x0800292e   0x0000005a   Code   RO         2352    i.HAL_TIM_IC_Init   stm32f1xx_hal_tim.o
    0x08002988   0x08002988   0x00000002   Code   RO         2354    i.HAL_TIM_IC_MspInit  stm32f1xx_hal_tim.o
    0x0800298a   0x0800298a   0x00000002   PAD
    0x0800298c   0x0800298c   0x000000f4   Code   RO         2357    i.HAL_TIM_IC_Start_IT  stm32f1xx_hal_tim.o
    0x08002a80   0x08002a80   0x00000166   Code   RO         2361    i.HAL_TIM_IRQHandler  stm32f1xx_hal_tim.o
    0x08002be6   0x08002be6   0x00000002   PAD
    0x08002be8   0x08002be8   0x00000048   Code   RO          351    i.HAL_TIM_MspPostInit  tim.o
    0x08002c30   0x08002c30   0x00000002   Code   RO         2364    i.HAL_TIM_OC_DelayElapsedCallback  stm32f1xx_hal_tim.o
    0x08002c32   0x08002c32   0x000000c6   Code   RO         2385    i.HAL_TIM_PWM_ConfigChannel  stm32f1xx_hal_tim.o
    0x08002cf8   0x08002cf8   0x0000005a   Code   RO         2388    i.HAL_TIM_PWM_Init  stm32f1xx_hal_tim.o
    0x08002d52   0x08002d52   0x00000002   Code   RO         2390    i.HAL_TIM_PWM_MspInit  stm32f1xx_hal_tim.o
    0x08002d54   0x08002d54   0x00000002   Code   RO         2391    i.HAL_TIM_PWM_PulseFinishedCallback  stm32f1xx_hal_tim.o
    0x08002d56   0x08002d56   0x00000002   PAD
    0x08002d58   0x08002d58   0x000000b4   Code   RO         2393    i.HAL_TIM_PWM_Start  stm32f1xx_hal_tim.o
    0x08002e0c   0x08002e0c   0x00000048   Code   RO          352    i.HAL_TIM_PeriodElapsedCallback  tim.o
    0x08002e54   0x08002e54   0x0000002a   Code   RO         2401    i.HAL_TIM_ReadCapturedValue  stm32f1xx_hal_tim.o
    0x08002e7e   0x08002e7e   0x00000002   Code   RO         2404    i.HAL_TIM_TriggerCallback  stm32f1xx_hal_tim.o
    0x08002e80   0x08002e80   0x00000002   Code   RO         3295    i.HAL_UARTEx_RxEventCallback  stm32f1xx_hal_uart.o
    0x08002e82   0x08002e82   0x00000002   Code   RO         3309    i.HAL_UART_ErrorCallback  stm32f1xx_hal_uart.o
    0x08002e84   0x08002e84   0x0000000a   Code   RO         3311    i.HAL_UART_GetState  stm32f1xx_hal_uart.o
    0x08002e8e   0x08002e8e   0x00000002   PAD
    0x08002e90   0x08002e90   0x0000020c   Code   RO         3312    i.HAL_UART_IRQHandler  stm32f1xx_hal_uart.o
    0x0800309c   0x0800309c   0x00000062   Code   RO         3313    i.HAL_UART_Init     stm32f1xx_hal_uart.o
    0x080030fe   0x080030fe   0x00000002   PAD
    0x08003100   0x08003100   0x000000dc   Code   RO          415    i.HAL_UART_MspInit  usart.o
    0x080031dc   0x080031dc   0x00000002   Code   RO         3319    i.HAL_UART_RxCpltCallback  stm32f1xx_hal_uart.o
    0x080031de   0x080031de   0x00000002   PAD
    0x080031e0   0x080031e0   0x00000080   Code   RO         3322    i.HAL_UART_Transmit_DMA  stm32f1xx_hal_uart.o
    0x08003260   0x08003260   0x00000002   Code   RO         3324    i.HAL_UART_TxCpltCallback  stm32f1xx_hal_uart.o
    0x08003262   0x08003262   0x00000002   Code   RO         3325    i.HAL_UART_TxHalfCpltCallback  stm32f1xx_hal_uart.o
    0x08003264   0x08003264   0x00000002   Code   RO          460    i.HardFault_Handler  stm32f1xx_it.o
    0x08003266   0x08003266   0x00000002   PAD
    0x08003268   0x08003268   0x0000000c   Code   RO          461    i.I2C1_EV_IRQHandler  stm32f1xx_it.o
    0x08003274   0x08003274   0x0000000c   Code   RO          462    i.I2C2_EV_IRQHandler  stm32f1xx_it.o
    0x08003280   0x08003280   0x000000bc   Code   RO         1928    i.I2C_DMAAbort      stm32f1xx_hal_i2c.o
    0x0800333c   0x0800333c   0x00000158   Code   RO         1931    i.I2C_ITError       stm32f1xx_hal_i2c.o
    0x08003494   0x08003494   0x0000002e   Code   RO         1932    i.I2C_IsAcknowledgeFailed  stm32f1xx_hal_i2c.o
    0x080034c2   0x080034c2   0x000000d2   Code   RO         1933    i.I2C_MasterReceive_BTF  stm32f1xx_hal_i2c.o
    0x08003594   0x08003594   0x000000e8   Code   RO         1934    i.I2C_MasterReceive_RXNE  stm32f1xx_hal_i2c.o
    0x0800367c   0x0800367c   0x000000ec   Code   RO         1935    i.I2C_MasterRequestRead  stm32f1xx_hal_i2c.o
    0x08003768   0x08003768   0x0000009c   Code   RO         1936    i.I2C_MasterRequestWrite  stm32f1xx_hal_i2c.o
    0x08003804   0x08003804   0x00000082   Code   RO         1937    i.I2C_MasterTransmit_BTF  stm32f1xx_hal_i2c.o
    0x08003886   0x08003886   0x00000002   PAD
    0x08003888   0x08003888   0x000000b6   Code   RO         1938    i.I2C_MasterTransmit_TXE  stm32f1xx_hal_i2c.o
    0x0800393e   0x0800393e   0x00000002   PAD
    0x08003940   0x08003940   0x00000158   Code   RO         1939    i.I2C_Master_ADDR   stm32f1xx_hal_i2c.o
    0x08003a98   0x08003a98   0x0000008c   Code   RO         1940    i.I2C_Master_SB     stm32f1xx_hal_i2c.o
    0x08003b24   0x08003b24   0x000000a0   Code   RO         1941    i.I2C_MemoryTransmit_TXE_BTF  stm32f1xx_hal_i2c.o
    0x08003bc4   0x08003bc4   0x00000046   Code   RO         1944    i.I2C_Slave_ADDR    stm32f1xx_hal_i2c.o
    0x08003c0a   0x08003c0a   0x00000002   PAD
    0x08003c0c   0x08003c0c   0x0000015c   Code   RO         1946    i.I2C_Slave_STOPF   stm32f1xx_hal_i2c.o
    0x08003d68   0x08003d68   0x0000004c   Code   RO         1947    i.I2C_WaitOnBTFFlagUntilTimeout  stm32f1xx_hal_i2c.o
    0x08003db4   0x08003db4   0x00000068   Code   RO         1948    i.I2C_WaitOnFlagUntilTimeout  stm32f1xx_hal_i2c.o
    0x08003e1c   0x08003e1c   0x00000096   Code   RO         1949    i.I2C_WaitOnMasterAddressFlagUntilTimeout  stm32f1xx_hal_i2c.o
    0x08003eb2   0x08003eb2   0x00000066   Code   RO         1950    i.I2C_WaitOnRXNEFlagUntilTimeout  stm32f1xx_hal_i2c.o
    0x08003f18   0x08003f18   0x0000004c   Code   RO         1951    i.I2C_WaitOnTXEFlagUntilTimeout  stm32f1xx_hal_i2c.o
    0x08003f64   0x08003f64   0x000000ac   Code   RO         3748    i.IntergralSeparationPTD  pid.o
    0x08004010   0x08004010   0x00000050   Code   RO          236    i.MX_ADC1_Init      adc.o
    0x08004060   0x08004060   0x0000003c   Code   RO          276    i.MX_DMA_Init       dma.o
    0x0800409c   0x0800409c   0x0000002c   Code   RO          210    i.MX_GPIO_Init      gpio.o
    0x080040c8   0x080040c8   0x00000040   Code   RO          302    i.MX_I2C1_Init      i2c.o
    0x08004108   0x08004108   0x00000040   Code   RO          303    i.MX_I2C2_Init      i2c.o
    0x08004148   0x08004148   0x000000a8   Code   RO          353    i.MX_TIM2_Init      tim.o
    0x080041f0   0x080041f0   0x00000098   Code   RO          354    i.MX_TIM3_Init      tim.o
    0x08004288   0x08004288   0x00000038   Code   RO          416    i.MX_USART1_UART_Init  usart.o
    0x080042c0   0x080042c0   0x00000002   Code   RO          463    i.MemManage_Handler  stm32f1xx_it.o
    0x080042c2   0x080042c2   0x00000002   Code   RO          464    i.NMI_Handler       stm32f1xx_it.o
    0x080042c4   0x080042c4   0x00000002   Code   RO          465    i.PendSV_Handler    stm32f1xx_it.o
    0x080042c6   0x080042c6   0x00000022   Code   RO         3750    i.PidInit           pid.o
    0x080042e8   0x080042e8   0x00000002   Code   RO          466    i.SVC_Handler       stm32f1xx_it.o
    0x080042ea   0x080042ea   0x00000002   PAD
    0x080042ec   0x080042ec   0x0000003c   Code   RO         3833    i.Serial_Debug      serialdebug.o
    0x08004328   0x08004328   0x00000004   Code   RO          467    i.SysTick_Handler   stm32f1xx_it.o
    0x0800432c   0x0800432c   0x0000007a   Code   RO           14    i.SystemClock_Config  main.o
    0x080043a6   0x080043a6   0x00000002   Code   RO         3642    i.SystemInit        system_stm32f1xx.o
    0x080043a8   0x080043a8   0x0000000c   Code   RO          468    i.TIM3_IRQHandler   stm32f1xx_it.o
    0x080043b4   0x080043b4   0x0000008c   Code   RO         2406    i.TIM_Base_SetConfig  stm32f1xx_hal_tim.o
    0x08004440   0x08004440   0x0000001a   Code   RO         2407    i.TIM_CCxChannelCmd  stm32f1xx_hal_tim.o
    0x0800445a   0x0800445a   0x00000014   Code   RO         2417    i.TIM_ETR_SetConfig  stm32f1xx_hal_tim.o
    0x0800446e   0x0800446e   0x00000010   Code   RO         2418    i.TIM_ITRx_SetConfig  stm32f1xx_hal_tim.o
    0x0800447e   0x0800447e   0x00000002   PAD
    0x08004480   0x08004480   0x00000060   Code   RO         2419    i.TIM_OC1_SetConfig  stm32f1xx_hal_tim.o
    0x080044e0   0x080044e0   0x0000006c   Code   RO         2420    i.TIM_OC2_SetConfig  stm32f1xx_hal_tim.o
    0x0800454c   0x0800454c   0x00000068   Code   RO         2421    i.TIM_OC3_SetConfig  stm32f1xx_hal_tim.o
    0x080045b4   0x080045b4   0x00000050   Code   RO         2422    i.TIM_OC4_SetConfig  stm32f1xx_hal_tim.o
    0x08004604   0x08004604   0x00000022   Code   RO         2424    i.TIM_TI1_ConfigInputStage  stm32f1xx_hal_tim.o
    0x08004626   0x08004626   0x00000002   PAD
    0x08004628   0x08004628   0x0000006c   Code   RO         2425    i.TIM_TI1_SetConfig  stm32f1xx_hal_tim.o
    0x08004694   0x08004694   0x00000024   Code   RO         2426    i.TIM_TI2_ConfigInputStage  stm32f1xx_hal_tim.o
    0x080046b8   0x080046b8   0x00000036   Code   RO         2427    i.TIM_TI2_SetConfig  stm32f1xx_hal_tim.o
    0x080046ee   0x080046ee   0x00000010   Code   RO         3326    i.UART_DMAAbortOnError  stm32f1xx_hal_uart.o
    0x080046fe   0x080046fe   0x0000004a   Code   RO         3327    i.UART_DMAError     stm32f1xx_hal_uart.o
    0x08004748   0x08004748   0x0000002e   Code   RO         3332    i.UART_DMATransmitCplt  stm32f1xx_hal_uart.o
    0x08004776   0x08004776   0x0000000a   Code   RO         3334    i.UART_DMATxHalfCplt  stm32f1xx_hal_uart.o
    0x08004780   0x08004780   0x00000030   Code   RO         3336    i.UART_EndRxTransfer  stm32f1xx_hal_uart.o
    0x080047b0   0x080047b0   0x00000012   Code   RO         3337    i.UART_EndTxTransfer  stm32f1xx_hal_uart.o
    0x080047c2   0x080047c2   0x000000b6   Code   RO         3338    i.UART_Receive_IT   stm32f1xx_hal_uart.o
    0x08004878   0x08004878   0x000000b8   Code   RO         3339    i.UART_SetConfig    stm32f1xx_hal_uart.o
    0x08004930   0x08004930   0x0000000c   Code   RO          469    i.USART1_IRQHandler  stm32f1xx_it.o
    0x0800493c   0x0800493c   0x00000002   Code   RO          470    i.UsageFault_Handler  stm32f1xx_it.o
    0x0800493e   0x0800493e   0x00000002   PAD
    0x08004940   0x08004940   0x00000028   Code   RO         3775    i.WaterPump_Init    waterpump.o
    0x08004968   0x08004968   0x00000030   Code   RO         3776    i.WaterPump_Speed   waterpump.o
    0x08004998   0x08004998   0x00000020   Code   RO         1392    i.__NVIC_SetPriority  stm32f1xx_hal_cortex.o
    0x080049b8   0x080049b8   0x000000aa   Code   RO         4215    i.__kernel_poly     m_ws.l(poly.o)
    0x08004a62   0x08004a62   0x00000002   PAD
    0x08004a64   0x08004a64   0x00000010   Code   RO         4201    i.__mathlib_dbl_divzero  m_ws.l(dunder.o)
    0x08004a74   0x08004a74   0x00000006   Code   RO         4202    i.__mathlib_dbl_infnan  m_ws.l(dunder.o)
    0x08004a7a   0x08004a7a   0x0000000c   Code   RO         4204    i.__mathlib_dbl_invalid  m_ws.l(dunder.o)
    0x08004a86   0x08004a86   0x00000020   Code   RO         3836    i._float_rounding   serialdebug.o
    0x08004aa6   0x08004aa6   0x00000002   PAD
    0x08004aa8   0x08004aa8   0x000000ac   Code   RO         3837    i.float2char        serialdebug.o
    0x08004b54   0x08004b54   0x0000035c   Code   RO         4088    i.log               m_ws.l(log.o)
    0x08004eb0   0x08004eb0   0x000000d8   Code   RO           15    i.main              main.o
    0x08004f88   0x08004f88   0x00000062   Code   RO         4027    x$fpl$d2f           fz_ws.l(d2f.o)
    0x08004fea   0x08004fea   0x00000002   PAD
    0x08004fec   0x08004fec   0x00000150   Code   RO         4029    x$fpl$dadd          fz_ws.l(daddsub_clz.o)
    0x0800513c   0x0800513c   0x00000010   Code   RO         4178    x$fpl$dcheck1       fz_ws.l(dcheck1.o)
    0x0800514c   0x0800514c   0x00000018   Code   RO         4260    x$fpl$dcmpinf       fz_ws.l(dcmpi.o)
    0x08005164   0x08005164   0x000002b0   Code   RO         4036    x$fpl$ddiv          fz_ws.l(ddiv.o)
    0x08005414   0x08005414   0x00000078   Code   RO         4180    x$fpl$deqf          fz_ws.l(deqf.o)
    0x0800548c   0x0800548c   0x0000002e   Code   RO         4044    x$fpl$dflt          fz_ws.l(dflt_clz.o)
    0x080054ba   0x080054ba   0x00000026   Code   RO         4043    x$fpl$dfltu         fz_ws.l(dflt_clz.o)
    0x080054e0   0x080054e0   0x00000154   Code   RO         4049    x$fpl$dmul          fz_ws.l(dmul.o)
    0x08005634   0x08005634   0x0000009c   Code   RO         4184    x$fpl$dnaninf       fz_ws.l(dnaninf.o)
    0x080056d0   0x080056d0   0x0000000c   Code   RO         4186    x$fpl$dretinf       fz_ws.l(dretinf.o)
    0x080056dc   0x080056dc   0x00000016   Code   RO         4030    x$fpl$drsb          fz_ws.l(daddsub_clz.o)
    0x080056f2   0x080056f2   0x00000002   PAD
    0x080056f4   0x080056f4   0x000001d4   Code   RO         4031    x$fpl$dsub          fz_ws.l(daddsub_clz.o)
    0x080058c8   0x080058c8   0x00000056   Code   RO         4051    x$fpl$f2d           fz_ws.l(f2d.o)
    0x0800591e   0x0800591e   0x00000002   PAD
    0x08005920   0x08005920   0x000000c4   Code   RO         4053    x$fpl$fadd          fz_ws.l(faddsub_clz.o)
    0x080059e4   0x080059e4   0x0000000c   Code   RO         4192    x$fpl$fcheck1       fz_ws.l(fcheck1.o)
    0x080059f0   0x080059f0   0x00000018   Code   RO         4194    x$fpl$fcmpinf       fz_ws.l(fcmpi.o)
    0x08005a08   0x08005a08   0x00000184   Code   RO         4060    x$fpl$fdiv          fz_ws.l(fdiv.o)
    0x08005b8c   0x08005b8c   0x00000036   Code   RO         4063    x$fpl$ffix          fz_ws.l(ffix.o)
    0x08005bc2   0x08005bc2   0x00000002   PAD
    0x08005bc4   0x08005bc4   0x0000003e   Code   RO         4067    x$fpl$ffixu         fz_ws.l(ffixu.o)
    0x08005c02   0x08005c02   0x00000002   PAD
    0x08005c04   0x08005c04   0x00000030   Code   RO         4072    x$fpl$fflt          fz_ws.l(fflt_clz.o)
    0x08005c34   0x08005c34   0x00000026   Code   RO         4071    x$fpl$ffltu         fz_ws.l(fflt_clz.o)
    0x08005c5a   0x08005c5a   0x00000002   PAD
    0x08005c5c   0x08005c5c   0x00000068   Code   RO         4077    x$fpl$fleqf         fz_ws.l(fleqf.o)
    0x08005cc4   0x08005cc4   0x00000102   Code   RO         4079    x$fpl$fmul          fz_ws.l(fmul.o)
    0x08005dc6   0x08005dc6   0x0000008c   Code   RO         4196    x$fpl$fnaninf       fz_ws.l(fnaninf.o)
    0x08005e52   0x08005e52   0x0000000a   Code   RO         4198    x$fpl$fretinf       fz_ws.l(fretinf.o)
    0x08005e5c   0x08005e5c   0x00000062   Code   RO         4081    x$fpl$frleqf        fz_ws.l(frleqf.o)
    0x08005ebe   0x08005ebe   0x00000014   Code   RO         4054    x$fpl$frsb          fz_ws.l(faddsub_clz.o)
    0x08005ed2   0x08005ed2   0x00000002   PAD
    0x08005ed4   0x08005ed4   0x000000ea   Code   RO         4055    x$fpl$fsub          fz_ws.l(faddsub_clz.o)
    0x08005fbe   0x08005fbe   0x00000064   Code   RO         4264    x$fpl$retnan        fz_ws.l(retnan.o)
    0x08006022   0x08006022   0x0000005c   Code   RO         4083    x$fpl$scalbn        fz_ws.l(scalbn.o)
    0x0800607e   0x0800607e   0x0000004c   Code   RO         4085    x$fpl$scalbnf       fz_ws.l(scalbnf.o)
    0x080060ca   0x080060ca   0x00000030   Code   RO         4291    x$fpl$trapveneer    fz_ws.l(trapv.o)
    0x080060fa   0x080060fa   0x00000000   Code   RO         4200    x$fpl$usenofp       fz_ws.l(usenofp.o)
    0x080060fa   0x080060fa   0x00000010   Data   RO         3643    .constdata          system_stm32f1xx.o
    0x0800610a   0x0800610a   0x00000008   Data   RO         3644    .constdata          system_stm32f1xx.o
    0x08006112   0x08006112   0x00000006   PAD
    0x08006118   0x08006118   0x00000038   Data   RO         4089    .constdata          m_ws.l(log.o)
    0x08006150   0x08006150   0x00000008   Data   RO         4217    .constdata          m_ws.l(qnan.o)
    0x08006158   0x08006158   0x00000020   Data   RO         4351    Region$$Table       anon$$obj.o


    Execution Region RW_IRAM1 (Exec base: 0x20000000, Load base: 0x08006178, Size: 0x00000a88, Max: 0x00010000, ABSOLUTE)

    Exec Addr    Load Addr    Size         Type   Attr      Idx    E Section Name        Object

    0x20000000   0x08006178   0x00000020   Data   RW           17    .data               main.o
    0x20000020   0x08006198   0x0000000c   Data   RW          929    .data               stm32f1xx_hal.o
    0x2000002c   0x080061a4   0x00000004   Data   RW         3645    .data               system_stm32f1xx.o
    0x20000030   0x080061a8   0x00000008   Data   RW         3683    .data               aht10.o
    0x20000038   0x080061b0   0x0000000c   Data   RW         3722    .data               dewsensor.o
    0x20000044   0x080061bc   0x00000002   Data   RW         3777    .data               waterpump.o
    0x20000046   0x080061be   0x00000002   PAD
    0x20000048   0x080061c0   0x00000010   Data   RW         3839    .data               serialdebug.o
    0x20000058        -       0x000000b8   Zero   RW           16    .bss                main.o
    0x20000110        -       0x00000030   Zero   RW          237    .bss                adc.o
    0x20000140        -       0x000000a8   Zero   RW          304    .bss                i2c.o
    0x200001e8        -       0x00000090   Zero   RW          355    .bss                tim.o
    0x20000278        -       0x000000cc   Zero   RW          417    .bss                usart.o
    0x20000344        -       0x000000c8   Zero   RW         3838    .bss                serialdebug.o
    0x2000040c        -       0x00000018   Zero   RW         3919    .bss                flowsensor.o
    0x20000424        -       0x00000060   Zero   RW         4221    .bss                c_w.l(libspace.o)
    0x20000484   0x080061d0   0x00000004   PAD
    0x20000488        -       0x00000200   Zero   RW            2    HEAP                startup_stm32f103xe.o
    0x20000688        -       0x00000400   Zero   RW            1    STACK               startup_stm32f103xe.o


==============================================================================

Image component sizes


      Code (inc. data)   RO Data    RW Data    ZI Data      Debug   Object Name

       168         20          0          0         48       1621   adc.o
       316         38          0          8          0       2525   aht10.o
       248         54          0         12          0       1181   dewsensor.o
        60          4          0          0          0        754   dma.o
       108          6          0          0          0       1508   filter.o
        96         20          0          0         24       1923   flowsensor.o
        44          6          0          0          0        771   gpio.o
       308         44          0          0        168       2254   i2c.o
       342         28          0         32        184     520757   main.o
       206          0          0          0          0       1827   pid.o
       662         34          0         16        200       4361   serialdebug.o
        64         26        304          0       1536        804   startup_stm32f103xe.o
       164         28          0         12          0       6465   stm32f1xx_hal.o
      1264         58          0          0          0       6536   stm32f1xx_hal_adc.o
       216          6          0          0          0       1418   stm32f1xx_hal_adc_ex.o
       198         14          0          0          0      28907   stm32f1xx_hal_cortex.o
      1242         52          0          0          0       5629   stm32f1xx_hal_dma.o
       504         42          0          0          0       2264   stm32f1xx_hal_gpio.o
      5146         86          0          0          0      29164   stm32f1xx_hal_i2c.o
        60          8          0          0          0        858   stm32f1xx_hal_msp.o
      1272        100          0          0          0       5156   stm32f1xx_hal_rcc.o
       448         44          0          0          0       2549   stm32f1xx_hal_rcc_ex.o
      2716        136          0          0          0      20885   stm32f1xx_hal_tim.o
       128         20          0          0          0       2345   stm32f1xx_hal_tim_ex.o
      1348         24          0          0          0      11634   stm32f1xx_hal_uart.o
        92         36          0          0          0       6416   stm32f1xx_it.o
         2          0         24          4          0       1095   system_stm32f1xx.o
       764         62          0          0        144       4306   tim.o
       276         30          0          0        204       1856   usart.o
        88         16          0          2          0       1311   waterpump.o

    ----------------------------------------------------------------------
     18602       1042        366         88       2508     679080   Object Totals
         0          0         32          0          0          0   (incl. Generated)
        52          0          6          2          0          0   (incl. Padding)

    ----------------------------------------------------------------------

      Code (inc. data)   RO Data    RW Data    ZI Data      Debug   Library Member Name

         8          0          0          0          0         68   __main.o
         0          0          0          0          0          0   __rtentry.o
        12          0          0          0          0          0   __rtentry2.o
         6          0          0          0          0          0   __rtentry4.o
        52          8          0          0          0          0   __scatter.o
        26          0          0          0          0          0   __scatter_copy.o
        28          0          0          0          0          0   __scatter_zi.o
        22          0          0          0          0        100   _rserrno.o
        18          0          0          0          0         80   exit.o
         6          0          0          0          0        152   heapauxi.o
         0          0          0          0          0          0   indicate_semi.o
         2          0          0          0          0          0   libinit.o
         2          0          0          0          0          0   libinit2.o
         2          0          0          0          0          0   libshutdown.o
         2          0          0          0          0          0   libshutdown2.o
         8          4          0          0         96         68   libspace.o
         8          4          0          0          0         68   rt_errno_addr_intlibspace.o
        78          0          0          0          0         80   rt_memclr_w.o
         2          0          0          0          0          0   rtexit.o
        10          0          0          0          0          0   rtexit2.o
        12          4          0          0          0         68   sys_exit.o
        74          0          0          0          0         80   sys_stackheap_outer.o
         2          0          0          0          0         68   use_no_semi.o
        98          4          0          0          0         92   d2f.o
       826         16          0          0          0        348   daddsub_clz.o
        16          4          0          0          0         68   dcheck1.o
        24          0          0          0          0         68   dcmpi.o
       688        140          0          0          0        208   ddiv.o
       120          4          0          0          0         92   deqf.o
        84          0          0          0          0        136   dflt_clz.o
       340         12          0          0          0        104   dmul.o
       156          4          0          0          0         92   dnaninf.o
        12          0          0          0          0         68   dretinf.o
        86          4          0          0          0         84   f2d.o
       450          8          0          0          0        236   faddsub_clz.o
        12          4          0          0          0         68   fcheck1.o
        24          0          0          0          0         68   fcmpi.o
       388         76          0          0          0         96   fdiv.o
        54          4          0          0          0         84   ffix.o
        62          4          0          0          0         84   ffixu.o
        86          0          0          0          0        136   fflt_clz.o
       104          4          0          0          0         84   fleqf.o
       258          4          0          0          0         84   fmul.o
       140          4          0          0          0         84   fnaninf.o
        10          0          0          0          0         68   fretinf.o
        98          0          0          0          0         68   frleqf.o
       100          0          0          0          0         68   retnan.o
        92          0          0          0          0         68   scalbn.o
        76          0          0          0          0         68   scalbnf.o
        48          0          0          0          0         68   trapv.o
         0          0          0          0          0          0   usenofp.o
        34          4          0          0          0        204   dunder.o
       860         52         56          0          0        256   log.o
       170          0          0          0          0         96   poly.o
         0          0          8          0          0          0   qnan.o

    ----------------------------------------------------------------------
      5920        372         64          0        100       4180   Library Totals
        24          0          0          0          4          0   (incl. Padding)

    ----------------------------------------------------------------------

      Code (inc. data)   RO Data    RW Data    ZI Data      Debug   Library Name

       380         20          0          0         96        832   c_w.l
      4452        296          0          0          0       2792   fz_ws.l
      1064         56         64          0          0        556   m_ws.l

    ----------------------------------------------------------------------
      5920        372         64          0        100       4180   Library Totals

    ----------------------------------------------------------------------

==============================================================================


      Code (inc. data)   RO Data    RW Data    ZI Data      Debug   

     24522       1414        430         88       2608     672544   Grand Totals
     24522       1414        430         88       2608     672544   ELF Image Totals
     24522       1414        430         88          0          0   ROM Totals

==============================================================================

    Total RO  Size (Code + RO Data)                24952 (  24.37kB)
    Total RW  Size (RW Data + ZI Data)              2696 (   2.63kB)
    Total ROM Size (Code + RO Data + RW Data)      25040 (  24.45kB)

==============================================================================

